******************************************************************************
                  TI ARM Linker Unix v18.1.1                   
******************************************************************************
>> Linked Sat Jul 14 07:07:59 2018

OUTPUT FILE NAME:   <projectx_alpha.out>
ENTRY POINT SYMBOL: "_c_int00"  address: 000042c1


MEMORY CONFIGURATION

         name            origin    length      used     unused   attr    fill
----------------------  --------  ---------  --------  --------  ----  --------
  FLASH                 00000000   00040000  00007d75  0003828b  R  X
  SRAM                  20000000   00008000  00002c92  0000536e  RW X


SEGMENT ALLOCATION MAP

run origin  load origin   length   init length attrs members
----------  ----------- ---------- ----------- ----- -------
00000000    00000000    00007d80   00007d80    r-x
  00000000    00000000    0000003c   0000003c    r-- .resetVecs
  00000040    00000040    00005ae2   00005ae2    r-x .text
  00005b24    00005b24    0000203f   0000203f    r-- .const
  00007b68    00007b68    00000218   00000218    r-- .cinit
20000360    20000360    00002938   00000000    rw-
  20000360    20000360    00002088   00000000    rw- .bss
  200023e8    200023e8    000004aa   00000000    rw- .data
  20002898    20002898    00000400   00000000    rw- .stack


SECTION ALLOCATION MAP

 output                                  attributes/
section   page    origin      length       input sections
--------  ----  ----------  ----------   ----------------
.text      0    00000040    00005ae2     
                  00000040    00000430     sysbios.aem4f : BIOS.obj (.text:ti_sysbios_family_arm_m3_Hwi_excDumpRegs__I)
                  00000470    00000354     ti.targets.arm.rtsarm.aem4f : System.oem4f (.text:xdc_runtime_System_doPrint__I)
                  000007c4    00000004     rtsv7M4_T_le_v4SPD16_eabi.lib : exit.c.obj (.text:abort:abort)
                  000007c8    000002fc     sysbios.aem4f : BIOS.obj (.text:ti_sysbios_knl_Semaphore_pend__E)
                  00000ac4    00000004     app_pem4f.oem4f (.text:ti_sysbios_BIOS_RtsGateProxy_enter__E)
                  00000ac8    0000023c     sysbios.aem4f : BIOS.obj (.text:ti_sysbios_heaps_HeapMem_freeUnprotected__E)
                  00000d04    00000004     app_pem4f.oem4f (.text:ti_sysbios_BIOS_RtsGateProxy_leave__E)
                  00000d08    00000234     sysbios.aem4f : BIOS.obj (.text:ti_sysbios_knl_Task_Instance_finalize__E)
                  00000f3c    00000004                   : BIOS.obj (.text:ti_sysbios_family_arm_lm4_Timer_masterEnable__I)
                  00000f40    00000200                   : BIOS.obj (.text:ti_sysbios_heaps_HeapMem_allocUnprotected__E)
                  00001140    000001fc                   : BIOS.obj (.text:ti_sysbios_family_arm_m3_Hwi_excHandlerMax__I)
                  0000133c    00000004     app_pem4f.oem4f (.text:ti_sysbios_family_arm_m3_TaskSupport_Module__startupDone__S)
                  00001340    000001f8     sysbios.aem4f : BIOS.obj (.text:ti_sysbios_knl_Task_sleep__E)
                  00001538    000001c8                   : BIOS.obj (.text:ti_sysbios_knl_Task_Instance_init__E)
                  00001700    000001a0                   : BIOS.obj (.text:ti_sysbios_family_arm_m3_Hwi_excUsageFault__I)
                  000018a0    00000178                   : BIOS.obj (.text:ti_sysbios_family_arm_lm4_TimestampProvider_get64__E)
                  00001a18    00000174                   : BIOS.obj (.text:ti_sysbios_family_arm_m3_Hwi_excBusFault__I)
                  00001b8c    00000004     app_pem4f.oem4f (.text:ti_sysbios_heaps_HeapMem_Module_GateProxy_enter__E)
                  00001b90    00000148     sysbios.aem4f : BIOS.obj (.text:ti_sysbios_family_arm_m3_Hwi_excMemFault__I)
                  00001cd8    00000144                   : BIOS.obj (.text:ti_sysbios_knl_Clock_workFunc__E)
                  00001e1c    00000004     app_pem4f.oem4f (.text:ti_sysbios_heaps_HeapMem_Module_GateProxy_leave__E)
                  00001e20    00000140     sysbios.aem4f : BIOS.obj (.text:ti_sysbios_family_arm_m3_Hwi_dispatchC__I)
                  00001f60    0000013c                   : BIOS.obj (.text:ti_sysbios_heaps_HeapMem_Instance_init__E)
                  0000209c    00000004     app_pem4f.oem4f (.text:ti_sysbios_knl_Clock_TimerProxy_getMaxTicks__E)
                  000020a0    0000013c     sysbios.aem4f : BIOS.obj (.text:ti_sysbios_knl_Semaphore_post__E)
                  000021dc    00000138     ti.targets.arm.rtsarm.aem4f : LoggerBuf.oem4f (.text:xdc_runtime_LoggerBuf_write8__E)
                  00002314    00000130                                 : Error.oem4f (.text:xdc_runtime_Error_policyDefault__E)
                  00002444    00000004     app_pem4f.oem4f (.text:ti_sysbios_knl_Clock_TimerProxy_getPeriod__E)
                  00002448    00000120     sysbios.aem4f : BIOS.obj (.text:ti_sysbios_knl_Swi_run__I)
                  00002568    0000010c                   : BIOS.obj (.text:ti_sysbios_family_arm_lm4_Timer_start__E)
                  00002674    00000100     Boot.aem4f : Boot_sysctl.oem4f (.text:ti_catalog_arm_cortexm4_tiva_ce_Boot_sysCtlClockSetI__I)
                  00002774    000000f8     ti.targets.arm.rtsarm.aem4f : Startup.oem4f (.text:xdc_runtime_Startup_startMods__I)
                  0000286c    000000f8     app_pem4f.oem4f (.text:xdc_runtime_System_printfExtend__I)
                  00002964    000000f4     sysbios.aem4f : m3_Hwi_asm.obj (.text:ti_sysbios_family_arm_m3_Hwi_dispatch__I)
                  00002a58    000000e8                   : BIOS.obj (.text:ti_sysbios_family_arm_m3_TaskSupport_start__E)
                  00002b40    000000e8     ti.targets.arm.rtsarm.aem4f : Core-mem.oem4f (.text:xdc_runtime_Core_createObject__I)
                  00002c28    000000d4                                 : LoggerBuf.oem4f (.text:xdc_runtime_LoggerBuf_write4__E)
                  00002cfc    00000004                                 : Error.oem4f (.text:xdc_runtime_Error_getSite__E)
                  00002d00    000000d0     sysbios.aem4f : BIOS.obj (.text:ti_sysbios_knl_Task_schedule__I)
                  00002dd0    000000cc     ti.targets.arm.rtsarm.aem4f : Core-smem.oem4f (.text:xdc_runtime_Core_constructObject__I)
                  00002e9c    00000004     app_pem4f.oem4f (.text:xdc_runtime_LoggerBuf_Module_GateProxy_enter__E)
                  00002ea0    000000bc     sysbios.aem4f : BIOS.obj (.text:ti_sysbios_family_arm_m3_Hwi_excDebugMon__I)
                  00002f5c    00000004     app_pem4f.oem4f (.text:xdc_runtime_LoggerBuf_Module_GateProxy_leave__E)
                  00002f60    000000bc     sysbios.aem4f : BIOS.obj (.text:ti_sysbios_family_arm_m3_Hwi_excHardFault__I)
                  0000301c    00000004     app_pem4f.oem4f (.text:xdc_runtime_System_Module_GateProxy_enter__E)
                  00003020    000000bc     sysbios.aem4f : BIOS.obj (.text:ti_sysbios_knl_Task_startCore__E)
                  000030dc    00000004     app_pem4f.oem4f (.text:xdc_runtime_System_Module_GateProxy_leave__E)
                  000030e0    000000b4     sysbios.aem4f : BIOS.obj (.text:ti_sysbios_gates_GateMutex_enter__E)
                  00003194    00000004     ti.targets.arm.rtsarm.aem4f : System.oem4f (.text:xdc_runtime_System_aprintf_va__F)
                  00003198    000000b4     sysbios.aem4f : BIOS.obj (.text:ti_sysbios_knl_Task_checkStacks__E)
                  0000324c    00000004     ti.targets.arm.rtsarm.aem4f : System.oem4f (.text:xdc_runtime_System_printf_va__F)
                  00003250    000000b0     sysbios.aem4f : BIOS.obj (.text:ti_sysbios_family_arm_lm4_Timer_enableTiva__I)
                  00003300    000000ac                   : BIOS.obj (.text:ti_sysbios_knl_Swi_post__E)
                  000033ac    00000002     rtsv7M4_T_le_v4SPD16_eabi.lib : _lock.c.obj (.text:_nop)
                  000033ae    00000002                                   : div0.asm.obj (.text)
                  000033b0    000000a8     sysbios.aem4f : BIOS.obj (.text:ti_sysbios_family_arm_lm4_Timer_enableTimers__I)
                  00003458    000000a8                   : BIOS.obj (.text:ti_sysbios_knl_Task_blockI__E)
                  00003500    000000a0     auto_init.aem4f : auto_init.oem4f (.text)
                  000035a0    0000009c     rtsv7M4_T_le_v4SPD16_eabi.lib : memcpy_t2.asm.obj (.text)
                  0000363c    00000002     app_pem4f.oem4f (.text:ti_sysbios_BIOS_nullFunc__I)
                  0000363e    00000002     app_pem4f.oem4f (.text:xdc_runtime_Startup_reset__I)
                  00003640    0000009c     sysbios.aem4f : BIOS.obj (.text:ti_sysbios_knl_Semaphore_Instance_init__E)
                  000036dc    00000004     --HOLE-- [fill = 0]
                  000036e0    0000009c                   : BIOS.obj (.text:ti_sysbios_knl_Task_postInit__I)
                  0000377c    0000009c     ti.targets.arm.rtsarm.aem4f : LoggerBuf.oem4f (.text:xdc_runtime_LoggerBuf_setFilterLevel__E)
                  00003818    0000009a                                 : Text.oem4f (.text:xdc_runtime_Text_putSite__E)
                  000038b2    00000002     --HOLE-- [fill = 0]
                  000038b4    00000098     Boot.aem4f : Boot.oem4f (.text:ti_catalog_arm_cortexm4_tiva_ce_Boot_sysCtlClockSet__E)
                  0000394c    00000004     --HOLE-- [fill = 0]
                  00003950    00000098     sysbios.aem4f : BIOS.obj (.text:ti_sysbios_knl_Task_exit__E)
                  000039e8    00000098     ti.targets.arm.rtsarm.aem4f : Text.oem4f (.text:xdc_runtime_Text_putMod__E)
                  00003a80    00000094     sysbios.aem4f : BIOS.obj (.text:ti_sysbios_family_arm_m3_Hwi_initNVIC__E)
                  00003b14    00000004     --HOLE-- [fill = 0]
                  00003b18    00000094                   : BIOS.obj (.text:ti_sysbios_knl_Task_unblockI__E)
                  00003bac    00000004     --HOLE-- [fill = 0]
                  00003bb0    00000084                   : BIOS.obj (.text:ti_sysbios_family_arm_m3_Hwi_postInit__I)
                  00003c34    0000007a     rtsv7M4_T_le_v4SPD16_eabi.lib : memset_t2.asm.obj (.text)
                  00003cae    00000002     --HOLE-- [fill = 0]
                  00003cb0    00000074     ti.targets.arm.rtsarm.aem4f : LoggerBuf.oem4f (.text:xdc_runtime_LoggerBuf_getFilterLevel__E)
                  00003d24    00000070                                 : Error.oem4f (.text:xdc_runtime_Error_print__E)
                  00003d94    0000006d                                 : System.oem4f (.text:xdc_runtime_System_formatNum__I)
                  00003e01    00000001     --HOLE-- [fill = 0]
                  00003e02    00000006     Boot.aem4f : Boot_sysctl.oem4f (.text:ti_catalog_arm_cortexm4_tiva_ce_Boot_sysCtlDelayI__I)
                  00003e08    0000006c     sysbios.aem4f : BIOS.obj (.text:ti_sysbios_knl_Swi_restoreHwi__E)
                  00003e74    0000006c     ti.targets.arm.rtsarm.aem4f : Memory.oem4f (.text:xdc_runtime_Memory_alloc__E)
                  00003ee0    00000068     rtsv7M4_T_le_v4SPD16_eabi.lib : copy_decompress_lzss.c.obj (.text:decompress:lzss:__TI_decompress_lzss)
                  00003f48    00000068     main.obj (.text:main)
                  00003fb0    00000068     test.obj (.text:test_variables)
                  00004018    00000066     ti.targets.arm.rtsarm.aem4f : Core-mem.oem4f (.text:xdc_runtime_Core_deleteObject__I)
                  0000407e    00000002     --HOLE-- [fill = 0]
                  00004080    00000064     sysbios.aem4f : BIOS.obj (.text:ti_sysbios_family_arm_lm4_Timer_Module_startup__E)
                  000040e4    00000004     --HOLE-- [fill = 0]
                  000040e8    00000064                   : BIOS.obj (.text:ti_sysbios_knl_Clock_logTick__E)
                  0000414c    00000004     --HOLE-- [fill = 0]
                  00004150    0000005c                   : BIOS.obj (.text:ti_sysbios_knl_Swi_schedule__I)
                  000041ac    00000004     --HOLE-- [fill = 0]
                  000041b0    0000005c                   : BIOS.obj (.text:ti_sysbios_knl_Task_Module_startup__E)
                  0000420c    0000005b     ti.targets.arm.rtsarm.aem4f : Text.oem4f (.text:xdc_runtime_Text_putLab__E)
                  00004267    00000001     --HOLE-- [fill = 0]
                  00004268    00000058     rtsv7M4_T_le_v4SPD16_eabi.lib : hostwrite.c.obj (.text:HOSTwrite)
                  000042c0    00000058     boot.aem4f : boot.oem4f (.text)
                  00004318    00000058     sysbios.aem4f : m3_Hwi_asm_switch.obj (.text:ti_sysbios_family_arm_m3_Hwi_initStacks__E)
                  00004370    00000058                   : BIOS.obj (.text:ti_sysbios_heaps_HeapMem_alloc__E)
                  000043c8    00000054     ti.targets.arm.rtsarm.aem4f : Assert.oem4f (.text:xdc_runtime_Assert_raise__I)
                  0000441c    00000004     --HOLE-- [fill = 0]
                  00004420    00000050     sysbios.aem4f : BIOS.obj (.text:ti_sysbios_family_arm_m3_Hwi_Module_startup__E)
                  00004470    00000050     app_pem4f.oem4f (.text:ti_sysbios_knl_Task_create)
                  000044c0    00000050     ti.targets.arm.rtsarm.aem4f : Startup.oem4f (.text:xdc_runtime_Startup_exec__E)
                  00004510    00000050                                 : Text.oem4f (.text:xdc_runtime_Text_visitRope2__I)
                  00004560    0000004c     rtsv7M4_T_le_v4SPD16_eabi.lib : cpy_tbl.c.obj (.text:copy_in)
                  000045ac    00000004     --HOLE-- [fill = 0]
                  000045b0    0000004c     sysbios.aem4f : BIOS.obj (.text:ti_sysbios_heaps_HeapMem_getStats__E)
                  000045fc    00000004     --HOLE-- [fill = 0]
                  00004600    0000004c                   : BIOS.obj (.text:ti_sysbios_knl_Swi_runLoop__I)
                  0000464c    00000004     --HOLE-- [fill = 0]
                  00004650    0000004c                   : BIOS.obj (.text:ti_sysbios_knl_Task_allBlockedFunction__I)
                  0000469c    00000004     --HOLE-- [fill = 0]
                  000046a0    00000048                   : BIOS.obj (.text:ti_sysbios_family_arm_m3_Hwi_disableInterrupt__E)
                  000046e8    00000048                   : BIOS.obj (.text:ti_sysbios_family_arm_m3_Hwi_enableInterrupt__E)
                  00004730    00000048                   : BIOS.obj (.text:ti_sysbios_family_arm_m3_Hwi_excReserved__I)
                  00004778    00000048     app_pem4f.oem4f (.text:xdc_runtime_LoggerBuf_Object__create__S)
                  000047c0    00000046     ti.targets.arm.rtsarm.aem4f : Core-params.oem4f (.text:xdc_runtime_Core_assignParams__I)
                  00004806    00000002     --HOLE-- [fill = 0]
                  00004808    00000044     main.obj (.text:taskFxn)
                  0000484c    00000004     --HOLE-- [fill = 0]
                  00004850    00000044     sysbios.aem4f : BIOS.obj (.text:ti_sysbios_family_arm_lm4_Timer_isrStub__E)
                  00004894    00000004     --HOLE-- [fill = 0]
                  00004898    00000044                   : BIOS.obj (.text:ti_sysbios_family_arm_m3_Hwi_getStackInfo__E)
                  000048dc    00000044     ti.targets.arm.rtsarm.aem4f : Error.oem4f (.text:xdc_runtime_Error_setX__E)
                  00004920    00000044                                 : LoggerBuf.oem4f (.text:xdc_runtime_LoggerBuf_filterOutEvent__I)
                  00004964    00000044                                 : SysMin.oem4f (.text:xdc_runtime_SysMin_flush__E)
                  000049a8    00000044                                 : Text.oem4f (.text:xdc_runtime_Text_xprintf__I)
                  000049ec    00000042     apiconfig.obj (.text:scalevoltage)
                  00004a2e    00000040     rtsv7M4_T_le_v4SPD16_eabi.lib : u_divt2.asm.obj (.text)
                  00004a6e    00000002     --HOLE-- [fill = 0]
                  00004a70    00000040     sysbios.aem4f : BIOS.obj (.text:ti_sysbios_family_arm_lm4_Timer_startup__E)
                  00004ab0    0000003c                   : BIOS.obj (.text:ti_sysbios_family_arm_m3_Hwi_excSvCall__I)
                  00004aec    00000004     --HOLE-- [fill = 0]
                  00004af0    0000003c                   : BIOS.obj (.text:ti_sysbios_heaps_HeapMem_init__I)
                  00004b2c    00000004     --HOLE-- [fill = 0]
                  00004b30    0000003c                   : BIOS.obj (.text:ti_sysbios_knl_Swi_restore__E)
                  00004b6c    0000003a     test.obj (.text:test_api)
                  00004ba6    0000003a     ti.targets.arm.rtsarm.aem4f : LoggerBuf.oem4f (.text:xdc_runtime_LoggerBuf_Instance_init__E)
                  00004be0    00000038     rtsv7M4_T_le_v4SPD16_eabi.lib : trgmsg.c.obj (.text:__TI_writemsg)
                  00004c18    00000038     sysbios.aem4f : BIOS.obj (.text:ti_sysbios_family_arm_m3_Hwi_excNoIsr__I)
                  00004c50    00000038                   : BIOS.obj (.text:ti_sysbios_knl_Task_processVitalTaskFlag__I)
                  00004c88    00000038     ti.targets.arm.rtsarm.aem4f : SysMin.oem4f (.text:xdc_runtime_SysMin_putch__E)
                  00004cc0    00000038                                 : System.oem4f (.text:xdc_runtime_System_atexit__E)
                  00004cf8    00000034     rtsv7M4_T_le_v4SPD16_eabi.lib : trgmsg.c.obj (.text:__TI_readmsg)
                  00004d2c    00000004     --HOLE-- [fill = 0]
                  00004d30    00000034     sysbios.aem4f : BIOS.obj (.text:ti_sysbios_family_arm_m3_Hwi_excNmi__I)
                  00004d64    00000004     --HOLE-- [fill = 0]
                  00004d68    00000034                   : BIOS.obj (.text:ti_sysbios_hal_Hwi_checkStack)
                  00004d9c    00000034     ti.targets.arm.rtsarm.aem4f : Core-label.oem4f (.text:xdc_runtime_Core_assignLabel__I)
                  00004dd0    00000033                                 : Text.oem4f (.text:xdc_runtime_Text_printVisFxn__I)
                  00004e03    00000005     --HOLE-- [fill = 0]
                  00004e08    00000032     sysbios.aem4f : BIOS.obj (.text:ti_sysbios_hal_Hwi_initStack)
                  00004e3a    00000006     ti.targets.arm.rtsarm.aem4f : System.oem4f (.text:xdc_runtime_System_Module_startup__E)
                  00004e40    00000032     sysbios.aem4f : BIOS.obj (.text:ti_sysbios_knl_Semaphore_pendTimeout__I)
                  00004e72    00000002     --HOLE-- [fill = 0]
                  00004e74    00000030     app_pem4f.oem4f (.text:ti_sysbios_BIOS_atExitFunc__I)
                  00004ea4    00000030     app_pem4f.oem4f (.text:ti_sysbios_BIOS_startFunc__I)
                  00004ed4    00000004     --HOLE-- [fill = 0]
                  00004ed8    00000030     sysbios.aem4f : BIOS.obj (.text:ti_sysbios_family_arm_lm4_Timer_stop__E)
                  00004f08    00000030     app_pem4f.oem4f (.text:ti_sysbios_gates_GateHwi_Object__create__S)
                  00004f38    00000030     app_pem4f.oem4f (.text:ti_sysbios_gates_GateMutex_Object__create__S)
                  00004f68    00000030     app_pem4f.oem4f (.text:ti_sysbios_heaps_HeapMem_Object__create__S)
                  00004f98    00000030     sysbios.aem4f : BIOS.obj (.text:ti_sysbios_heaps_HeapMem_free__E)
                  00004fc8    00000030     app_pem4f.oem4f (.text:ti_sysbios_knl_Semaphore_construct)
                  00004ff8    00000030     sysbios.aem4f : BIOS.obj (.text:ti_sysbios_knl_Task_restore__E)
                  00005028    00000030     ti.targets.arm.rtsarm.aem4f : SysMin.oem4f (.text:xdc_runtime_SysMin_abort__E)
                  00005058    00000030                                 : System.oem4f (.text:xdc_runtime_System_processAtExit__E)
                  00005088    0000002c     app_pem4f.oem4f (.text:ti_sysbios_knl_Clock_doTick__I)
                  000050b4    0000002c     app_pem4f.oem4f (.text:ti_sysbios_knl_Queue_construct)
                  000050e0    0000002c     ti.targets.arm.rtsarm.aem4f : Text.oem4f (.text:xdc_runtime_Text_cordText__E)
                  0000510c    0000002a                                 : System.oem4f (.text:xdc_runtime_System_putchar__I)
                  00005136    00000002     --HOLE-- [fill = 0]
                  00005138    00000028     sysbios.aem4f : BIOS.obj (.text:ti_sysbios_knl_Swi_Module_startup__E)
                  00005160    00000028     ti.targets.arm.rtsarm.aem4f : LoggerBuf.oem4f (.text:xdc_runtime_LoggerBuf_Module_startup__E)
                  00005188    00000026     sysbios.aem4f : m3_Hwi_asm.obj (.text:ti_sysbios_family_arm_m3_Hwi_pendSV__I)
                  000051ae    00000026     ti.targets.arm.rtsarm.aem4f : System.oem4f (.text:xdc_runtime_System_avprintf__E)
                  000051d4    00000024     app_pem4f.oem4f (.text:ti_sysbios_BIOS_errorRaiseHook__I)
                  000051f8    00000024     app_pem4f.oem4f (.text:ti_sysbios_BIOS_registerRTSLock__I)
                  0000521c    00000024     app_pem4f.oem4f (.text:ti_sysbios_BIOS_removeRTSLock__I)
                  00005240    00000024     app_pem4f.oem4f (.text:ti_sysbios_gates_GateMutex_Object__delete__S)
                  00005264    00000004     --HOLE-- [fill = 0]
                  00005268    00000024     sysbios.aem4f : BIOS.obj (.text:ti_sysbios_knl_Clock_Module_startup__E)
                  0000528c    00000004     --HOLE-- [fill = 0]
                  00005290    00000024                   : BIOS.obj (.text:ti_sysbios_knl_Task_restoreHwi__E)
                  000052b4    00000024     ti.targets.arm.rtsarm.aem4f : System.oem4f (.text:xdc_runtime_System_vprintf__E)
                  000052d8    00000022     sysbios.aem4f : BIOS.obj (.text:ti_sysbios_family_arm_lm4_Timer_write__I)
                  000052fa    00000022     app_pem4f.oem4f (.text:xdc_runtime_SysMin_output__I)
                  0000531c    00000020     app_pem4f.oem4f (.text:ti_sysbios_BIOS_rtsLock__I)
                  0000533c    00000020     sysbios.aem4f : m3_Hwi_asm.obj (.text:ti_sysbios_family_arm_m3_Hwi_excHandlerAsm__I)
                  0000535c    00000004     --HOLE-- [fill = 0]
                  00005360    00000020                   : BIOS.obj (.text:ti_sysbios_family_arm_m3_Hwi_excHandler__I)
                  00005380    00000020     app_pem4f.oem4f (.text:ti_sysbios_gates_GateHwi_Object__delete__S)
                  000053a0    00000020     app_pem4f.oem4f (.text:ti_sysbios_heaps_HeapMem_Object__delete__S)
                  000053c0    00000020     sysbios.aem4f : BIOS.obj (.text:ti_sysbios_knl_Idle_run__E)
                  000053e0    00000020     app_pem4f.oem4f (.text:ti_sysbios_knl_Semaphore_destruct)
                  00005400    00000020     app_pem4f.oem4f (.text:xdc_runtime_LoggerBuf_Object__delete__S)
                  00005420    00000020     ti.targets.arm.rtsarm.aem4f : LoggerBuf.oem4f (.text:xdc_runtime_LoggerBuf_reset__E)
                  00005440    00000020                                 : Registry.oem4f (.text:xdc_runtime_Registry_findById__E)
                  00005460    00000020                                 : SysMin.oem4f (.text:xdc_runtime_SysMin_Module_startup__E)
                  00005480    0000001e     sysbios.aem4f : m3_Hwi_asm_switch.obj (.text:ti_sysbios_family_xxx_Hwi_switchAndRunFunc)
                  0000549e    0000001c     apiconfig.obj (.text:setbits)
                  000054ba    00000006     --HOLE-- [fill = 0]
                  000054c0    0000001c     sysbios.aem4f : BIOS.obj (.text:ti_sysbios_gates_GateMutex_Instance_init__E)
                  000054dc    0000001c     app_pem4f.oem4f (.text:ti_sysbios_knl_Queue_destruct)
                  000054f8    0000001c     sysbios.aem4f : BIOS.obj (.text:ti_sysbios_knl_Queue_put__E)
                  00005514    00000004     --HOLE-- [fill = 0]
                  00005518    0000001c                   : BIOS.obj (.text:ti_sysbios_knl_Task_enter__I)
                  00005534    0000001c     ti.targets.arm.rtsarm.aem4f : Error.oem4f (.text:xdc_runtime_Error_check__E)
                  00005550    0000001c                                 : Error.oem4f (.text:xdc_runtime_Error_raiseX__E)
                  0000556c    0000001c                                 : Memory.oem4f (.text:xdc_runtime_Memory_valloc__E)
                  00005588    0000001c                                 : SysMin.oem4f (.text:xdc_runtime_SysMin_exit__E)
                  000055a4    0000001c                                 : System.oem4f (.text:xdc_runtime_System_abort__E)
                  000055c0    0000001a     app_pem4f.oem4f (.text:ti_sysbios_family_arm_m3_Hwi_Handle__label__S)
                  000055da    0000001a     app_pem4f.oem4f (.text:ti_sysbios_gates_GateHwi_Handle__label__S)
                  000055f4    0000001a     app_pem4f.oem4f (.text:ti_sysbios_gates_GateMutex_Handle__label__S)
                  0000560e    0000001a     app_pem4f.oem4f (.text:ti_sysbios_heaps_HeapMem_Handle__label__S)
                  00005628    0000001a     app_pem4f.oem4f (.text:ti_sysbios_knl_Swi_Handle__label__S)
                  00005642    0000001a     app_pem4f.oem4f (.text:ti_sysbios_knl_Task_Handle__label__S)
                  0000565c    00000004     --HOLE-- [fill = 0]
                  00005660    0000001a     sysbios.aem4f : BIOS.obj (.text:ti_sysbios_knl_Task_sleepTimeout__I)
                  0000567a    0000001a     app_pem4f.oem4f (.text:xdc_runtime_LoggerBuf_Handle__label__S)
                  00005694    0000001a     app_pem4f.oem4f (.text:xdc_runtime_System_aprintf__E)
                  000056ae    0000001a     app_pem4f.oem4f (.text:xdc_runtime_System_printf__E)
                  000056c8    00000018     rtsv7M4_T_le_v4SPD16_eabi.lib : args_main.c.obj (.text:_args_main)
                  000056e0    00000018     app_pem4f.oem4f (.text:ti_sysbios_BIOS_rtsUnlock__I)
                  000056f8    00000018     app_pem4f.oem4f (.text:ti_sysbios_family_arm_lm4_Timer_Module__startupDone__F)
                  00005710    00000018     app_pem4f.oem4f (.text:ti_sysbios_family_arm_m3_Hwi_Module__startupDone__F)
                  00005728    00000018     sysbios.aem4f : m3_TaskSupport_asm.obj (.text:ti_sysbios_family_arm_m3_TaskSupport_swap__E)
                  00005740    00000018                   : BIOS.obj (.text:ti_sysbios_gates_GateMutex_leave__E)
                  00005758    00000018     ti.targets.arm.rtsarm.aem4f : Error.oem4f (.text:xdc_runtime_Error_init__E)
                  00005770    00000018                                 : System.oem4f (.text:xdc_runtime_System_exit__E)
                  00005788    00000018                                 : Text.oem4f (.text:xdc_runtime_Text_ropeText__E)
                  000057a0    00000016     app_pem4f.oem4f (.text:ti_sysbios_BIOS_exitFunc__I)
                  000057b6    00000014     rtsv7M4_T_le_v4SPD16_eabi.lib : strlen.c.obj (.text:strlen)
                  000057ca    00000002     --HOLE-- [fill = 0]
                  000057cc    00000014     app_pem4f.oem4f (.text:ti_sysbios_family_arm_m3_Hwi_Object__get__S)
                  000057e0    00000014     sysbios.aem4f : BIOS.obj (.text:ti_sysbios_family_arm_m3_Hwi_switchFromBootStack__E)
                  000057f4    00000014     app_pem4f.oem4f (.text:ti_sysbios_heaps_HeapMem_Object__get__S)
                  00005808    00000014     app_pem4f.oem4f (.text:ti_sysbios_knl_Swi_Object__get__S)
                  0000581c    00000014     app_pem4f.oem4f (.text:xdc_runtime_LoggerBuf_Object__get__S)
                  00005830    00000012     sysbios.aem4f : BIOS.obj (.text:ti_sysbios_hal_Hwi_Module_startup__E)
                  00005842    00000012     ti.targets.arm.rtsarm.aem4f : LoggerBuf.oem4f (.text:xdc_runtime_LoggerBuf_Instance_finalize__E)
                  00005854    00000012                                 : LoggerBuf.oem4f (.text:xdc_runtime_LoggerBuf_write1__E)
                  00005866    00000012                                 : LoggerBuf.oem4f (.text:xdc_runtime_LoggerBuf_write2__E)
                  00005878    00000012     app_pem4f.oem4f (.text:xdc_runtime_Startup_exec__I)
                  0000588a    00000006     --HOLE-- [fill = 0]
                  00005890    00000010     sysbios.aem4f : BIOS.obj (.text:ti_sysbios_BIOS_exit__E)
                  000058a0    00000010                   : BIOS.obj (.text:ti_sysbios_BIOS_setThreadType__E)
                  000058b0    00000010                   : BIOS.obj (.text:ti_sysbios_BIOS_start__E)
                  000058c0    00000010                   : BIOS.obj (.text:ti_sysbios_family_arm_lm4_TimestampProvider_rolloverFunc__E)
                  000058d0    00000010                   : m3_TaskSupport_asm.obj (.text:ti_sysbios_family_arm_m3_TaskSupport_glue)
                  000058e0    00000010                   : BIOS.obj (.text:ti_sysbios_gates_GateMutex_Instance_finalize__E)
                  000058f0    00000010                   : BIOS.obj (.text:ti_sysbios_knl_Semaphore_Instance_finalize__E)
                  00005900    00000010                   : BIOS.obj (.text:ti_sysbios_knl_Swi_disable__E)
                  00005910    00000010     app_pem4f.oem4f (.text:ti_sysbios_knl_Task_Object__get__S)
                  00005920    00000010     sysbios.aem4f : BIOS.obj (.text:ti_sysbios_knl_Task_disable__E)
                  00005930    00000010     ti.targets.arm.rtsarm.aem4f : Gate.oem4f (.text:xdc_runtime_Gate_leaveSystem__E)
                  00005940    00000010                                 : LoggerBuf.oem4f (.text:xdc_runtime_LoggerBuf_write0__E)
                  00005950    00000010                                 : Memory.oem4f (.text:xdc_runtime_Memory_free__E)
                  00005960    00000010                                 : SysMin.oem4f (.text:xdc_runtime_SysMin_ready__E)
                  00005970    00000010                                 : System.oem4f (.text:xdc_runtime_System_vsnprintf__E)
                  00005980    00000010     app_pem4f.oem4f (.text:xdc_runtime_Text_visitRope__I)
                  00005990    0000000e     rtsv7M4_T_le_v4SPD16_eabi.lib : copy_decompress_none.c.obj (.text:decompress:none:__TI_decompress_none)
                  0000599e    00000002     --HOLE-- [fill = 0]
                  000059a0    0000000e     sysbios.aem4f : BIOS.obj (.text:ti_sysbios_knl_Idle_loop__E)
                  000059ae    00000002     --HOLE-- [fill = 0]
                  000059b0    0000000e                   : BIOS.obj (.text:ti_sysbios_knl_Queue_empty__E)
                  000059be    00000002     --HOLE-- [fill = 0]
                  000059c0    0000000c     app_pem4f.oem4f (.text:.bootCodeSection:ti_catalog_arm_cortexm4_tiva_ce_Boot_init__I)
                  000059cc    0000000c     rtsv7M4_T_le_v4SPD16_eabi.lib : _lock.c.obj (.text:_register_lock)
                  000059d8    0000000c                                   : _lock.c.obj (.text:_register_unlock)
                  000059e4    0000000c                                   : copy_zero_init.c.obj (.text:decompress:ZI:__TI_zero_init)
                  000059f0    0000000c     main.obj (.text:stubtest)
                  000059fc    00000004     --HOLE-- [fill = 0]
                  00005a00    0000000c     sysbios.aem4f : BIOS.obj (.text:ti_sysbios_family_arm_lm4_Timer_getMaxTicks__E)
                  00005a0c    00000004     --HOLE-- [fill = 0]
                  00005a10    0000000c                   : BIOS.obj (.text:ti_sysbios_family_arm_lm4_TimestampProvider_startTimer__E)
                  00005a1c    00000004     --HOLE-- [fill = 0]
                  00005a20    0000000c                   : BIOS.obj (.text:ti_sysbios_family_arm_m3_TaskSupport_checkStack__E)
                  00005a2c    00000004     --HOLE-- [fill = 0]
                  00005a30    0000000c                   : BIOS.obj (.text:ti_sysbios_family_arm_m3_TaskSupport_getStackAlignment__E)
                  00005a3c    00000004     --HOLE-- [fill = 0]
                  00005a40    0000000c                   : BIOS.obj (.text:ti_sysbios_gates_GateHwi_enter__E)
                  00005a4c    0000000c     app_pem4f.oem4f (.text:ti_sysbios_knl_Queue_Object__get__S)
                  00005a58    0000000c     ti.targets.arm.rtsarm.aem4f : Gate.oem4f (.text:xdc_runtime_Gate_enterSystem__E)
                  00005a64    0000000c                                 : Memory.oem4f (.text:xdc_runtime_Memory_calloc__E)
                  00005a70    0000000c                                 : Memory.oem4f (.text:xdc_runtime_Memory_getMaxDefaultTypeAlign__E)
                  00005a7c    0000000c                                 : Startup.oem4f (.text:xdc_runtime_Startup_rtsDone__E)
                  00005a88    0000000a     app_pem4f.oem4f (.text:xdc_runtime_IHeap_alloc)
                  00005a92    0000000a     app_pem4f.oem4f (.text:xdc_runtime_IHeap_free)
                  00005a9c    0000000a     ti.targets.arm.rtsarm.aem4f : LoggerBuf.oem4f (.text:xdc_runtime_LoggerBuf_disable__E)
                  00005aa6    0000000a                                 : LoggerBuf.oem4f (.text:xdc_runtime_LoggerBuf_enable__E)
                  00005ab0    00000008     sysbios.aem4f : BIOS.obj (.text:ti_sysbios_family_arm_lm4_Timer_masterDisable__I)
                  00005ab8    00000008                   : BIOS.obj (.text:ti_sysbios_family_arm_m3_Hwi_doSwiRestore__I)
                  00005ac0    00000008                   : BIOS.obj (.text:ti_sysbios_family_arm_m3_Hwi_startup__E)
                  00005ac8    00000006                   : BIOS.obj (.text:ti_sysbios_family_arm_lm4_TimestampProvider_Module_startup__E)
                  00005ace    00000002     --HOLE-- [fill = 0]
                  00005ad0    00000006                   : BIOS.obj (.text:ti_sysbios_family_arm_m3_Hwi_doTaskRestore__I)
                  00005ad6    00000002     --HOLE-- [fill = 0]
                  00005ad8    00000006                   : BIOS.obj (.text:ti_sysbios_gates_GateHwi_leave__E)
                  00005ade    00000002     --HOLE-- [fill = 0]
                  00005ae0    00000006                   : BIOS.obj (.text:ti_sysbios_heaps_HeapMem_isBlocking__E)
                  00005ae6    00000002     --HOLE-- [fill = 0]
                  00005ae8    00000006                   : BIOS.obj (.text:ti_sysbios_knl_Queue_Instance_init__E)
                  00005aee    00000002     --HOLE-- [fill = 0]
                  00005af0    00000006                   : BIOS.obj (.text:ti_sysbios_knl_Swi_startup__E)
                  00005af6    00000002     --HOLE-- [fill = 0]
                  00005af8    00000004                   : BIOS.obj (.text:ti_sysbios_family_arm_lm4_Timer_getPeriod__E)
                  00005afc    00000004     --HOLE-- [fill = 0]
                  00005b00    00000004                   : BIOS.obj (.text:ti_sysbios_gates_GateHwi_query__E)
                  00005b04    00000004     --HOLE-- [fill = 0]
                  00005b08    00000004                   : BIOS.obj (.text:ti_sysbios_gates_GateMutex_query__E)
                  00005b0c    00000004     --HOLE-- [fill = 0]
                  00005b10    00000004                   : BIOS.obj (.text:ti_sysbios_knl_Task_startup__E)
                  00005b14    00000004     --HOLE-- [fill = 0]
                  00005b18    00000002                   : BIOS.obj (.text:ti_sysbios_BIOS_linkedWithIncorrectBootLibrary__E)
                  00005b1a    00000006     --HOLE-- [fill = 0]
                  00005b20    00000002                   : BIOS.obj (.text:ti_sysbios_gates_GateHwi_Instance_init__E)

.const     0    00005b24    0000203f     
                  00005b24    000019a2     app_pem4f.oem4f (.const:xdc_runtime_Text_charTab__A)
                  000074c6    000000c4     app_pem4f.oem4f (.const:xdc_runtime_Text_nodeTab__A)
                  0000758a    00000002     app_pem4f.oem4f (.const:ti_catalog_arm_cortexm4_tiva_ce_Boot_Module__id__C)
                  0000758c    00000058     app_pem4f.oem4f (.const:.string)
                  000075e4    00000044     app_pem4f.oem4f (.const:ti_sysbios_knl_Task_Object__PARAMS__C)
                  00007628    0000003c     app_pem4f.oem4f (.const:xdc_runtime_LoggerBuf_Module__FXNS__C)
                  00007664    00000028     app_pem4f.oem4f (.const:ti_sysbios_heaps_HeapMem_Module__FXNS__C)
                  0000768c    00000028     app_pem4f.oem4f (.const:xdc_runtime_Startup_sfxnTab__A)
                  000076b4    00000024     app_pem4f.oem4f (.const:ti_sysbios_gates_GateHwi_Module__FXNS__C)
                  000076d8    00000024     app_pem4f.oem4f (.const:ti_sysbios_gates_GateMutex_Module__FXNS__C)
                  000076fc    00000024     app_pem4f.oem4f (.const:ti_sysbios_heaps_HeapMem_Object__PARAMS__C)
                  00007720    00000024     app_pem4f.oem4f (.const:ti_sysbios_knl_Semaphore_Object__PARAMS__C)
                  00007744    00000024     app_pem4f.oem4f (.const:xdc_runtime_LoggerBuf_Object__PARAMS__C)
                  00007768    00000020     app_pem4f.oem4f (.const:ti_sysbios_gates_GateHwi_Object__DESC__C)
                  00007788    00000020     app_pem4f.oem4f (.const:ti_sysbios_gates_GateMutex_Object__DESC__C)
                  000077a8    00000020     app_pem4f.oem4f (.const:ti_sysbios_heaps_HeapMem_Object__DESC__C)
                  000077c8    00000020     app_pem4f.oem4f (.const:ti_sysbios_knl_Queue_Object__DESC__C)
                  000077e8    00000020     app_pem4f.oem4f (.const:ti_sysbios_knl_Semaphore_Object__DESC__C)
                  00007808    00000020     app_pem4f.oem4f (.const:ti_sysbios_knl_Task_Object__DESC__C)
                  00007828    00000020     app_pem4f.oem4f (.const:xdc_runtime_LoggerBuf_Object__DESC__C)
                  00007848    00000018     app_pem4f.oem4f (.const:ti_sysbios_gates_GateHwi_Object__PARAMS__C)
                  00007860    00000018     app_pem4f.oem4f (.const:ti_sysbios_gates_GateMutex_Object__PARAMS__C)
                  00007878    00000018     app_pem4f.oem4f (.const:ti_sysbios_knl_Queue_Object__PARAMS__C)
                  00007890    00000014     app_pem4f.oem4f (.const:xdc_runtime_Startup_firstFxns__A)
                  000078a4    00000014     app_pem4f.oem4f (.const:xdc_runtime_Startup_sfxnRts__A)
                  000078b8    00000008     app_pem4f.oem4f (.const:ti_sysbios_family_arm_m3_Hwi_excHookFuncs__A)
                  000078c0    00000008     app_pem4f.oem4f (.const:ti_sysbios_knl_Idle_funcList__C)
                  000078c8    00000008     app_pem4f.oem4f (.const:xdc_runtime_Startup_firstFxns__C)
                  000078d0    00000008     app_pem4f.oem4f (.const:xdc_runtime_Startup_lastFxns__C)
                  000078d8    00000004     app_pem4f.oem4f (.const:ti_catalog_arm_cortexm4_tiva_ce_Boot_A_mustUseEnhancedClockMode__C)
                  000078dc    00000004     app_pem4f.oem4f (.const:ti_catalog_arm_cortexm4_tiva_ce_Boot_Module__diagsEnabled__C)
                  000078e0    00000004     app_pem4f.oem4f (.const:ti_catalog_arm_cortexm4_tiva_ce_Boot_Module__diagsIncluded__C)
                  000078e4    00000004     app_pem4f.oem4f (.const:ti_catalog_arm_cortexm4_tiva_ce_Boot_Module__diagsMask__C)
                  000078e8    00000004     app_pem4f.oem4f (.const:ti_sysbios_family_arm_lm4_Timer_enableFunc__C)
                  000078ec    00000004     app_pem4f.oem4f (.const:ti_sysbios_family_arm_lm4_Timer_numTimerDevices__C)
                  000078f0    00000004     app_pem4f.oem4f (.const:ti_sysbios_family_arm_lm4_Timer_startupNeeded__C)
                  000078f4    00000004     app_pem4f.oem4f (.const:ti_sysbios_family_arm_m3_Hwi_E_NMI__C)
                  000078f8    00000004     app_pem4f.oem4f (.const:ti_sysbios_family_arm_m3_Hwi_E_busFault__C)
                  000078fc    00000004     app_pem4f.oem4f (.const:ti_sysbios_family_arm_m3_Hwi_E_debugMon__C)
                  00007900    00000004     app_pem4f.oem4f (.const:ti_sysbios_family_arm_m3_Hwi_E_hardFault__C)
                  00007904    00000004     app_pem4f.oem4f (.const:ti_sysbios_family_arm_m3_Hwi_E_memFault__C)
                  00007908    00000004     app_pem4f.oem4f (.const:ti_sysbios_family_arm_m3_Hwi_E_noIsr__C)
                  0000790c    00000004     app_pem4f.oem4f (.const:ti_sysbios_family_arm_m3_Hwi_E_reserved__C)
                  00007910    00000004     app_pem4f.oem4f (.const:ti_sysbios_family_arm_m3_Hwi_E_svCall__C)
                  00007914    00000004     app_pem4f.oem4f (.const:ti_sysbios_family_arm_m3_Hwi_E_usageFault__C)
                  00007918    00000004     app_pem4f.oem4f (.const:ti_sysbios_family_arm_m3_Hwi_LD_end__C)
                  0000791c    00000004     app_pem4f.oem4f (.const:ti_sysbios_family_arm_m3_Hwi_LM_begin__C)
                  00007920    00000004     app_pem4f.oem4f (.const:ti_sysbios_family_arm_m3_Hwi_Module__diagsEnabled__C)
                  00007924    00000004     app_pem4f.oem4f (.const:ti_sysbios_family_arm_m3_Hwi_Module__diagsIncluded__C)
                  00007928    00000004     app_pem4f.oem4f (.const:ti_sysbios_family_arm_m3_Hwi_Module__diagsMask__C)
                  0000792c    00000004     app_pem4f.oem4f (.const:ti_sysbios_family_arm_m3_Hwi_Module__loggerFxn1__C)
                  00007930    00000004     app_pem4f.oem4f (.const:ti_sysbios_family_arm_m3_Hwi_Module__loggerFxn8__C)
                  00007934    00000004     app_pem4f.oem4f (.const:ti_sysbios_family_arm_m3_Hwi_Module__loggerObj__C)
                  00007938    00000004     app_pem4f.oem4f (.const:ti_sysbios_family_arm_m3_Hwi_NUM_INTERRUPTS__C)
                  0000793c    00000004     app_pem4f.oem4f (.const:ti_sysbios_family_arm_m3_Hwi_Object__count__C)
                  00007940    00000004     app_pem4f.oem4f (.const:ti_sysbios_family_arm_m3_Hwi_ccr__C)
                  00007944    00000004     app_pem4f.oem4f (.const:ti_sysbios_family_arm_m3_Hwi_excHandlerFunc__C)
                  00007948    00000004     app_pem4f.oem4f (.const:ti_sysbios_family_arm_m3_Hwi_excHookFuncs__C)
                  0000794c    00000004     app_pem4f.oem4f (.const:ti_sysbios_family_arm_m3_Hwi_nullIsrFunc__C)
                  00007950    00000004     app_pem4f.oem4f (.const:ti_sysbios_family_arm_m3_Hwi_priGroup__C)
                  00007954    00000004     app_pem4f.oem4f (.const:ti_sysbios_family_arm_m3_TaskSupport_stackAlignment__C)
                  00007958    00000004     app_pem4f.oem4f (.const:ti_sysbios_gates_GateMutex_A_badContext__C)
                  0000795c    00000004     app_pem4f.oem4f (.const:ti_sysbios_gates_GateMutex_Instance_State_sem__O)
                  00007960    00000004     app_pem4f.oem4f (.const:ti_sysbios_gates_GateMutex_Module__diagsEnabled__C)
                  00007964    00000004     app_pem4f.oem4f (.const:ti_sysbios_gates_GateMutex_Module__diagsIncluded__C)
                  00007968    00000004     app_pem4f.oem4f (.const:ti_sysbios_gates_GateMutex_Module__diagsMask__C)
                  0000796c    00000004     app_pem4f.oem4f (.const:ti_sysbios_hal_Hwi_E_stackOverflow__C)
                  00007970    00000004     app_pem4f.oem4f (.const:ti_sysbios_heaps_HeapMem_A_align__C)
                  00007974    00000004     app_pem4f.oem4f (.const:ti_sysbios_heaps_HeapMem_A_heapSize__C)
                  00007978    00000004     app_pem4f.oem4f (.const:ti_sysbios_heaps_HeapMem_A_invalidFree__C)
                  0000797c    00000004     app_pem4f.oem4f (.const:ti_sysbios_heaps_HeapMem_A_zeroBlock__C)
                  00007980    00000004     app_pem4f.oem4f (.const:ti_sysbios_heaps_HeapMem_E_memory__C)
                  00007984    00000004     app_pem4f.oem4f (.const:ti_sysbios_heaps_HeapMem_Module__diagsEnabled__C)
                  00007988    00000004     app_pem4f.oem4f (.const:ti_sysbios_heaps_HeapMem_Module__diagsIncluded__C)
                  0000798c    00000004     app_pem4f.oem4f (.const:ti_sysbios_heaps_HeapMem_Module__diagsMask__C)
                  00007990    00000004     app_pem4f.oem4f (.const:ti_sysbios_heaps_HeapMem_Module__gateObj__C)
                  00007994    00000004     app_pem4f.oem4f (.const:ti_sysbios_heaps_HeapMem_Object__count__C)
                  00007998    00000004     app_pem4f.oem4f (.const:ti_sysbios_heaps_HeapMem_reqAlign__C)
                  0000799c    00000004     app_pem4f.oem4f (.const:ti_sysbios_knl_Clock_LM_begin__C)
                  000079a0    00000004     app_pem4f.oem4f (.const:ti_sysbios_knl_Clock_LM_tick__C)
                  000079a4    00000004     app_pem4f.oem4f (.const:ti_sysbios_knl_Clock_LW_delayed__C)
                  000079a8    00000004     app_pem4f.oem4f (.const:ti_sysbios_knl_Clock_Module_State_clockQ__O)
                  000079ac    00000004     app_pem4f.oem4f (.const:ti_sysbios_knl_Clock_Module__diagsEnabled__C)
                  000079b0    00000004     app_pem4f.oem4f (.const:ti_sysbios_knl_Clock_Module__diagsIncluded__C)
                  000079b4    00000004     app_pem4f.oem4f (.const:ti_sysbios_knl_Clock_Module__diagsMask__C)
                  000079b8    00000004     app_pem4f.oem4f (.const:ti_sysbios_knl_Clock_Module__loggerFxn1__C)
                  000079bc    00000004     app_pem4f.oem4f (.const:ti_sysbios_knl_Clock_Module__loggerFxn2__C)
                  000079c0    00000004     app_pem4f.oem4f (.const:ti_sysbios_knl_Clock_Module__loggerObj__C)
                  000079c4    00000004     app_pem4f.oem4f (.const:ti_sysbios_knl_Idle_funcList__A)
                  000079c8    00000004     app_pem4f.oem4f (.const:ti_sysbios_knl_Semaphore_A_badContext__C)
                  000079cc    00000004     app_pem4f.oem4f (.const:ti_sysbios_knl_Semaphore_A_noEvents__C)
                  000079d0    00000004     app_pem4f.oem4f (.const:ti_sysbios_knl_Semaphore_A_overflow__C)
                  000079d4    00000004     app_pem4f.oem4f (.const:ti_sysbios_knl_Semaphore_A_pendTaskDisabled__C)
                  000079d8    00000004     app_pem4f.oem4f (.const:ti_sysbios_knl_Semaphore_Instance_State_pendQ__O)
                  000079dc    00000004     app_pem4f.oem4f (.const:ti_sysbios_knl_Semaphore_LM_pend__C)
                  000079e0    00000004     app_pem4f.oem4f (.const:ti_sysbios_knl_Semaphore_LM_post__C)
                  000079e4    00000004     app_pem4f.oem4f (.const:ti_sysbios_knl_Semaphore_Module__diagsEnabled__C)
                  000079e8    00000004     app_pem4f.oem4f (.const:ti_sysbios_knl_Semaphore_Module__diagsIncluded__C)
                  000079ec    00000004     app_pem4f.oem4f (.const:ti_sysbios_knl_Semaphore_Module__diagsMask__C)
                  000079f0    00000004     app_pem4f.oem4f (.const:ti_sysbios_knl_Semaphore_Module__loggerFxn2__C)
                  000079f4    00000004     app_pem4f.oem4f (.const:ti_sysbios_knl_Semaphore_Module__loggerFxn4__C)
                  000079f8    00000004     app_pem4f.oem4f (.const:ti_sysbios_knl_Semaphore_Module__loggerObj__C)
                  000079fc    00000004     app_pem4f.oem4f (.const:ti_sysbios_knl_Swi_LD_end__C)
                  00007a00    00000004     app_pem4f.oem4f (.const:ti_sysbios_knl_Swi_LM_begin__C)
                  00007a04    00000004     app_pem4f.oem4f (.const:ti_sysbios_knl_Swi_LM_post__C)
                  00007a08    00000004     app_pem4f.oem4f (.const:ti_sysbios_knl_Swi_Module__diagsEnabled__C)
                  00007a0c    00000004     app_pem4f.oem4f (.const:ti_sysbios_knl_Swi_Module__diagsIncluded__C)
                  00007a10    00000004     app_pem4f.oem4f (.const:ti_sysbios_knl_Swi_Module__diagsMask__C)
                  00007a14    00000004     app_pem4f.oem4f (.const:ti_sysbios_knl_Swi_Module__loggerFxn1__C)
                  00007a18    00000004     app_pem4f.oem4f (.const:ti_sysbios_knl_Swi_Module__loggerFxn4__C)
                  00007a1c    00000004     app_pem4f.oem4f (.const:ti_sysbios_knl_Swi_Module__loggerObj__C)
                  00007a20    00000004     app_pem4f.oem4f (.const:ti_sysbios_knl_Swi_Object__count__C)
                  00007a24    00000004     app_pem4f.oem4f (.const:ti_sysbios_knl_Task_A_badPriority__C)
                  00007a28    00000004     app_pem4f.oem4f (.const:ti_sysbios_knl_Task_A_badTaskState__C)
                  00007a2c    00000004     app_pem4f.oem4f (.const:ti_sysbios_knl_Task_A_badThreadType__C)
                  00007a30    00000004     app_pem4f.oem4f (.const:ti_sysbios_knl_Task_A_badTimeout__C)
                  00007a34    00000004     app_pem4f.oem4f (.const:ti_sysbios_knl_Task_A_noPendElem__C)
                  00007a38    00000004     app_pem4f.oem4f (.const:ti_sysbios_knl_Task_A_sleepTaskDisabled__C)
                  00007a3c    00000004     app_pem4f.oem4f (.const:ti_sysbios_knl_Task_E_spOutOfBounds__C)
                  00007a40    00000004     app_pem4f.oem4f (.const:ti_sysbios_knl_Task_E_stackOverflow__C)
                  00007a44    00000004     app_pem4f.oem4f (.const:ti_sysbios_knl_Task_LD_block__C)
                  00007a48    00000004     app_pem4f.oem4f (.const:ti_sysbios_knl_Task_LD_exit__C)
                  00007a4c    00000004     app_pem4f.oem4f (.const:ti_sysbios_knl_Task_LD_ready__C)
                  00007a50    00000004     app_pem4f.oem4f (.const:ti_sysbios_knl_Task_LM_sleep__C)
                  00007a54    00000004     app_pem4f.oem4f (.const:ti_sysbios_knl_Task_LM_switch__C)
                  00007a58    00000004     app_pem4f.oem4f (.const:ti_sysbios_knl_Task_Module_State_inactiveQ__O)
                  00007a5c    00000004     app_pem4f.oem4f (.const:ti_sysbios_knl_Task_Module__diagsEnabled__C)
                  00007a60    00000004     app_pem4f.oem4f (.const:ti_sysbios_knl_Task_Module__diagsIncluded__C)
                  00007a64    00000004     app_pem4f.oem4f (.const:ti_sysbios_knl_Task_Module__diagsMask__C)
                  00007a68    00000004     app_pem4f.oem4f (.const:ti_sysbios_knl_Task_Module__loggerFxn2__C)
                  00007a6c    00000004     app_pem4f.oem4f (.const:ti_sysbios_knl_Task_Module__loggerFxn4__C)
                  00007a70    00000004     app_pem4f.oem4f (.const:ti_sysbios_knl_Task_Module__loggerObj__C)
                  00007a74    00000004     app_pem4f.oem4f (.const:ti_sysbios_knl_Task_Object__count__C)
                  00007a78    00000004     app_pem4f.oem4f (.const:ti_sysbios_knl_Task_allBlockedFunc__C)
                  00007a7c    00000004     app_pem4f.oem4f (.const:ti_sysbios_knl_Task_defaultStackHeap__C)
                  00007a80    00000004     app_pem4f.oem4f (.const:ti_sysbios_knl_Task_defaultStackSize__C)
                  00007a84    00000004     app_pem4f.oem4f (.const:ti_sysbios_knl_Task_numConstructedTasks__C)
                  00007a88    00000004     app_pem4f.oem4f (.const:xdc_runtime_Assert_E_assertFailed__C)
                  00007a8c    00000004     app_pem4f.oem4f (.const:xdc_runtime_Core_A_initializedParams__C)
                  00007a90    00000004     app_pem4f.oem4f (.const:xdc_runtime_Core_Module__diagsEnabled__C)
                  00007a94    00000004     app_pem4f.oem4f (.const:xdc_runtime_Core_Module__diagsIncluded__C)
                  00007a98    00000004     app_pem4f.oem4f (.const:xdc_runtime_Core_Module__diagsMask__C)
                  00007a9c    00000004     app_pem4f.oem4f (.const:xdc_runtime_Error_E_memory__C)
                  00007aa0    00000004     app_pem4f.oem4f (.const:xdc_runtime_Error_Module__diagsEnabled__C)
                  00007aa4    00000004     app_pem4f.oem4f (.const:xdc_runtime_Error_Module__diagsIncluded__C)
                  00007aa8    00000004     app_pem4f.oem4f (.const:xdc_runtime_Error_Module__diagsMask__C)
                  00007aac    00000004     app_pem4f.oem4f (.const:xdc_runtime_Error_Module__loggerFxn8__C)
                  00007ab0    00000004     app_pem4f.oem4f (.const:xdc_runtime_Error_Module__loggerObj__C)
                  00007ab4    00000004     app_pem4f.oem4f (.const:xdc_runtime_Error_policyFxn__C)
                  00007ab8    00000004     app_pem4f.oem4f (.const:xdc_runtime_Error_raiseHook__C)
                  00007abc    00000004     app_pem4f.oem4f (.const:xdc_runtime_IFilterLogger_Interface__BASE__C)
                  00007ac0    00000004     app_pem4f.oem4f (.const:xdc_runtime_IGateProvider_Interface__BASE__C)
                  00007ac4    00000004     app_pem4f.oem4f (.const:xdc_runtime_IHeap_Interface__BASE__C)
                  00007ac8    00000004     app_pem4f.oem4f (.const:xdc_runtime_ILogger_Interface__BASE__C)
                  00007acc    00000004     app_pem4f.oem4f (.const:xdc_runtime_IModule_Interface__BASE__C)
                  00007ad0    00000004     app_pem4f.oem4f (.const:xdc_runtime_Log_L_error__C)
                  00007ad4    00000004     app_pem4f.oem4f (.const:xdc_runtime_LoggerBuf_E_badLevel__C)
                  00007ad8    00000004     app_pem4f.oem4f (.const:xdc_runtime_LoggerBuf_Module__gateObj__C)
                  00007adc    00000004     app_pem4f.oem4f (.const:xdc_runtime_LoggerBuf_Object__count__C)
                  00007ae0    00000004     app_pem4f.oem4f (.const:xdc_runtime_LoggerBuf_statusLogger__C)
                  00007ae4    00000004     app_pem4f.oem4f (.const:xdc_runtime_Memory_defaultHeapInstance__C)
                  00007ae8    00000004     app_pem4f.oem4f (.const:xdc_runtime_Startup_execImpl__C)
                  00007aec    00000004     app_pem4f.oem4f (.const:xdc_runtime_Startup_lastFxns__A)
                  00007af0    00000004     app_pem4f.oem4f (.const:xdc_runtime_Startup_maxPasses__C)
                  00007af4    00000004     app_pem4f.oem4f (.const:xdc_runtime_Startup_sfxnRts__C)
                  00007af8    00000004     app_pem4f.oem4f (.const:xdc_runtime_Startup_sfxnTab__C)
                  00007afc    00000004     app_pem4f.oem4f (.const:xdc_runtime_SysMin_bufSize__C)
                  00007b00    00000004     app_pem4f.oem4f (.const:xdc_runtime_SysMin_outputFunc__C)
                  00007b04    00000004     app_pem4f.oem4f (.const:xdc_runtime_System_Module__gateObj__C)
                  00007b08    00000004     app_pem4f.oem4f (.const:xdc_runtime_System_abortFxn__C)
                  00007b0c    00000004     app_pem4f.oem4f (.const:xdc_runtime_System_exitFxn__C)
                  00007b10    00000004     app_pem4f.oem4f (.const:xdc_runtime_System_extendFxn__C)
                  00007b14    00000004     app_pem4f.oem4f (.const:xdc_runtime_System_maxAtexitHandlers__C)
                  00007b18    00000004     app_pem4f.oem4f (.const:xdc_runtime_Text_charTab__C)
                  00007b1c    00000004     app_pem4f.oem4f (.const:xdc_runtime_Text_nameEmpty__C)
                  00007b20    00000004     app_pem4f.oem4f (.const:xdc_runtime_Text_nameStatic__C)
                  00007b24    00000004     app_pem4f.oem4f (.const:xdc_runtime_Text_nameUnknown__C)
                  00007b28    00000004     app_pem4f.oem4f (.const:xdc_runtime_Text_nodeTab__C)
                  00007b2c    00000004     app_pem4f.oem4f (.const:xdc_runtime_Text_visitRopeFxn__C)
                  00007b30    00000002     app_pem4f.oem4f (.const:ti_sysbios_family_arm_lm4_TimestampProvider_useClockTimer__C)
                  00007b32    00000002     app_pem4f.oem4f (.const:ti_sysbios_family_arm_m3_Hwi_Module__id__C)
                  00007b34    00000002     app_pem4f.oem4f (.const:ti_sysbios_family_arm_m3_Hwi_Module__loggerDefined__C)
                  00007b36    00000002     app_pem4f.oem4f (.const:ti_sysbios_gates_GateMutex_Module__id__C)
                  00007b38    00000002     app_pem4f.oem4f (.const:ti_sysbios_hal_Hwi_Module__id__C)
                  00007b3a    00000002     app_pem4f.oem4f (.const:ti_sysbios_heaps_HeapMem_Module__id__C)
                  00007b3c    00000002     app_pem4f.oem4f (.const:ti_sysbios_knl_Clock_Module__id__C)
                  00007b3e    00000002     app_pem4f.oem4f (.const:ti_sysbios_knl_Clock_Module__loggerDefined__C)
                  00007b40    00000002     app_pem4f.oem4f (.const:ti_sysbios_knl_Semaphore_Module__id__C)
                  00007b42    00000002     app_pem4f.oem4f (.const:ti_sysbios_knl_Semaphore_Module__loggerDefined__C)
                  00007b44    00000002     app_pem4f.oem4f (.const:ti_sysbios_knl_Swi_Module__id__C)
                  00007b46    00000002     app_pem4f.oem4f (.const:ti_sysbios_knl_Swi_Module__loggerDefined__C)
                  00007b48    00000002     app_pem4f.oem4f (.const:ti_sysbios_knl_Task_Module__id__C)
                  00007b4a    00000002     app_pem4f.oem4f (.const:ti_sysbios_knl_Task_Module__loggerDefined__C)
                  00007b4c    00000002     app_pem4f.oem4f (.const:xdc_runtime_Core_Module__id__C)
                  00007b4e    00000002     app_pem4f.oem4f (.const:xdc_runtime_Error_Module__loggerDefined__C)
                  00007b50    00000002     app_pem4f.oem4f (.const:xdc_runtime_Error_maxDepth__C)
                  00007b52    00000002     app_pem4f.oem4f (.const:xdc_runtime_LoggerBuf_Module__id__C)
                  00007b54    00000002     app_pem4f.oem4f (.const:xdc_runtime_LoggerBuf_filterByLevel__C)
                  00007b56    00000002     app_pem4f.oem4f (.const:xdc_runtime_Memory_Module__id__C)
                  00007b58    00000002     app_pem4f.oem4f (.const:xdc_runtime_SysMin_flushAtExit__C)
                  00007b5a    00000002     app_pem4f.oem4f (.const:xdc_runtime_Text_charCnt__C)
                  00007b5c    00000002     app_pem4f.oem4f (.const:xdc_runtime_Text_isLoaded__C)
                  00007b5e    00000002     app_pem4f.oem4f (.const:xdc_runtime_Text_registryModsLastId__C)
                  00007b60    00000002     app_pem4f.oem4f (.const:xdc_runtime_Text_unnamedModsLastId__C)
                  00007b62    00000001     app_pem4f.oem4f (.const:xdc_runtime_Error_policy__C)

.cinit     0    00007b68    00000218     
                  00007b68    000001f0     (.cinit..data.load) [load image, compression = lzss]
                  00007d58    0000000c     (__TI_handler_table)
                  00007d64    00000004     --HOLE-- [fill = 0]
                  00007d68    00000008     (.cinit..bss.load) [load image, compression = zero_init]
                  00007d70    00000010     (__TI_cinit_table)

.init_array 
*          0    00000000    00000000     UNINITIALIZED

.bss       0    20000360    00002088     UNINITIALIZED
                  20000360    00001000     (.common:ti_sysbios_heaps_HeapMem_Instance_State_0_buf__A)
                  20001360    00000800     app_pem4f.oem4f (.bss:taskStackSection)
                  20001b60    00000360     (.common:ti_sysbios_family_arm_m3_Hwi_dispatchTable)
                  20001ec0    00000200     (.common:xdc_runtime_LoggerBuf_Instance_State_0_entryArr__A)
                  200020c0    00000200     (.common:xdc_runtime_SysMin_Module_State_0_outbuf__A)
                  200022c0    00000120     rtsv7M4_T_le_v4SPD16_eabi.lib : trgmsg.c.obj (.bss:_CIOBUF_)
                  200023e0    00000008     (.common:parmbuf)

.data      0    200023e8    000004aa     UNINITIALIZED
                  200023e8    00000080     app_pem4f.oem4f (.data:ti_sysbios_family_arm_lm4_Timer_Object__table__V)
                  20002468    00000080     app_pem4f.oem4f (.data:ti_sysbios_knl_Swi_Module_State_0_readyQ__A)
                  200024e8    00000080     app_pem4f.oem4f (.data:ti_sysbios_knl_Task_Module_State_0_readyQ__A)
                  20002568    0000005c     app_pem4f.oem4f (.data:ti_sysbios_knl_Task_Object__table__V)
                  200025c4    00000048     app_pem4f.oem4f (.data:ti_sysbios_knl_Task_Module__state__V)
                  2000260c    00000038     app_pem4f.oem4f (.data:ti_sysbios_gates_GateMutex_Object__table__V)
                  20002644    00000034     app_pem4f.oem4f (.data:ti_sysbios_family_arm_m3_Hwi_Module__state__V)
                  20002678    00000030     app_pem4f.oem4f (.data:ti_sysbios_family_arm_lm4_Timer_Module_State_0_device__A)
                  200026a8    00000030     app_pem4f.oem4f (.data:ti_sysbios_family_arm_m3_Hwi_Object__table__V)
                  200026d8    00000030     app_pem4f.oem4f (.data:ti_sysbios_knl_Swi_Object__table__V)
                  20002708    0000002c     app_pem4f.oem4f (.data:ti_sysbios_knl_Clock_Module__state__V)
                  20002734    00000024     app_pem4f.oem4f (.data:ti_sysbios_BIOS_Module__state__V)
                  20002758    00000024     app_pem4f.oem4f (.data:xdc_runtime_LoggerBuf_Object__table__V)
                  2000277c    00000020     app_pem4f.oem4f (.data:xdc_runtime_Error_IgnoreBlock)
                  2000279c    0000001c     app_pem4f.oem4f (.data:ti_sysbios_knl_Swi_Module__state__V)
                  200027b8    00000018     app_pem4f.oem4f (.data:ti_sysbios_family_arm_lm4_Timer_Module_State_0_handles__A)
                  200027d0    00000018     app_pem4f.oem4f (.data:ti_sysbios_heaps_HeapMem_Object__table__V)
                  200027e8    00000010     app_pem4f.oem4f (.data:xdc_runtime_System_Module_State_0_atexitHandlers__A)
                  200027f8    0000000c     app_pem4f.oem4f (.data:ti_sysbios_family_arm_lm4_Timer_Module__state__V)
                  20002804    0000000c     app_pem4f.oem4f (.data:xdc_runtime_SysMin_Module__state__V)
                  20002810    00000008     rtsv7M4_T_le_v4SPD16_eabi.lib : _lock.c.obj (.data:$O1$$)
                  20002818    00000008     app_pem4f.oem4f (.data:ti_sysbios_family_arm_lm4_TimestampProvider_Module__state__V)
                  20002820    00000008     app_pem4f.oem4f (.data:ti_sysbios_gates_GateHwi_Module__root__V)
                  20002828    00000008     app_pem4f.oem4f (.data:ti_sysbios_gates_GateMutex_Module__root__V)
                  20002830    00000008     app_pem4f.oem4f (.data:ti_sysbios_heaps_HeapMem_Module__root__V)
                  20002838    00000008     app_pem4f.oem4f (.data:ti_sysbios_knl_Queue_Module__root__V)
                  20002840    00000008     app_pem4f.oem4f (.data:ti_sysbios_knl_Semaphore_Module__root__V)
                  20002848    00000008     app_pem4f.oem4f (.data:ti_sysbios_knl_Task_Module__root__V)
                  20002850    00000008     app_pem4f.oem4f (.data:xdc_runtime_LoggerBuf_Module__root__V)
                  20002858    00000008     app_pem4f.oem4f (.data:xdc_runtime_Registry_Module__state__V)
                  20002860    00000008     app_pem4f.oem4f (.data:xdc_runtime_Startup_Module__state__V)
                  20002868    00000008     app_pem4f.oem4f (.data:xdc_runtime_System_Module__state__V)
                  20002870    00000006     app_pem4f.oem4f (.data:xdc_runtime_LoggerBuf_Module__state__V)
                  20002876    00000002     app_pem4f.oem4f (.data:ti_sysbios_family_arm_m3_Hwi_Module_State_0_excActive__A)
                  20002878    00000004     rtsv7M4_T_le_v4SPD16_eabi.lib : stkdepth_vars.c.obj (.data)
                  2000287c    00000004     app_pem4f.oem4f (.data:ti_sysbios_family_arm_m3_Hwi_Module_State_0_excContext__A)
                  20002880    00000004     app_pem4f.oem4f (.data:ti_sysbios_family_arm_m3_Hwi_Module_State_0_excStack__A)
                  20002884    00000004     app_pem4f.oem4f (.data:ti_sysbios_gates_GateHwi_Object__table__V)
                  20002888    00000004     app_pem4f.oem4f (.data:ti_sysbios_knl_Task_Module_State_0_idleTask__A)
                  2000288c    00000004     app_pem4f.oem4f (.data:xdc_runtime_Memory_Module__state__V)
                  20002890    00000002     app_pem4f.oem4f (.data:xdc_runtime_Error_Module__state__V)

.stack     0    20002898    00000400     UNINITIALIZED
                  20002898    00000400     --HOLE--

.bootVecs 
*          0    00000000    00000008     DSECT
                  00000000    00000008     boot.aem4f : boot.oem4f (.bootVecs)

.resetVecs 
*          0    00000000    0000003c     
                  00000000    0000003c     app_pem4f.oem4f (.resetVecs)

.vecs      0    20000000    00000360     NOLOAD SECTION
                  20000000    00000360     app_pem4f.oem4f (.vecs)

xdc.meta   0    00000000    000000df     COPY SECTION
                  00000000    000000df     app_pem4f.oem4f (xdc.meta)

.binit     0    00000000    00000000     

MODULE SUMMARY

       Module                       code    ro data   rw data
       ------                       ----    -------   -------
    ./
       main.obj                     184     0         0      
       test.obj                     162     0         0      
       apiconfig.obj                94      0         0      
    +--+----------------------------+-------+---------+---------+
       Total:                       440     0         0      
                                                             
    /home/satish/workspace_v8/projectx_alpha/Debug/configPkg/package/cfg/
       app_pem4f.oem4f              1692    8315      10078  
    +--+----------------------------+-------+---------+---------+
       Total:                       1692    8315      10078  
                                                             
    /home/satish/ti/bios_6_70_01_03/packages/ti/catalog/arm/cortexm4/tiva/ce/lib/Boot.aem4f
       Boot_sysctl.oem4f            262     0         0      
       Boot.oem4f                   152     0         0      
    +--+----------------------------+-------+---------+---------+
       Total:                       414     0         0      
                                                             
    /home/satish/ti/bios_6_70_01_03/packages/ti/targets/arm/rtsarm/lib/auto_init.aem4f
       auto_init.oem4f              160     0         0      
    +--+----------------------------+-------+---------+---------+
       Total:                       160     0         0      
                                                             
    /home/satish/ti/bios_6_70_01_03/packages/ti/targets/arm/rtsarm/lib/boot.aem4f
       boot.oem4f                   88      0         0      
    +--+----------------------------+-------+---------+---------+
       Total:                       88      0         0      
                                                             
    /home/satish/ti/bios_6_70_01_03/packages/ti/targets/arm/rtsarm/lib/ti.targets.arm.rtsarm.aem4f
       System.oem4f                 1263    0         0      
       LoggerBuf.oem4f              1084    0         0      
       Text.oem4f                   664     0         0      
       Error.oem4f                  568     0         0      
       Startup.oem4f                340     0         0      
       Core-mem.oem4f               334     0         0      
       SysMin.oem4f                 248     0         0      
       Core-smem.oem4f              204     0         0      
       Memory.oem4f                 176     0         0      
       Assert.oem4f                 84      0         0      
       Core-params.oem4f            70      0         0      
       Core-label.oem4f             52      0         0      
       Registry.oem4f               32      0         0      
       Gate.oem4f                   28      0         0      
    +--+----------------------------+-------+---------+---------+
       Total:                       5147    0         0      
                                                             
    /home/satish/ti/ccsv8/tools/compiler/ti-cgt-arm_18.1.1.LTS/lib/rtsv7M4_T_le_v4SPD16_eabi.lib
       trgmsg.c.obj                 108     0         288    
       memcpy_t2.asm.obj            156     0         0      
       memset_t2.asm.obj            122     0         0      
       copy_decompress_lzss.c.obj   104     0         0      
       hostwrite.c.obj              88      0         0      
       cpy_tbl.c.obj                76      0         0      
       u_divt2.asm.obj              64      0         0      
       _lock.c.obj                  26      0         8      
       args_main.c.obj              24      0         0      
       strlen.c.obj                 20      0         0      
       copy_decompress_none.c.obj   14      0         0      
       copy_zero_init.c.obj         12      0         0      
       hostopen.c.obj               0       0         8      
       exit.c.obj                   4       0         0      
       stkdepth_vars.c.obj          0       0         4      
       div0.asm.obj                 2       0         0      
    +--+----------------------------+-------+---------+---------+
       Total:                       820     0         308    
                                                             
    /home/satish/workspace_v8/projectx_alpha/src/sysbios/sysbios.aem4f
       BIOS.obj                     13842   0         0      
       m3_Hwi_asm.obj               314     0         0      
       m3_Hwi_asm_switch.obj        118     0         0      
       m3_TaskSupport_asm.obj       40      0         0      
    +--+----------------------------+-------+---------+---------+
       Total:                       14314   0         0      
                                                             
       Stack:                       0       0         1024   
       Linker Generated:            0       532       0      
    +--+----------------------------+-------+---------+---------+
       Grand Total:                 23075   8847      11410  


LINKER GENERATED COPY TABLES

__TI_cinit_table @ 00007d70 records: 2, size/record: 8, table size: 16
	.data: load addr=00007b68, load size=000001f0 bytes, run addr=200023e8, run size=000004aa bytes, compression=lzss
	.bss: load addr=00007d68, load size=00000008 bytes, run addr=20000360, run size=00002088 bytes, compression=zero_init


LINKER GENERATED HANDLER TABLE

__TI_handler_table @ 00007d58 records: 3, size/record: 4, table size: 12
	index: 0, handler: __TI_decompress_lzss
	index: 1, handler: __TI_decompress_none
	index: 2, handler: __TI_zero_init


GLOBAL SYMBOLS: SORTED ALPHABETICALLY BY Name 

address   name                                                              
-------   ----                                                              
000007c5  C$$EXIT                                                           
00004c0f  C$$IO$$                                                           
00004269  HOSTwrite                                                         
UNDEFED   SHT$$INIT_ARRAY$$Base                                             
UNDEFED   SHT$$INIT_ARRAY$$Limit                                            
00000000  __ASM__                                                           
200022c0  __CIOBUF_                                                         
0000005d  __ISA__                                                           
00000070  __PLAT__                                                          
20002c98  __STACK_END                                                       
00000400  __STACK_SIZE                                                      
00000091  __TARG__                                                          
00007d70  __TI_CINIT_Base                                                   
00007d80  __TI_CINIT_Limit                                                  
00007d58  __TI_Handler_Table_Base                                           
00007d64  __TI_Handler_Table_Limit                                          
00003501  __TI_auto_init                                                    
00003ee1  __TI_decompress_lzss                                              
00005991  __TI_decompress_none                                              
ffffffff  __TI_pprof_out_hndl                                               
ffffffff  __TI_prof_data_size                                               
ffffffff  __TI_prof_data_start                                              
00004cf9  __TI_readmsg                                                      
00007b68  __TI_static_base__                                                
00004be1  __TI_writemsg                                                     
000059e5  __TI_zero_init                                                    
000000b7  __TRDR__                                                          
000033af  __aeabi_idiv0                                                     
000033af  __aeabi_ldiv0                                                     
00003c35  __aeabi_memclr                                                    
00003c35  __aeabi_memclr4                                                   
00003c35  __aeabi_memclr8                                                   
000035a1  __aeabi_memcpy                                                    
000035a1  __aeabi_memcpy4                                                   
000035a1  __aeabi_memcpy8                                                   
00003c37  __aeabi_memset                                                    
00003c37  __aeabi_memset4                                                   
00003c37  __aeabi_memset8                                                   
00004a2f  __aeabi_uidiv                                                     
00004a2f  __aeabi_uidivmod                                                  
ffffffff  __binit__                                                         
ffffffff  __c_args__                                                        
20002898  __stack                                                           
000056c9  _args_main                                                        
000042c1  _c_int00                                                          
20002810  _lock                                                             
000033ad  _nop                                                              
000059cd  _register_lock                                                    
000059d9  _register_unlock                                                  
20002814  _unlock                                                           
000007c5  abort                                                             
ffffffff  binit                                                             
00004561  copy_in                                                           
00003f49  main                                                              
20002878  main_func_sp                                                      
000035a1  memcpy                                                            
00003c3d  memset                                                            
200023e0  parmbuf                                                           
000049ed  scalevoltage                                                      
0000549f  setbits                                                           
000057b7  strlen                                                            
000059f1  stubtest                                                          
00004809  taskFxn                                                           
00004b6d  test_api                                                          
00003fb1  test_variables                                                    
000078d8  ti_catalog_arm_cortexm4_tiva_ce_Boot_A_mustUseEnhancedClockMode__C
000078dc  ti_catalog_arm_cortexm4_tiva_ce_Boot_Module__diagsEnabled__C      
000078e0  ti_catalog_arm_cortexm4_tiva_ce_Boot_Module__diagsIncluded__C     
000078e4  ti_catalog_arm_cortexm4_tiva_ce_Boot_Module__diagsMask__C         
0000758a  ti_catalog_arm_cortexm4_tiva_ce_Boot_Module__id__C                
000059c1  ti_catalog_arm_cortexm4_tiva_ce_Boot_init__I                      
00002675  ti_catalog_arm_cortexm4_tiva_ce_Boot_sysCtlClockSetI__I           
000038b5  ti_catalog_arm_cortexm4_tiva_ce_Boot_sysCtlClockSet__E            
00003e03  ti_catalog_arm_cortexm4_tiva_ce_Boot_sysCtlDelayI__I              
20002734  ti_sysbios_BIOS_Module__state__V                                  
000055f5  ti_sysbios_BIOS_RtsGateProxy_Handle__label__S                     
00000ac5  ti_sysbios_BIOS_RtsGateProxy_enter__E                             
00000d05  ti_sysbios_BIOS_RtsGateProxy_leave__E                             
00005b09  ti_sysbios_BIOS_RtsGateProxy_query__E                             
00004e75  ti_sysbios_BIOS_atExitFunc__I                                     
000051d5  ti_sysbios_BIOS_errorRaiseHook__I                                 
000057a1  ti_sysbios_BIOS_exitFunc__I                                       
00005891  ti_sysbios_BIOS_exit__E                                           
00005b19  ti_sysbios_BIOS_linkedWithIncorrectBootLibrary__E                 
0000363d  ti_sysbios_BIOS_nullFunc__I                                       
000051f9  ti_sysbios_BIOS_registerRTSLock__I                                
0000521d  ti_sysbios_BIOS_removeRTSLock__I                                  
0000531d  ti_sysbios_BIOS_rtsLock__I                                        
000056e1  ti_sysbios_BIOS_rtsUnlock__I                                      
000058a1  ti_sysbios_BIOS_setThreadType__E                                  
00004ea5  ti_sysbios_BIOS_startFunc__I                                      
000058b1  ti_sysbios_BIOS_start__E                                          
20002678  ti_sysbios_family_arm_lm4_Timer_Module_State_0_device__A          
200027b8  ti_sysbios_family_arm_lm4_Timer_Module_State_0_handles__A         
000056f9  ti_sysbios_family_arm_lm4_Timer_Module__startupDone__F            
000056f9  ti_sysbios_family_arm_lm4_Timer_Module__startupDone__S            
200027f8  ti_sysbios_family_arm_lm4_Timer_Module__state__V                  
00004081  ti_sysbios_family_arm_lm4_Timer_Module_startup__E                 
200023e8  ti_sysbios_family_arm_lm4_Timer_Object__table__V                  
000078e8  ti_sysbios_family_arm_lm4_Timer_enableFunc__C                     
000033b1  ti_sysbios_family_arm_lm4_Timer_enableTimers__I                   
00003251  ti_sysbios_family_arm_lm4_Timer_enableTiva__I                     
00005a01  ti_sysbios_family_arm_lm4_Timer_getMaxTicks__E                    
00005af9  ti_sysbios_family_arm_lm4_Timer_getPeriod__E                      
00004851  ti_sysbios_family_arm_lm4_Timer_isrStub__E                        
00005ab1  ti_sysbios_family_arm_lm4_Timer_masterDisable__I                  
00000f3d  ti_sysbios_family_arm_lm4_Timer_masterEnable__I                   
000078ec  ti_sysbios_family_arm_lm4_Timer_numTimerDevices__C                
00002569  ti_sysbios_family_arm_lm4_Timer_start__E                          
000078f0  ti_sysbios_family_arm_lm4_Timer_startupNeeded__C                  
00004a71  ti_sysbios_family_arm_lm4_Timer_startup__E                        
00004ed9  ti_sysbios_family_arm_lm4_Timer_stop__E                           
000052d9  ti_sysbios_family_arm_lm4_Timer_write__I                          
20002818  ti_sysbios_family_arm_lm4_TimestampProvider_Module__state__V      
00005ac9  ti_sysbios_family_arm_lm4_TimestampProvider_Module_startup__E     
000018a1  ti_sysbios_family_arm_lm4_TimestampProvider_get64__E              
000058c1  ti_sysbios_family_arm_lm4_TimestampProvider_rolloverFunc__E       
00005a11  ti_sysbios_family_arm_lm4_TimestampProvider_startTimer__E         
00007b30  ti_sysbios_family_arm_lm4_TimestampProvider_useClockTimer__C      
000078f4  ti_sysbios_family_arm_m3_Hwi_E_NMI__C                             
000078f8  ti_sysbios_family_arm_m3_Hwi_E_busFault__C                        
000078fc  ti_sysbios_family_arm_m3_Hwi_E_debugMon__C                        
00007900  ti_sysbios_family_arm_m3_Hwi_E_hardFault__C                       
00007904  ti_sysbios_family_arm_m3_Hwi_E_memFault__C                        
00007908  ti_sysbios_family_arm_m3_Hwi_E_noIsr__C                           
0000790c  ti_sysbios_family_arm_m3_Hwi_E_reserved__C                        
00007910  ti_sysbios_family_arm_m3_Hwi_E_svCall__C                          
[...]
00007744  xdc_runtime_LoggerBuf_Object__PARAMS__C                           
00007768  ti_sysbios_gates_GateHwi_Object__DESC__C                          
00007788  ti_sysbios_gates_GateMutex_Object__DESC__C                        
000077a8  ti_sysbios_heaps_HeapMem_Object__DESC__C                          
000077c8  ti_sysbios_knl_Queue_Object__DESC__C                              
000077e8  ti_sysbios_knl_Semaphore_Object__DESC__C                          
00007808  ti_sysbios_knl_Task_Object__DESC__C                               
00007828  xdc_runtime_LoggerBuf_Object__DESC__C                             
00007848  ti_sysbios_gates_GateHwi_Object__PARAMS__C                        
00007860  ti_sysbios_gates_GateMutex_Object__PARAMS__C                      
00007878  ti_sysbios_knl_Queue_Object__PARAMS__C                            
00007890  xdc_runtime_Startup_firstFxns__A                                  
000078a4  xdc_runtime_Startup_sfxnRts__A                                    
000078b8  ti_sysbios_family_arm_m3_Hwi_excHookFuncs__A                      
000078c0  ti_sysbios_knl_Idle_funcList__C                                   
000078c8  xdc_runtime_Startup_firstFxns__C                                  
000078d0  xdc_runtime_Startup_lastFxns__C                                   
000078d8  ti_catalog_arm_cortexm4_tiva_ce_Boot_A_mustUseEnhancedClockMode__C
000078dc  ti_catalog_arm_cortexm4_tiva_ce_Boot_Module__diagsEnabled__C      
000078e0  ti_catalog_arm_cortexm4_tiva_ce_Boot_Module__diagsIncluded__C     
000078e4  ti_catalog_arm_cortexm4_tiva_ce_Boot_Module__diagsMask__C         
000078e8  ti_sysbios_family_arm_lm4_Timer_enableFunc__C                     
000078ec  ti_sysbios_family_arm_lm4_Timer_numTimerDevices__C                
000078f0  ti_sysbios_family_arm_lm4_Timer_startupNeeded__C                  
000078f4  ti_sysbios_family_arm_m3_Hwi_E_NMI__C                             
000078f8  ti_sysbios_family_arm_m3_Hwi_E_busFault__C                        
000078fc  ti_sysbios_family_arm_m3_Hwi_E_debugMon__C                        
00007900  ti_sysbios_family_arm_m3_Hwi_E_hardFault__C                       
00007904  ti_sysbios_family_arm_m3_Hwi_E_memFault__C                        
00007908  ti_sysbios_family_arm_m3_Hwi_E_noIsr__C                           
0000790c  ti_sysbios_family_arm_m3_Hwi_E_reserved__C                        
00007910  ti_sysbios_family_arm_m3_Hwi_E_svCall__C                          
00007914  ti_sysbios_family_arm_m3_Hwi_E_usageFault__C                      
00007918  ti_sysbios_family_arm_m3_Hwi_LD_end__C                            
0000791c  ti_sysbios_family_arm_m3_Hwi_LM_begin__C                          
00007920  ti_sysbios_family_arm_m3_Hwi_Module__diagsEnabled__C              
00007924  ti_sysbios_family_arm_m3_Hwi_Module__diagsIncluded__C             
00007928  ti_sysbios_family_arm_m3_Hwi_Module__diagsMask__C                 
0000792c  ti_sysbios_family_arm_m3_Hwi_Module__loggerFxn1__C                
00007930  ti_sysbios_family_arm_m3_Hwi_Module__loggerFxn8__C                
00007934  ti_sysbios_family_arm_m3_Hwi_Module__loggerObj__C                 
00007938  ti_sysbios_family_arm_m3_Hwi_NUM_INTERRUPTS__C                    
0000793c  ti_sysbios_family_arm_m3_Hwi_Object__count__C                     
00007940  ti_sysbios_family_arm_m3_Hwi_ccr__C                               
00007944  ti_sysbios_family_arm_m3_Hwi_excHandlerFunc__C                    
00007948  ti_sysbios_family_arm_m3_Hwi_excHookFuncs__C                      
0000794c  ti_sysbios_family_arm_m3_Hwi_nullIsrFunc__C                       
00007950  ti_sysbios_family_arm_m3_Hwi_priGroup__C                          
00007954  ti_sysbios_family_arm_m3_TaskSupport_stackAlignment__C            
00007958  ti_sysbios_gates_GateMutex_A_badContext__C                        
0000795c  ti_sysbios_gates_GateMutex_Instance_State_sem__O                  
00007960  ti_sysbios_gates_GateMutex_Module__diagsEnabled__C                
00007964  ti_sysbios_gates_GateMutex_Module__diagsIncluded__C               
00007968  ti_sysbios_gates_GateMutex_Module__diagsMask__C                   
0000796c  ti_sysbios_hal_Hwi_E_stackOverflow__C                             
00007970  ti_sysbios_heaps_HeapMem_A_align__C                               
00007974  ti_sysbios_heaps_HeapMem_A_heapSize__C                            
00007978  ti_sysbios_heaps_HeapMem_A_invalidFree__C                         
0000797c  ti_sysbios_heaps_HeapMem_A_zeroBlock__C                           
00007980  ti_sysbios_heaps_HeapMem_E_memory__C                              
00007984  ti_sysbios_heaps_HeapMem_Module__diagsEnabled__C                  
00007988  ti_sysbios_heaps_HeapMem_Module__diagsIncluded__C                 
0000798c  ti_sysbios_heaps_HeapMem_Module__diagsMask__C                     
00007990  ti_sysbios_heaps_HeapMem_Module__gateObj__C                       
00007994  ti_sysbios_heaps_HeapMem_Object__count__C                         
00007998  ti_sysbios_heaps_HeapMem_reqAlign__C                              
0000799c  ti_sysbios_knl_Clock_LM_begin__C                                  
000079a0  ti_sysbios_knl_Clock_LM_tick__C                                   
000079a4  ti_sysbios_knl_Clock_LW_delayed__C                                
000079a8  ti_sysbios_knl_Clock_Module_State_clockQ__O                       
000079ac  ti_sysbios_knl_Clock_Module__diagsEnabled__C                      
000079b0  ti_sysbios_knl_Clock_Module__diagsIncluded__C                     
000079b4  ti_sysbios_knl_Clock_Module__diagsMask__C                         
000079b8  ti_sysbios_knl_Clock_Module__loggerFxn1__C                        
000079bc  ti_sysbios_knl_Clock_Module__loggerFxn2__C                        
000079c0  ti_sysbios_knl_Clock_Module__loggerObj__C                         
000079c4  ti_sysbios_knl_Idle_funcList__A                                   
000079c8  ti_sysbios_knl_Semaphore_A_badContext__C                          
000079cc  ti_sysbios_knl_Semaphore_A_noEvents__C                            
000079d0  ti_sysbios_knl_Semaphore_A_overflow__C                            
000079d4  ti_sysbios_knl_Semaphore_A_pendTaskDisabled__C                    
000079d8  ti_sysbios_knl_Semaphore_Instance_State_pendQ__O                  
000079dc  ti_sysbios_knl_Semaphore_LM_pend__C                               
000079e0  ti_sysbios_knl_Semaphore_LM_post__C                               
000079e4  ti_sysbios_knl_Semaphore_Module__diagsEnabled__C                  
000079e8  ti_sysbios_knl_Semaphore_Module__diagsIncluded__C                 
000079ec  ti_sysbios_knl_Semaphore_Module__diagsMask__C                     
000079f0  ti_sysbios_knl_Semaphore_Module__loggerFxn2__C                    
000079f4  ti_sysbios_knl_Semaphore_Module__loggerFxn4__C                    
000079f8  ti_sysbios_knl_Semaphore_Module__loggerObj__C                     
000079fc  ti_sysbios_knl_Swi_LD_end__C                                      
00007a00  ti_sysbios_knl_Swi_LM_begin__C                                    
00007a04  ti_sysbios_knl_Swi_LM_post__C                                     
00007a08  ti_sysbios_knl_Swi_Module__diagsEnabled__C                        
00007a0c  ti_sysbios_knl_Swi_Module__diagsIncluded__C                       
00007a10  ti_sysbios_knl_Swi_Module__diagsMask__C                           
00007a14  ti_sysbios_knl_Swi_Module__loggerFxn1__C                          
00007a18  ti_sysbios_knl_Swi_Module__loggerFxn4__C                          
00007a1c  ti_sysbios_knl_Swi_Module__loggerObj__C                           
00007a20  ti_sysbios_knl_Swi_Object__count__C                               
00007a24  ti_sysbios_knl_Task_A_badPriority__C                              
00007a28  ti_sysbios_knl_Task_A_badTaskState__C                             
00007a2c  ti_sysbios_knl_Task_A_badThreadType__C                            
00007a30  ti_sysbios_knl_Task_A_badTimeout__C                               
00007a34  ti_sysbios_knl_Task_A_noPendElem__C                               
00007a38  ti_sysbios_knl_Task_A_sleepTaskDisabled__C                        
00007a3c  ti_sysbios_knl_Task_E_spOutOfBounds__C                            
00007a40  ti_sysbios_knl_Task_E_stackOverflow__C                            
00007a44  ti_sysbios_knl_Task_LD_block__C                                   
00007a48  ti_sysbios_knl_Task_LD_exit__C                                    
00007a4c  ti_sysbios_knl_Task_LD_ready__C                                   
00007a50  ti_sysbios_knl_Task_LM_sleep__C                                   
00007a54  ti_sysbios_knl_Task_LM_switch__C                                  
00007a58  ti_sysbios_knl_Task_Module_State_inactiveQ__O                     
00007a5c  ti_sysbios_knl_Task_Module__diagsEnabled__C                       
00007a60  ti_sysbios_knl_Task_Module__diagsIncluded__C                      
00007a64  ti_sysbios_knl_Task_Module__diagsMask__C                          
00007a68  ti_sysbios_knl_Task_Module__loggerFxn2__C                         
00007a6c  ti_sysbios_knl_Task_Module__loggerFxn4__C                         
00007a70  ti_sysbios_knl_Task_Module__loggerObj__C                          
00007a74  ti_sysbios_knl_Task_Object__count__C                              
00007a78  ti_sysbios_knl_Task_allBlockedFunc__C                             
00007a7c  ti_sysbios_knl_Task_defaultStackHeap__C                           
00007a80  ti_sysbios_knl_Task_defaultStackSize__C                           
00007a84  ti_sysbios_knl_Task_numConstructedTasks__C                        
00007a88  xdc_runtime_Assert_E_assertFailed__C                              
00007a8c  xdc_runtime_Core_A_initializedParams__C                           
00007a90  xdc_runtime_Core_Module__diagsEnabled__C                          
00007a94  xdc_runtime_Core_Module__diagsIncluded__C                         
00007a98  xdc_runtime_Core_Module__diagsMask__C                             
00007a9c  xdc_runtime_Error_E_memory__C                                     
00007aa0  xdc_runtime_Error_Module__diagsEnabled__C                         
00007aa4  xdc_runtime_Error_Module__diagsIncluded__C                        
00007aa8  xdc_runtime_Error_Module__diagsMask__C                            
00007aac  xdc_runtime_Error_Module__loggerFxn8__C                           
00007ab0  xdc_runtime_Error_Module__loggerObj__C                            
00007ab4  xdc_runtime_Error_policyFxn__C                                    
00007ab8  xdc_runtime_Error_raiseHook__C                                    
00007abc  xdc_runtime_IFilterLogger_Interface__BASE__C                      
00007ac0  xdc_runtime_IGateProvider_Interface__BASE__C                      
00007ac4  xdc_runtime_IHeap_Interface__BASE__C                              
00007ac8  xdc_runtime_ILogger_Interface__BASE__C                            
00007acc  xdc_runtime_IModule_Interface__BASE__C                            
00007ad0  xdc_runtime_Log_L_error__C                                        
00007ad4  xdc_runtime_LoggerBuf_E_badLevel__C                               
00007ad8  xdc_runtime_LoggerBuf_Module__gateObj__C                          
00007adc  xdc_runtime_LoggerBuf_Object__count__C                            
00007ae0  xdc_runtime_LoggerBuf_statusLogger__C                             
00007ae4  xdc_runtime_Memory_defaultHeapInstance__C                         
00007ae8  xdc_runtime_Startup_execImpl__C                                   
00007aec  xdc_runtime_Startup_lastFxns__A                                   
00007af0  xdc_runtime_Startup_maxPasses__C                                  
00007af4  xdc_runtime_Startup_sfxnRts__C                                    
00007af8  xdc_runtime_Startup_sfxnTab__C                                    
00007afc  xdc_runtime_SysMin_bufSize__C                                     
00007b00  xdc_runtime_SysMin_outputFunc__C                                  
00007b04  xdc_runtime_System_Module__gateObj__C                             
00007b08  xdc_runtime_System_abortFxn__C                                    
00007b0c  xdc_runtime_System_exitFxn__C                                     
00007b10  xdc_runtime_System_extendFxn__C                                   
00007b14  xdc_runtime_System_maxAtexitHandlers__C                           
00007b18  xdc_runtime_Text_charTab__C                                       
00007b1c  xdc_runtime_Text_nameEmpty__C                                     
00007b20  xdc_runtime_Text_nameStatic__C                                    
00007b24  xdc_runtime_Text_nameUnknown__C                                   
00007b28  xdc_runtime_Text_nodeTab__C                                       
00007b2c  xdc_runtime_Text_visitRopeFxn__C                                  
00007b30  ti_sysbios_family_arm_lm4_TimestampProvider_useClockTimer__C      
00007b32  ti_sysbios_family_arm_m3_Hwi_Module__id__C                        
00007b34  ti_sysbios_family_arm_m3_Hwi_Module__loggerDefined__C             
00007b36  ti_sysbios_gates_GateMutex_Module__id__C                          
00007b38  ti_sysbios_hal_Hwi_Module__id__C                                  
00007b3a  ti_sysbios_heaps_HeapMem_Module__id__C                            
00007b3c  ti_sysbios_knl_Clock_Module__id__C                                
00007b3e  ti_sysbios_knl_Clock_Module__loggerDefined__C                     
00007b40  ti_sysbios_knl_Semaphore_Module__id__C                            
00007b42  ti_sysbios_knl_Semaphore_Module__loggerDefined__C                 
00007b44  ti_sysbios_knl_Swi_Module__id__C                                  
00007b46  ti_sysbios_knl_Swi_Module__loggerDefined__C                       
00007b48  ti_sysbios_knl_Task_Module__id__C                                 
00007b4a  ti_sysbios_knl_Task_Module__loggerDefined__C                      
00007b4c  xdc_runtime_Core_Module__id__C                                    
00007b4e  xdc_runtime_Error_Module__loggerDefined__C                        
00007b50  xdc_runtime_Error_maxDepth__C                                     
00007b52  xdc_runtime_LoggerBuf_Module__id__C                               
00007b54  xdc_runtime_LoggerBuf_filterByLevel__C                            
00007b56  xdc_runtime_Memory_Module__id__C                                  
00007b58  xdc_runtime_SysMin_flushAtExit__C                                 
00007b5a  xdc_runtime_Text_charCnt__C                                       
00007b5c  xdc_runtime_Text_isLoaded__C                                      
00007b5e  xdc_runtime_Text_registryModsLastId__C                            
00007b60  xdc_runtime_Text_unnamedModsLastId__C                             
00007b62  xdc_runtime_Error_policy__C                                       
00007b68  __TI_static_base__                                                
00007d58  __TI_Handler_Table_Base                                           
00007d64  __TI_Handler_Table_Limit                                          
00007d70  __TI_CINIT_Base                                                   
00007d80  __TI_CINIT_Limit                                                  
20000000  ti_sysbios_family_arm_m3_Hwi_ramVectors                           
20000360  ti_sysbios_heaps_HeapMem_Instance_State_0_buf__A                  
20001360  ti_sysbios_knl_Task_Instance_State_0_stack__A                     
20001b60  ti_sysbios_family_arm_m3_Hwi_dispatchTable                        
20001ec0  xdc_runtime_LoggerBuf_Instance_State_0_entryArr__A                
200020c0  xdc_runtime_SysMin_Module_State_0_outbuf__A                       
200022c0  __CIOBUF_                                                         
200023e0  parmbuf                                                           
200023e8  ti_sysbios_family_arm_lm4_Timer_Object__table__V                  
20002468  ti_sysbios_knl_Swi_Module_State_0_readyQ__A                       
200024e8  ti_sysbios_knl_Task_Module_State_0_readyQ__A                      
20002568  ti_sysbios_knl_Task_Object__table__V                              
200025c4  ti_sysbios_knl_Task_Module__state__V                              
2000260c  ti_sysbios_gates_GateMutex_Object__table__V                       
20002644  ti_sysbios_family_arm_m3_Hwi_Module__state__V                     
20002678  ti_sysbios_family_arm_lm4_Timer_Module_State_0_device__A          
200026a8  ti_sysbios_family_arm_m3_Hwi_Object__table__V                     
200026d8  ti_sysbios_knl_Swi_Object__table__V                               
20002708  ti_sysbios_knl_Clock_Module__state__V                             
20002734  ti_sysbios_BIOS_Module__state__V                                  
20002758  xdc_runtime_LoggerBuf_Object__table__V                            
2000277c  xdc_runtime_Error_IgnoreBlock                                     
2000279c  ti_sysbios_knl_Swi_Module__state__V                               
200027b8  ti_sysbios_family_arm_lm4_Timer_Module_State_0_handles__A         
200027d0  ti_sysbios_heaps_HeapMem_Object__table__V                         
200027e8  xdc_runtime_System_Module_State_0_atexitHandlers__A               
200027f8  ti_sysbios_family_arm_lm4_Timer_Module__state__V                  
20002804  xdc_runtime_SysMin_Module__state__V                               
20002810  _lock                                                             
20002814  _unlock                                                           
20002818  ti_sysbios_family_arm_lm4_TimestampProvider_Module__state__V      
20002820  ti_sysbios_gates_GateHwi_Module__root__V                          
20002828  ti_sysbios_gates_GateMutex_Module__root__V                        
20002830  ti_sysbios_heaps_HeapMem_Module__root__V                          
20002838  ti_sysbios_knl_Queue_Module__root__V                              
20002840  ti_sysbios_knl_Semaphore_Module__root__V                          
20002848  ti_sysbios_knl_Task_Module__root__V                               
20002850  xdc_runtime_LoggerBuf_Module__root__V                             
20002858  xdc_runtime_Registry_Module__state__V                             
20002860  xdc_runtime_Startup_Module__state__V                              
20002868  xdc_runtime_System_Module__state__V                               
20002870  xdc_runtime_LoggerBuf_Module__state__V                            
20002876  ti_sysbios_family_arm_m3_Hwi_Module_State_0_excActive__A          
20002878  main_func_sp                                                      
2000287c  ti_sysbios_family_arm_m3_Hwi_Module_State_0_excContext__A         
20002880  ti_sysbios_family_arm_m3_Hwi_Module_State_0_excStack__A           
20002884  ti_sysbios_gates_GateHwi_Object__table__V                         
20002888  ti_sysbios_knl_Task_Module_State_0_idleTask__A                    
2000288c  xdc_runtime_Memory_Module__state__V                               
20002890  xdc_runtime_Error_Module__state__V                                
20002898  __stack                                                           
20002c98  __STACK_END                                                       
e000e000  ti_sysbios_family_arm_m3_Hwi_nvic                                 
ffffffff  __TI_pprof_out_hndl                                               
ffffffff  __TI_prof_data_size                                               
ffffffff  __TI_prof_data_start                                              
ffffffff  __binit__                                                         
ffffffff  __c_args__                                                        
ffffffff  binit                                                             
UNDEFED   SHT$$INIT_ARRAY$$Base                                             
UNDEFED   SHT$$INIT_ARRAY$$Limit                                            

[603 symbols]
