******************************************************************************
                  TI ARM Linker Unix v18.1.1                   
******************************************************************************
>> Linked Tue Jun 19 23:19:39 2018

OUTPUT FILE NAME:   <projectx_alpha.out>
ENTRY POINT SYMBOL: "_c_int00"  address: 000042c1


MEMORY CONFIGURATION

         name            origin    length      used     unused   attr    fill
----------------------  --------  ---------  --------  --------  ----  --------
  RAM                   00000020   ffffffe0  00000360  fffffc80  RWIX


SEGMENT ALLOCATION MAP

run origin  load origin   length   init length attrs members
----------  ----------- ---------- ----------- ----- -------
00000000    00000000    00007ac3   00007ac3    r-x
  00000000    00000000    0000003c   0000003c    r-- .resetVecs
  00000040    00000040    00005a42   00005a42    r-x .text
  00005a84    00005a84    0000203f   0000203f    r-- .const
00007ac8    00007ac8    00002938   00000000    rw-
  00007ac8    00007ac8    00001768   00000000    rw- .bss:.common
  00009230    00009230    00000920   00000000    rw- .bss
  00009b50    00009b50    000004aa   00000000    rw- .data
  0000a000    0000a000    00000400   00000000    rw- .stack
0000a400    0000a400    00000140   00000140    r--
  0000a400    0000a400    00000140   00000140    r-- .cinit


SECTION ALLOCATION MAP

 output                                  attributes/
section   page    origin      length       input sections
--------  ----  ----------  ----------   ----------------
.bootVecs 
*          0    00000000    00000008     DSECT
                  00000000    00000008     boot.aem4f : boot.oem4f (.bootVecs)

.resetVecs 
*          0    00000000    0000003c     
                  00000000    0000003c     app_pem4f.oem4f (.resetVecs)

.vecs      0    20000000    00000360     NOLOAD SECTION
                  20000000    00000360     app_pem4f.oem4f (.vecs)

xdc.meta   0    00000000    000000df     COPY SECTION
                  00000000    000000df     app_pem4f.oem4f (xdc.meta)

.text      0    00000040    00005a42     
                  00000040    00000430     sysbios.aem4f : BIOS.obj (.text:ti_sysbios_family_arm_m3_Hwi_excDumpRegs__I)
                  00000470    00000354     ti.targets.arm.rtsarm.aem4f : System.oem4f (.text:xdc_runtime_System_doPrint__I)
                  000007c4    00000004     rtsv7M4_T_le_v4SPD16_eabi.lib : exit.c.obj (.text:abort:abort)
                  000007c8    000002fc     sysbios.aem4f : BIOS.obj (.text:ti_sysbios_knl_Semaphore_pend__E)
                  00000ac4    00000004     app_pem4f.oem4f (.text:ti_sysbios_BIOS_RtsGateProxy_enter__E)
                  00000ac8    0000023c     sysbios.aem4f : BIOS.obj (.text:ti_sysbios_heaps_HeapMem_freeUnprotected__E)
                  00000d04    00000004     app_pem4f.oem4f (.text:ti_sysbios_BIOS_RtsGateProxy_leave__E)
                  00000d08    00000234     sysbios.aem4f : BIOS.obj (.text:ti_sysbios_knl_Task_Instance_finalize__E)
                  00000f3c    00000004                   : BIOS.obj (.text:ti_sysbios_family_arm_lm4_Timer_masterEnable__I)
                  00000f40    00000200                   : BIOS.obj (.text:ti_sysbios_heaps_HeapMem_allocUnprotected__E)
                  00001140    000001fc                   : BIOS.obj (.text:ti_sysbios_family_arm_m3_Hwi_excHandlerMax__I)
                  0000133c    00000004     app_pem4f.oem4f (.text:ti_sysbios_family_arm_m3_TaskSupport_Module__startupDone__S)
                  00001340    000001f8     sysbios.aem4f : BIOS.obj (.text:ti_sysbios_knl_Task_sleep__E)
                  00001538    000001c8                   : BIOS.obj (.text:ti_sysbios_knl_Task_Instance_init__E)
                  00001700    000001a0                   : BIOS.obj (.text:ti_sysbios_family_arm_m3_Hwi_excUsageFault__I)
                  000018a0    00000178                   : BIOS.obj (.text:ti_sysbios_family_arm_lm4_TimestampProvider_get64__E)
                  00001a18    00000174                   : BIOS.obj (.text:ti_sysbios_family_arm_m3_Hwi_excBusFault__I)
                  00001b8c    00000004     app_pem4f.oem4f (.text:ti_sysbios_heaps_HeapMem_Module_GateProxy_enter__E)
                  00001b90    00000148     sysbios.aem4f : BIOS.obj (.text:ti_sysbios_family_arm_m3_Hwi_excMemFault__I)
                  00001cd8    00000144                   : BIOS.obj (.text:ti_sysbios_knl_Clock_workFunc__E)
                  00001e1c    00000004     app_pem4f.oem4f (.text:ti_sysbios_heaps_HeapMem_Module_GateProxy_leave__E)
                  00001e20    00000140     sysbios.aem4f : BIOS.obj (.text:ti_sysbios_family_arm_m3_Hwi_dispatchC__I)
                  00001f60    0000013c                   : BIOS.obj (.text:ti_sysbios_heaps_HeapMem_Instance_init__E)
                  0000209c    00000004     app_pem4f.oem4f (.text:ti_sysbios_knl_Clock_TimerProxy_getMaxTicks__E)
                  000020a0    0000013c     sysbios.aem4f : BIOS.obj (.text:ti_sysbios_knl_Semaphore_post__E)
                  000021dc    00000138     ti.targets.arm.rtsarm.aem4f : LoggerBuf.oem4f (.text:xdc_runtime_LoggerBuf_write8__E)
                  00002314    00000130                                 : Error.oem4f (.text:xdc_runtime_Error_policyDefault__E)
                  00002444    00000004     app_pem4f.oem4f (.text:ti_sysbios_knl_Clock_TimerProxy_getPeriod__E)
                  00002448    00000120     sysbios.aem4f : BIOS.obj (.text:ti_sysbios_knl_Swi_run__I)
                  00002568    0000010c                   : BIOS.obj (.text:ti_sysbios_family_arm_lm4_Timer_start__E)
                  00002674    00000100     Boot.aem4f : Boot_sysctl.oem4f (.text:ti_catalog_arm_cortexm4_tiva_ce_Boot_sysCtlClockSetI__I)
                  00002774    000000f8     ti.targets.arm.rtsarm.aem4f : Startup.oem4f (.text:xdc_runtime_Startup_startMods__I)
                  0000286c    000000f8     app_pem4f.oem4f (.text:xdc_runtime_System_printfExtend__I)
                  00002964    000000f4     sysbios.aem4f : m3_Hwi_asm.obj (.text:ti_sysbios_family_arm_m3_Hwi_dispatch__I)
                  00002a58    000000e8                   : BIOS.obj (.text:ti_sysbios_family_arm_m3_TaskSupport_start__E)
                  00002b40    000000e8     ti.targets.arm.rtsarm.aem4f : Core-mem.oem4f (.text:xdc_runtime_Core_createObject__I)
                  00002c28    000000d4                                 : LoggerBuf.oem4f (.text:xdc_runtime_LoggerBuf_write4__E)
                  00002cfc    00000004                                 : Error.oem4f (.text:xdc_runtime_Error_getSite__E)
                  00002d00    000000d0     sysbios.aem4f : BIOS.obj (.text:ti_sysbios_knl_Task_schedule__I)
                  00002dd0    000000cc     ti.targets.arm.rtsarm.aem4f : Core-smem.oem4f (.text:xdc_runtime_Core_constructObject__I)
                  00002e9c    00000004     app_pem4f.oem4f (.text:xdc_runtime_LoggerBuf_Module_GateProxy_enter__E)
                  00002ea0    000000bc     sysbios.aem4f : BIOS.obj (.text:ti_sysbios_family_arm_m3_Hwi_excDebugMon__I)
                  00002f5c    00000004     app_pem4f.oem4f (.text:xdc_runtime_LoggerBuf_Module_GateProxy_leave__E)
                  00002f60    000000bc     sysbios.aem4f : BIOS.obj (.text:ti_sysbios_family_arm_m3_Hwi_excHardFault__I)
                  0000301c    00000004     app_pem4f.oem4f (.text:xdc_runtime_System_Module_GateProxy_enter__E)
                  00003020    000000bc     sysbios.aem4f : BIOS.obj (.text:ti_sysbios_knl_Task_startCore__E)
                  000030dc    00000004     app_pem4f.oem4f (.text:xdc_runtime_System_Module_GateProxy_leave__E)
                  000030e0    000000b4     sysbios.aem4f : BIOS.obj (.text:ti_sysbios_gates_GateMutex_enter__E)
                  00003194    00000004     ti.targets.arm.rtsarm.aem4f : System.oem4f (.text:xdc_runtime_System_aprintf_va__F)
                  00003198    000000b4     sysbios.aem4f : BIOS.obj (.text:ti_sysbios_knl_Task_checkStacks__E)
                  0000324c    00000004     ti.targets.arm.rtsarm.aem4f : System.oem4f (.text:xdc_runtime_System_printf_va__F)
                  00003250    000000b0     sysbios.aem4f : BIOS.obj (.text:ti_sysbios_family_arm_lm4_Timer_enableTiva__I)
                  00003300    000000ac                   : BIOS.obj (.text:ti_sysbios_knl_Swi_post__E)
                  000033ac    00000002     rtsv7M4_T_le_v4SPD16_eabi.lib : _lock.c.obj (.text:_nop)
                  000033ae    00000002                                   : div0.asm.obj (.text)
                  000033b0    000000a8     sysbios.aem4f : BIOS.obj (.text:ti_sysbios_family_arm_lm4_Timer_enableTimers__I)
                  00003458    000000a8                   : BIOS.obj (.text:ti_sysbios_knl_Task_blockI__E)
                  00003500    000000a0     auto_init.aem4f : auto_init.oem4f (.text)
                  000035a0    0000009c     rtsv7M4_T_le_v4SPD16_eabi.lib : memcpy_t2.asm.obj (.text)
                  0000363c    00000002     app_pem4f.oem4f (.text:ti_sysbios_BIOS_nullFunc__I)
                  0000363e    00000002     app_pem4f.oem4f (.text:xdc_runtime_Startup_reset__I)
                  00003640    0000009c     sysbios.aem4f : BIOS.obj (.text:ti_sysbios_knl_Semaphore_Instance_init__E)
                  000036dc    00000004     --HOLE-- [fill = 0]
                  000036e0    0000009c                   : BIOS.obj (.text:ti_sysbios_knl_Task_postInit__I)
                  0000377c    0000009c     ti.targets.arm.rtsarm.aem4f : LoggerBuf.oem4f (.text:xdc_runtime_LoggerBuf_setFilterLevel__E)
                  00003818    0000009a                                 : Text.oem4f (.text:xdc_runtime_Text_putSite__E)
                  000038b2    00000002     --HOLE-- [fill = 0]
                  000038b4    00000098     Boot.aem4f : Boot.oem4f (.text:ti_catalog_arm_cortexm4_tiva_ce_Boot_sysCtlClockSet__E)
                  0000394c    00000004     --HOLE-- [fill = 0]
                  00003950    00000098     sysbios.aem4f : BIOS.obj (.text:ti_sysbios_knl_Task_exit__E)
                  000039e8    00000098     ti.targets.arm.rtsarm.aem4f : Text.oem4f (.text:xdc_runtime_Text_putMod__E)
                  00003a80    00000094     sysbios.aem4f : BIOS.obj (.text:ti_sysbios_family_arm_m3_Hwi_initNVIC__E)
                  00003b14    00000004     --HOLE-- [fill = 0]
                  00003b18    00000094                   : BIOS.obj (.text:ti_sysbios_knl_Task_unblockI__E)
                  00003bac    00000004     --HOLE-- [fill = 0]
                  00003bb0    00000084                   : BIOS.obj (.text:ti_sysbios_family_arm_m3_Hwi_postInit__I)
                  00003c34    0000007a     rtsv7M4_T_le_v4SPD16_eabi.lib : memset_t2.asm.obj (.text)
                  00003cae    00000002     --HOLE-- [fill = 0]
                  00003cb0    00000074     ti.targets.arm.rtsarm.aem4f : LoggerBuf.oem4f (.text:xdc_runtime_LoggerBuf_getFilterLevel__E)
                  00003d24    00000070                                 : Error.oem4f (.text:xdc_runtime_Error_print__E)
                  00003d94    0000006d                                 : System.oem4f (.text:xdc_runtime_System_formatNum__I)
                  00003e01    00000001     --HOLE-- [fill = 0]
                  00003e02    00000006     Boot.aem4f : Boot_sysctl.oem4f (.text:ti_catalog_arm_cortexm4_tiva_ce_Boot_sysCtlDelayI__I)
                  00003e08    0000006c     sysbios.aem4f : BIOS.obj (.text:ti_sysbios_knl_Swi_restoreHwi__E)
                  00003e74    0000006c     ti.targets.arm.rtsarm.aem4f : Memory.oem4f (.text:xdc_runtime_Memory_alloc__E)
                  00003ee0    00000068     rtsv7M4_T_le_v4SPD16_eabi.lib : copy_decompress_lzss.c.obj (.text:decompress:lzss:__TI_decompress_lzss)
                  00003f48    00000068     main.obj (.text:main)
                  00003fb0    00000068     stub.obj (.text:test_variables)
                  00004018    00000066     ti.targets.arm.rtsarm.aem4f : Core-mem.oem4f (.text:xdc_runtime_Core_deleteObject__I)
                  0000407e    00000002     --HOLE-- [fill = 0]
                  00004080    00000064     sysbios.aem4f : BIOS.obj (.text:ti_sysbios_family_arm_lm4_Timer_Module_startup__E)
                  000040e4    00000004     --HOLE-- [fill = 0]
                  000040e8    00000064                   : BIOS.obj (.text:ti_sysbios_knl_Clock_logTick__E)
                  0000414c    00000004     --HOLE-- [fill = 0]
                  00004150    0000005c                   : BIOS.obj (.text:ti_sysbios_knl_Swi_schedule__I)
                  000041ac    00000004     --HOLE-- [fill = 0]
                  000041b0    0000005c                   : BIOS.obj (.text:ti_sysbios_knl_Task_Module_startup__E)
                  0000420c    0000005b     ti.targets.arm.rtsarm.aem4f : Text.oem4f (.text:xdc_runtime_Text_putLab__E)
                  00004267    00000001     --HOLE-- [fill = 0]
                  00004268    00000058     rtsv7M4_T_le_v4SPD16_eabi.lib : hostwrite.c.obj (.text:HOSTwrite)
                  000042c0    00000058     boot.aem4f : boot.oem4f (.text)
                  00004318    00000058     sysbios.aem4f : m3_Hwi_asm_switch.obj (.text:ti_sysbios_family_arm_m3_Hwi_initStacks__E)
                  00004370    00000058                   : BIOS.obj (.text:ti_sysbios_heaps_HeapMem_alloc__E)
                  000043c8    00000054     ti.targets.arm.rtsarm.aem4f : Assert.oem4f (.text:xdc_runtime_Assert_raise__I)
                  0000441c    00000004     --HOLE-- [fill = 0]
                  00004420    00000050     sysbios.aem4f : BIOS.obj (.text:ti_sysbios_family_arm_m3_Hwi_Module_startup__E)
                  00004470    00000050     app_pem4f.oem4f (.text:ti_sysbios_knl_Task_create)
                  000044c0    00000050     ti.targets.arm.rtsarm.aem4f : Startup.oem4f (.text:xdc_runtime_Startup_exec__E)
                  00004510    00000050                                 : Text.oem4f (.text:xdc_runtime_Text_visitRope2__I)
                  00004560    0000004c     rtsv7M4_T_le_v4SPD16_eabi.lib : cpy_tbl.c.obj (.text:copy_in)
                  000045ac    00000004     --HOLE-- [fill = 0]
                  000045b0    0000004c     sysbios.aem4f : BIOS.obj (.text:ti_sysbios_heaps_HeapMem_getStats__E)
                  000045fc    00000004     --HOLE-- [fill = 0]
                  00004600    0000004c                   : BIOS.obj (.text:ti_sysbios_knl_Swi_runLoop__I)
                  0000464c    00000004     --HOLE-- [fill = 0]
                  00004650    0000004c                   : BIOS.obj (.text:ti_sysbios_knl_Task_allBlockedFunction__I)
                  0000469c    00000004     --HOLE-- [fill = 0]
                  000046a0    00000048                   : BIOS.obj (.text:ti_sysbios_family_arm_m3_Hwi_disableInterrupt__E)
                  000046e8    00000048                   : BIOS.obj (.text:ti_sysbios_family_arm_m3_Hwi_enableInterrupt__E)
                  00004730    00000048                   : BIOS.obj (.text:ti_sysbios_family_arm_m3_Hwi_excReserved__I)
                  00004778    00000048     app_pem4f.oem4f (.text:xdc_runtime_LoggerBuf_Object__create__S)
                  000047c0    00000046     ti.targets.arm.rtsarm.aem4f : Core-params.oem4f (.text:xdc_runtime_Core_assignParams__I)
                  00004806    00000002     --HOLE-- [fill = 0]
                  00004808    00000044     main.obj (.text:taskFxn)
                  0000484c    00000004     --HOLE-- [fill = 0]
                  00004850    00000044     sysbios.aem4f : BIOS.obj (.text:ti_sysbios_family_arm_lm4_Timer_isrStub__E)
                  00004894    00000004     --HOLE-- [fill = 0]
                  00004898    00000044                   : BIOS.obj (.text:ti_sysbios_family_arm_m3_Hwi_getStackInfo__E)
                  000048dc    00000044     ti.targets.arm.rtsarm.aem4f : Error.oem4f (.text:xdc_runtime_Error_setX__E)
                  00004920    00000044                                 : LoggerBuf.oem4f (.text:xdc_runtime_LoggerBuf_filterOutEvent__I)
                  00004964    00000044                                 : SysMin.oem4f (.text:xdc_runtime_SysMin_flush__E)
                  000049a8    00000044                                 : Text.oem4f (.text:xdc_runtime_Text_xprintf__I)
                  000049ec    00000040     rtsv7M4_T_le_v4SPD16_eabi.lib : u_divt2.asm.obj (.text)
                  00004a2c    00000004     --HOLE-- [fill = 0]
                  00004a30    00000040     sysbios.aem4f : BIOS.obj (.text:ti_sysbios_family_arm_lm4_Timer_startup__E)
                  00004a70    0000003c                   : BIOS.obj (.text:ti_sysbios_family_arm_m3_Hwi_excSvCall__I)
                  00004aac    00000004     --HOLE-- [fill = 0]
                  00004ab0    0000003c                   : BIOS.obj (.text:ti_sysbios_heaps_HeapMem_init__I)
                  00004aec    00000004     --HOLE-- [fill = 0]
                  00004af0    0000003c                   : BIOS.obj (.text:ti_sysbios_knl_Swi_restore__E)
                  00004b2c    0000003a     ti.targets.arm.rtsarm.aem4f : LoggerBuf.oem4f (.text:xdc_runtime_LoggerBuf_Instance_init__E)
                  00004b66    00000002     --HOLE-- [fill = 0]
                  00004b68    00000038     rtsv7M4_T_le_v4SPD16_eabi.lib : trgmsg.c.obj (.text:__TI_writemsg)
                  00004ba0    00000038     sysbios.aem4f : BIOS.obj (.text:ti_sysbios_family_arm_m3_Hwi_excNoIsr__I)
                  00004bd8    00000038                   : BIOS.obj (.text:ti_sysbios_knl_Task_processVitalTaskFlag__I)
                  00004c10    00000038     ti.targets.arm.rtsarm.aem4f : SysMin.oem4f (.text:xdc_runtime_SysMin_putch__E)
                  00004c48    00000038                                 : System.oem4f (.text:xdc_runtime_System_atexit__E)
                  00004c80    00000034     rtsv7M4_T_le_v4SPD16_eabi.lib : trgmsg.c.obj (.text:__TI_readmsg)
                  00004cb4    00000004     --HOLE-- [fill = 0]
                  00004cb8    00000034     sysbios.aem4f : BIOS.obj (.text:ti_sysbios_family_arm_m3_Hwi_excNmi__I)
                  00004cec    00000004     --HOLE-- [fill = 0]
                  00004cf0    00000034                   : BIOS.obj (.text:ti_sysbios_hal_Hwi_checkStack)
                  00004d24    00000034     ti.targets.arm.rtsarm.aem4f : Core-label.oem4f (.text:xdc_runtime_Core_assignLabel__I)
                  00004d58    00000033                                 : Text.oem4f (.text:xdc_runtime_Text_printVisFxn__I)
                  00004d8b    00000005     --HOLE-- [fill = 0]
                  00004d90    00000032     sysbios.aem4f : BIOS.obj (.text:ti_sysbios_hal_Hwi_initStack)
                  00004dc2    00000006     ti.targets.arm.rtsarm.aem4f : System.oem4f (.text:xdc_runtime_System_Module_startup__E)
                  00004dc8    00000032     sysbios.aem4f : BIOS.obj (.text:ti_sysbios_knl_Semaphore_pendTimeout__I)
                  00004dfa    00000002     --HOLE-- [fill = 0]
                  00004dfc    00000030     app_pem4f.oem4f (.text:ti_sysbios_BIOS_atExitFunc__I)
                  00004e2c    00000030     app_pem4f.oem4f (.text:ti_sysbios_BIOS_startFunc__I)
                  00004e5c    00000004     --HOLE-- [fill = 0]
                  00004e60    00000030     sysbios.aem4f : BIOS.obj (.text:ti_sysbios_family_arm_lm4_Timer_stop__E)
                  00004e90    00000030     app_pem4f.oem4f (.text:ti_sysbios_gates_GateHwi_Object__create__S)
                  00004ec0    00000030     app_pem4f.oem4f (.text:ti_sysbios_gates_GateMutex_Object__create__S)
                  00004ef0    00000030     app_pem4f.oem4f (.text:ti_sysbios_heaps_HeapMem_Object__create__S)
                  00004f20    00000030     sysbios.aem4f : BIOS.obj (.text:ti_sysbios_heaps_HeapMem_free__E)
                  00004f50    00000030     app_pem4f.oem4f (.text:ti_sysbios_knl_Semaphore_construct)
                  00004f80    00000030     sysbios.aem4f : BIOS.obj (.text:ti_sysbios_knl_Task_restore__E)
                  00004fb0    00000030     ti.targets.arm.rtsarm.aem4f : SysMin.oem4f (.text:xdc_runtime_SysMin_abort__E)
                  00004fe0    00000030                                 : System.oem4f (.text:xdc_runtime_System_processAtExit__E)
                  00005010    0000002c     app_pem4f.oem4f (.text:ti_sysbios_knl_Clock_doTick__I)
                  0000503c    0000002c     app_pem4f.oem4f (.text:ti_sysbios_knl_Queue_construct)
                  00005068    0000002c     ti.targets.arm.rtsarm.aem4f : Text.oem4f (.text:xdc_runtime_Text_cordText__E)
                  00005094    0000002a                                 : System.oem4f (.text:xdc_runtime_System_putchar__I)
                  000050be    00000002     --HOLE-- [fill = 0]
                  000050c0    00000028     sysbios.aem4f : BIOS.obj (.text:ti_sysbios_knl_Swi_Module_startup__E)
                  000050e8    00000028     ti.targets.arm.rtsarm.aem4f : LoggerBuf.oem4f (.text:xdc_runtime_LoggerBuf_Module_startup__E)
                  00005110    00000026     sysbios.aem4f : m3_Hwi_asm.obj (.text:ti_sysbios_family_arm_m3_Hwi_pendSV__I)
                  00005136    00000026     ti.targets.arm.rtsarm.aem4f : System.oem4f (.text:xdc_runtime_System_avprintf__E)
                  0000515c    00000024     app_pem4f.oem4f (.text:ti_sysbios_BIOS_errorRaiseHook__I)
                  00005180    00000024     app_pem4f.oem4f (.text:ti_sysbios_BIOS_registerRTSLock__I)
                  000051a4    00000024     app_pem4f.oem4f (.text:ti_sysbios_BIOS_removeRTSLock__I)
                  000051c8    00000024     app_pem4f.oem4f (.text:ti_sysbios_gates_GateMutex_Object__delete__S)
                  000051ec    00000004     --HOLE-- [fill = 0]
                  000051f0    00000024     sysbios.aem4f : BIOS.obj (.text:ti_sysbios_knl_Clock_Module_startup__E)
                  00005214    00000004     --HOLE-- [fill = 0]
                  00005218    00000024                   : BIOS.obj (.text:ti_sysbios_knl_Task_restoreHwi__E)
                  0000523c    00000024     ti.targets.arm.rtsarm.aem4f : System.oem4f (.text:xdc_runtime_System_vprintf__E)
                  00005260    00000022     sysbios.aem4f : BIOS.obj (.text:ti_sysbios_family_arm_lm4_Timer_write__I)
                  00005282    00000022     app_pem4f.oem4f (.text:xdc_runtime_SysMin_output__I)
                  000052a4    00000020     app_pem4f.oem4f (.text:ti_sysbios_BIOS_rtsLock__I)
                  000052c4    00000020     sysbios.aem4f : m3_Hwi_asm.obj (.text:ti_sysbios_family_arm_m3_Hwi_excHandlerAsm__I)
                  000052e4    00000004     --HOLE-- [fill = 0]
                  000052e8    00000020                   : BIOS.obj (.text:ti_sysbios_family_arm_m3_Hwi_excHandler__I)
                  00005308    00000020     app_pem4f.oem4f (.text:ti_sysbios_gates_GateHwi_Object__delete__S)
                  00005328    00000020     app_pem4f.oem4f (.text:ti_sysbios_heaps_HeapMem_Object__delete__S)
                  00005348    00000020     sysbios.aem4f : BIOS.obj (.text:ti_sysbios_knl_Idle_run__E)
                  00005368    00000020     app_pem4f.oem4f (.text:ti_sysbios_knl_Semaphore_destruct)
                  00005388    00000020     app_pem4f.oem4f (.text:xdc_runtime_LoggerBuf_Object__delete__S)
                  000053a8    00000020     ti.targets.arm.rtsarm.aem4f : LoggerBuf.oem4f (.text:xdc_runtime_LoggerBuf_reset__E)
                  000053c8    00000020                                 : Registry.oem4f (.text:xdc_runtime_Registry_findById__E)
                  000053e8    00000020                                 : SysMin.oem4f (.text:xdc_runtime_SysMin_Module_startup__E)
                  00005408    0000001e     sysbios.aem4f : m3_Hwi_asm_switch.obj (.text:ti_sysbios_family_xxx_Hwi_switchAndRunFunc)
                  00005426    00000002     --HOLE-- [fill = 0]
                  00005428    0000001c                   : BIOS.obj (.text:ti_sysbios_gates_GateMutex_Instance_init__E)
                  00005444    0000001c     app_pem4f.oem4f (.text:ti_sysbios_knl_Queue_destruct)
                  00005460    0000001c     sysbios.aem4f : BIOS.obj (.text:ti_sysbios_knl_Queue_put__E)
                  0000547c    00000004     --HOLE-- [fill = 0]
                  00005480    0000001c                   : BIOS.obj (.text:ti_sysbios_knl_Task_enter__I)
                  0000549c    0000001c     ti.targets.arm.rtsarm.aem4f : Error.oem4f (.text:xdc_runtime_Error_check__E)
                  000054b8    0000001c                                 : Error.oem4f (.text:xdc_runtime_Error_raiseX__E)
                  000054d4    0000001c                                 : Memory.oem4f (.text:xdc_runtime_Memory_valloc__E)
                  000054f0    0000001c                                 : SysMin.oem4f (.text:xdc_runtime_SysMin_exit__E)
                  0000550c    0000001c                                 : System.oem4f (.text:xdc_runtime_System_abort__E)
                  00005528    0000001a     app_pem4f.oem4f (.text:ti_sysbios_family_arm_m3_Hwi_Handle__label__S)
                  00005542    0000001a     app_pem4f.oem4f (.text:ti_sysbios_gates_GateHwi_Handle__label__S)
                  0000555c    0000001a     app_pem4f.oem4f (.text:ti_sysbios_gates_GateMutex_Handle__label__S)
                  00005576    0000001a     app_pem4f.oem4f (.text:ti_sysbios_heaps_HeapMem_Handle__label__S)
                  00005590    0000001a     app_pem4f.oem4f (.text:ti_sysbios_knl_Swi_Handle__label__S)
                  000055aa    0000001a     app_pem4f.oem4f (.text:ti_sysbios_knl_Task_Handle__label__S)
                  000055c4    00000004     --HOLE-- [fill = 0]
                  000055c8    0000001a     sysbios.aem4f : BIOS.obj (.text:ti_sysbios_knl_Task_sleepTimeout__I)
                  000055e2    0000001a     app_pem4f.oem4f (.text:xdc_runtime_LoggerBuf_Handle__label__S)
                  000055fc    0000001a     app_pem4f.oem4f (.text:xdc_runtime_System_aprintf__E)
                  00005616    0000001a     app_pem4f.oem4f (.text:xdc_runtime_System_printf__E)
                  00005630    00000018     rtsv7M4_T_le_v4SPD16_eabi.lib : args_main.c.obj (.text:_args_main)
                  00005648    00000018     app_pem4f.oem4f (.text:ti_sysbios_BIOS_rtsUnlock__I)
                  00005660    00000018     app_pem4f.oem4f (.text:ti_sysbios_family_arm_lm4_Timer_Module__startupDone__F)
                  00005678    00000018     app_pem4f.oem4f (.text:ti_sysbios_family_arm_m3_Hwi_Module__startupDone__F)
                  00005690    00000018     sysbios.aem4f : m3_TaskSupport_asm.obj (.text:ti_sysbios_family_arm_m3_TaskSupport_swap__E)
                  000056a8    00000018                   : BIOS.obj (.text:ti_sysbios_gates_GateMutex_leave__E)
                  000056c0    00000018     ti.targets.arm.rtsarm.aem4f : Error.oem4f (.text:xdc_runtime_Error_init__E)
                  000056d8    00000018                                 : System.oem4f (.text:xdc_runtime_System_exit__E)
                  000056f0    00000018                                 : Text.oem4f (.text:xdc_runtime_Text_ropeText__E)
                  00005708    00000016     app_pem4f.oem4f (.text:ti_sysbios_BIOS_exitFunc__I)
                  0000571e    00000014     rtsv7M4_T_le_v4SPD16_eabi.lib : strlen.c.obj (.text:strlen)
                  00005732    00000002     --HOLE-- [fill = 0]
                  00005734    00000014     app_pem4f.oem4f (.text:ti_sysbios_family_arm_m3_Hwi_Object__get__S)
                  00005748    00000014     sysbios.aem4f : BIOS.obj (.text:ti_sysbios_family_arm_m3_Hwi_switchFromBootStack__E)
                  0000575c    00000014     app_pem4f.oem4f (.text:ti_sysbios_heaps_HeapMem_Object__get__S)
                  00005770    00000014     app_pem4f.oem4f (.text:ti_sysbios_knl_Swi_Object__get__S)
                  00005784    00000014     app_pem4f.oem4f (.text:xdc_runtime_LoggerBuf_Object__get__S)
                  00005798    00000012     sysbios.aem4f : BIOS.obj (.text:ti_sysbios_hal_Hwi_Module_startup__E)
                  000057aa    00000012     ti.targets.arm.rtsarm.aem4f : LoggerBuf.oem4f (.text:xdc_runtime_LoggerBuf_Instance_finalize__E)
                  000057bc    00000012                                 : LoggerBuf.oem4f (.text:xdc_runtime_LoggerBuf_write1__E)
                  000057ce    00000012                                 : LoggerBuf.oem4f (.text:xdc_runtime_LoggerBuf_write2__E)
                  000057e0    00000012     app_pem4f.oem4f (.text:xdc_runtime_Startup_exec__I)
                  000057f2    00000006     --HOLE-- [fill = 0]
                  000057f8    00000010     sysbios.aem4f : BIOS.obj (.text:ti_sysbios_BIOS_exit__E)
                  00005808    00000010                   : BIOS.obj (.text:ti_sysbios_BIOS_setThreadType__E)
                  00005818    00000010                   : BIOS.obj (.text:ti_sysbios_BIOS_start__E)
                  00005828    00000010                   : BIOS.obj (.text:ti_sysbios_family_arm_lm4_TimestampProvider_rolloverFunc__E)
                  00005838    00000010                   : m3_TaskSupport_asm.obj (.text:ti_sysbios_family_arm_m3_TaskSupport_glue)
                  00005848    00000010                   : BIOS.obj (.text:ti_sysbios_gates_GateMutex_Instance_finalize__E)
                  00005858    00000010                   : BIOS.obj (.text:ti_sysbios_knl_Semaphore_Instance_finalize__E)
                  00005868    00000010                   : BIOS.obj (.text:ti_sysbios_knl_Swi_disable__E)
                  00005878    00000010     app_pem4f.oem4f (.text:ti_sysbios_knl_Task_Object__get__S)
                  00005888    00000010     sysbios.aem4f : BIOS.obj (.text:ti_sysbios_knl_Task_disable__E)
                  00005898    00000010     ti.targets.arm.rtsarm.aem4f : Gate.oem4f (.text:xdc_runtime_Gate_leaveSystem__E)
                  000058a8    00000010                                 : LoggerBuf.oem4f (.text:xdc_runtime_LoggerBuf_write0__E)
                  000058b8    00000010                                 : Memory.oem4f (.text:xdc_runtime_Memory_free__E)
                  000058c8    00000010                                 : SysMin.oem4f (.text:xdc_runtime_SysMin_ready__E)
                  000058d8    00000010                                 : System.oem4f (.text:xdc_runtime_System_vsnprintf__E)
                  000058e8    00000010     app_pem4f.oem4f (.text:xdc_runtime_Text_visitRope__I)
                  000058f8    0000000e     rtsv7M4_T_le_v4SPD16_eabi.lib : copy_decompress_none.c.obj (.text:decompress:none:__TI_decompress_none)
                  00005906    00000002     --HOLE-- [fill = 0]
                  00005908    0000000e     sysbios.aem4f : BIOS.obj (.text:ti_sysbios_knl_Idle_loop__E)
                  00005916    00000002     --HOLE-- [fill = 0]
                  00005918    0000000e                   : BIOS.obj (.text:ti_sysbios_knl_Queue_empty__E)
                  00005926    00000002     --HOLE-- [fill = 0]
                  00005928    0000000c     app_pem4f.oem4f (.text:.bootCodeSection:ti_catalog_arm_cortexm4_tiva_ce_Boot_init__I)
                  00005934    0000000c     rtsv7M4_T_le_v4SPD16_eabi.lib : _lock.c.obj (.text:_register_lock)
                  00005940    0000000c                                   : _lock.c.obj (.text:_register_unlock)
                  0000594c    0000000c                                   : copy_zero_init.c.obj (.text:decompress:ZI:__TI_zero_init)
                  00005958    0000000c     sysbios.aem4f : BIOS.obj (.text:ti_sysbios_family_arm_lm4_Timer_getMaxTicks__E)
                  00005964    00000004     --HOLE-- [fill = 0]
                  00005968    0000000c                   : BIOS.obj (.text:ti_sysbios_family_arm_lm4_TimestampProvider_startTimer__E)
                  00005974    00000004     --HOLE-- [fill = 0]
                  00005978    0000000c                   : BIOS.obj (.text:ti_sysbios_family_arm_m3_TaskSupport_checkStack__E)
                  00005984    00000004     --HOLE-- [fill = 0]
                  00005988    0000000c                   : BIOS.obj (.text:ti_sysbios_family_arm_m3_TaskSupport_getStackAlignment__E)
                  00005994    00000004     --HOLE-- [fill = 0]
                  00005998    0000000c                   : BIOS.obj (.text:ti_sysbios_gates_GateHwi_enter__E)
                  000059a4    0000000c     app_pem4f.oem4f (.text:ti_sysbios_knl_Queue_Object__get__S)
                  000059b0    0000000c     ti.targets.arm.rtsarm.aem4f : Gate.oem4f (.text:xdc_runtime_Gate_enterSystem__E)
                  000059bc    0000000c                                 : Memory.oem4f (.text:xdc_runtime_Memory_calloc__E)
                  000059c8    0000000c                                 : Memory.oem4f (.text:xdc_runtime_Memory_getMaxDefaultTypeAlign__E)
                  000059d4    0000000c                                 : Startup.oem4f (.text:xdc_runtime_Startup_rtsDone__E)
                  000059e0    0000000a     app_pem4f.oem4f (.text:xdc_runtime_IHeap_alloc)
                  000059ea    0000000a     app_pem4f.oem4f (.text:xdc_runtime_IHeap_free)
                  000059f4    0000000a     ti.targets.arm.rtsarm.aem4f : LoggerBuf.oem4f (.text:xdc_runtime_LoggerBuf_disable__E)
                  000059fe    0000000a                                 : LoggerBuf.oem4f (.text:xdc_runtime_LoggerBuf_enable__E)
                  00005a08    00000008     main.obj (.text:stubtest)
                  00005a10    00000008     sysbios.aem4f : BIOS.obj (.text:ti_sysbios_family_arm_lm4_Timer_masterDisable__I)
                  00005a18    00000008                   : BIOS.obj (.text:ti_sysbios_family_arm_m3_Hwi_doSwiRestore__I)
                  00005a20    00000008                   : BIOS.obj (.text:ti_sysbios_family_arm_m3_Hwi_startup__E)
                  00005a28    00000006                   : BIOS.obj (.text:ti_sysbios_family_arm_lm4_TimestampProvider_Module_startup__E)
                  00005a2e    00000002     --HOLE-- [fill = 0]
                  00005a30    00000006                   : BIOS.obj (.text:ti_sysbios_family_arm_m3_Hwi_doTaskRestore__I)
                  00005a36    00000002     --HOLE-- [fill = 0]
                  00005a38    00000006                   : BIOS.obj (.text:ti_sysbios_gates_GateHwi_leave__E)
                  00005a3e    00000002     --HOLE-- [fill = 0]
                  00005a40    00000006                   : BIOS.obj (.text:ti_sysbios_heaps_HeapMem_isBlocking__E)
                  00005a46    00000002     --HOLE-- [fill = 0]
                  00005a48    00000006                   : BIOS.obj (.text:ti_sysbios_knl_Queue_Instance_init__E)
                  00005a4e    00000002     --HOLE-- [fill = 0]
                  00005a50    00000006                   : BIOS.obj (.text:ti_sysbios_knl_Swi_startup__E)
                  00005a56    00000002     --HOLE-- [fill = 0]
                  00005a58    00000004                   : BIOS.obj (.text:ti_sysbios_family_arm_lm4_Timer_getPeriod__E)
                  00005a5c    00000004     --HOLE-- [fill = 0]
                  00005a60    00000004                   : BIOS.obj (.text:ti_sysbios_gates_GateHwi_query__E)
                  00005a64    00000004     --HOLE-- [fill = 0]
                  00005a68    00000004                   : BIOS.obj (.text:ti_sysbios_gates_GateMutex_query__E)
                  00005a6c    00000004     --HOLE-- [fill = 0]
                  00005a70    00000004                   : BIOS.obj (.text:ti_sysbios_knl_Task_startup__E)
                  00005a74    00000004     --HOLE-- [fill = 0]
                  00005a78    00000002                   : BIOS.obj (.text:ti_sysbios_BIOS_linkedWithIncorrectBootLibrary__E)
                  00005a7a    00000006     --HOLE-- [fill = 0]
                  00005a80    00000002                   : BIOS.obj (.text:ti_sysbios_gates_GateHwi_Instance_init__E)

.const     0    00005a84    0000203f     
                  00005a84    000019a2     app_pem4f.oem4f (.const:xdc_runtime_Text_charTab__A)
                  00007426    000000c4     app_pem4f.oem4f (.const:xdc_runtime_Text_nodeTab__A)
                  000074ea    00000002     app_pem4f.oem4f (.const:ti_catalog_arm_cortexm4_tiva_ce_Boot_Module__id__C)
                  000074ec    00000058     app_pem4f.oem4f (.const:.string)
                  00007544    00000044     app_pem4f.oem4f (.const:ti_sysbios_knl_Task_Object__PARAMS__C)
                  00007588    0000003c     app_pem4f.oem4f (.const:xdc_runtime_LoggerBuf_Module__FXNS__C)
                  000075c4    00000028     app_pem4f.oem4f (.const:ti_sysbios_heaps_HeapMem_Module__FXNS__C)
                  000075ec    00000028     app_pem4f.oem4f (.const:xdc_runtime_Startup_sfxnTab__A)
                  00007614    00000024     app_pem4f.oem4f (.const:ti_sysbios_gates_GateHwi_Module__FXNS__C)
                  00007638    00000024     app_pem4f.oem4f (.const:ti_sysbios_gates_GateMutex_Module__FXNS__C)
                  0000765c    00000024     app_pem4f.oem4f (.const:ti_sysbios_heaps_HeapMem_Object__PARAMS__C)
                  00007680    00000024     app_pem4f.oem4f (.const:ti_sysbios_knl_Semaphore_Object__PARAMS__C)
                  000076a4    00000024     app_pem4f.oem4f (.const:xdc_runtime_LoggerBuf_Object__PARAMS__C)
                  000076c8    00000020     app_pem4f.oem4f (.const:ti_sysbios_gates_GateHwi_Object__DESC__C)
                  000076e8    00000020     app_pem4f.oem4f (.const:ti_sysbios_gates_GateMutex_Object__DESC__C)
                  00007708    00000020     app_pem4f.oem4f (.const:ti_sysbios_heaps_HeapMem_Object__DESC__C)
                  00007728    00000020     app_pem4f.oem4f (.const:ti_sysbios_knl_Queue_Object__DESC__C)
                  00007748    00000020     app_pem4f.oem4f (.const:ti_sysbios_knl_Semaphore_Object__DESC__C)
                  00007768    00000020     app_pem4f.oem4f (.const:ti_sysbios_knl_Task_Object__DESC__C)
                  00007788    00000020     app_pem4f.oem4f (.const:xdc_runtime_LoggerBuf_Object__DESC__C)
                  000077a8    00000018     app_pem4f.oem4f (.const:ti_sysbios_gates_GateHwi_Object__PARAMS__C)
                  000077c0    00000018     app_pem4f.oem4f (.const:ti_sysbios_gates_GateMutex_Object__PARAMS__C)
                  000077d8    00000018     app_pem4f.oem4f (.const:ti_sysbios_knl_Queue_Object__PARAMS__C)
                  000077f0    00000014     app_pem4f.oem4f (.const:xdc_runtime_Startup_firstFxns__A)
                  00007804    00000014     app_pem4f.oem4f (.const:xdc_runtime_Startup_sfxnRts__A)
                  00007818    00000008     app_pem4f.oem4f (.const:ti_sysbios_family_arm_m3_Hwi_excHookFuncs__A)
                  00007820    00000008     app_pem4f.oem4f (.const:ti_sysbios_knl_Idle_funcList__C)
                  00007828    00000008     app_pem4f.oem4f (.const:xdc_runtime_Startup_firstFxns__C)
                  00007830    00000008     app_pem4f.oem4f (.const:xdc_runtime_Startup_lastFxns__C)
                  00007838    00000004     app_pem4f.oem4f (.const:ti_catalog_arm_cortexm4_tiva_ce_Boot_A_mustUseEnhancedClockMode__C)
                  0000783c    00000004     app_pem4f.oem4f (.const:ti_catalog_arm_cortexm4_tiva_ce_Boot_Module__diagsEnabled__C)
                  00007840    00000004     app_pem4f.oem4f (.const:ti_catalog_arm_cortexm4_tiva_ce_Boot_Module__diagsIncluded__C)
                  00007844    00000004     app_pem4f.oem4f (.const:ti_catalog_arm_cortexm4_tiva_ce_Boot_Module__diagsMask__C)
                  00007848    00000004     app_pem4f.oem4f (.const:ti_sysbios_family_arm_lm4_Timer_enableFunc__C)
                  0000784c    00000004     app_pem4f.oem4f (.const:ti_sysbios_family_arm_lm4_Timer_numTimerDevices__C)
                  00007850    00000004     app_pem4f.oem4f (.const:ti_sysbios_family_arm_lm4_Timer_startupNeeded__C)
                  00007854    00000004     app_pem4f.oem4f (.const:ti_sysbios_family_arm_m3_Hwi_E_NMI__C)
                  00007858    00000004     app_pem4f.oem4f (.const:ti_sysbios_family_arm_m3_Hwi_E_busFault__C)
                  0000785c    00000004     app_pem4f.oem4f (.const:ti_sysbios_family_arm_m3_Hwi_E_debugMon__C)
                  00007860    00000004     app_pem4f.oem4f (.const:ti_sysbios_family_arm_m3_Hwi_E_hardFault__C)
                  00007864    00000004     app_pem4f.oem4f (.const:ti_sysbios_family_arm_m3_Hwi_E_memFault__C)
                  00007868    00000004     app_pem4f.oem4f (.const:ti_sysbios_family_arm_m3_Hwi_E_noIsr__C)
                  0000786c    00000004     app_pem4f.oem4f (.const:ti_sysbios_family_arm_m3_Hwi_E_reserved__C)
                  00007870    00000004     app_pem4f.oem4f (.const:ti_sysbios_family_arm_m3_Hwi_E_svCall__C)
                  00007874    00000004     app_pem4f.oem4f (.const:ti_sysbios_family_arm_m3_Hwi_E_usageFault__C)
                  00007878    00000004     app_pem4f.oem4f (.const:ti_sysbios_family_arm_m3_Hwi_LD_end__C)
                  0000787c    00000004     app_pem4f.oem4f (.const:ti_sysbios_family_arm_m3_Hwi_LM_begin__C)
                  00007880    00000004     app_pem4f.oem4f (.const:ti_sysbios_family_arm_m3_Hwi_Module__diagsEnabled__C)
                  00007884    00000004     app_pem4f.oem4f (.const:ti_sysbios_family_arm_m3_Hwi_Module__diagsIncluded__C)
                  00007888    00000004     app_pem4f.oem4f (.const:ti_sysbios_family_arm_m3_Hwi_Module__diagsMask__C)
                  0000788c    00000004     app_pem4f.oem4f (.const:ti_sysbios_family_arm_m3_Hwi_Module__loggerFxn1__C)
                  00007890    00000004     app_pem4f.oem4f (.const:ti_sysbios_family_arm_m3_Hwi_Module__loggerFxn8__C)
                  00007894    00000004     app_pem4f.oem4f (.const:ti_sysbios_family_arm_m3_Hwi_Module__loggerObj__C)
                  00007898    00000004     app_pem4f.oem4f (.const:ti_sysbios_family_arm_m3_Hwi_NUM_INTERRUPTS__C)
                  0000789c    00000004     app_pem4f.oem4f (.const:ti_sysbios_family_arm_m3_Hwi_Object__count__C)
                  000078a0    00000004     app_pem4f.oem4f (.const:ti_sysbios_family_arm_m3_Hwi_ccr__C)
                  000078a4    00000004     app_pem4f.oem4f (.const:ti_sysbios_family_arm_m3_Hwi_excHandlerFunc__C)
                  000078a8    00000004     app_pem4f.oem4f (.const:ti_sysbios_family_arm_m3_Hwi_excHookFuncs__C)
                  000078ac    00000004     app_pem4f.oem4f (.const:ti_sysbios_family_arm_m3_Hwi_nullIsrFunc__C)
                  000078b0    00000004     app_pem4f.oem4f (.const:ti_sysbios_family_arm_m3_Hwi_priGroup__C)
                  000078b4    00000004     app_pem4f.oem4f (.const:ti_sysbios_family_arm_m3_TaskSupport_stackAlignment__C)
                  000078b8    00000004     app_pem4f.oem4f (.const:ti_sysbios_gates_GateMutex_A_badContext__C)
                  000078bc    00000004     app_pem4f.oem4f (.const:ti_sysbios_gates_GateMutex_Instance_State_sem__O)
                  000078c0    00000004     app_pem4f.oem4f (.const:ti_sysbios_gates_GateMutex_Module__diagsEnabled__C)
                  000078c4    00000004     app_pem4f.oem4f (.const:ti_sysbios_gates_GateMutex_Module__diagsIncluded__C)
                  000078c8    00000004     app_pem4f.oem4f (.const:ti_sysbios_gates_GateMutex_Module__diagsMask__C)
                  000078cc    00000004     app_pem4f.oem4f (.const:ti_sysbios_hal_Hwi_E_stackOverflow__C)
                  000078d0    00000004     app_pem4f.oem4f (.const:ti_sysbios_heaps_HeapMem_A_align__C)
                  000078d4    00000004     app_pem4f.oem4f (.const:ti_sysbios_heaps_HeapMem_A_heapSize__C)
                  000078d8    00000004     app_pem4f.oem4f (.const:ti_sysbios_heaps_HeapMem_A_invalidFree__C)
                  000078dc    00000004     app_pem4f.oem4f (.const:ti_sysbios_heaps_HeapMem_A_zeroBlock__C)
                  000078e0    00000004     app_pem4f.oem4f (.const:ti_sysbios_heaps_HeapMem_E_memory__C)
                  000078e4    00000004     app_pem4f.oem4f (.const:ti_sysbios_heaps_HeapMem_Module__diagsEnabled__C)
                  000078e8    00000004     app_pem4f.oem4f (.const:ti_sysbios_heaps_HeapMem_Module__diagsIncluded__C)
                  000078ec    00000004     app_pem4f.oem4f (.const:ti_sysbios_heaps_HeapMem_Module__diagsMask__C)
                  000078f0    00000004     app_pem4f.oem4f (.const:ti_sysbios_heaps_HeapMem_Module__gateObj__C)
                  000078f4    00000004     app_pem4f.oem4f (.const:ti_sysbios_heaps_HeapMem_Object__count__C)
                  000078f8    00000004     app_pem4f.oem4f (.const:ti_sysbios_heaps_HeapMem_reqAlign__C)
                  000078fc    00000004     app_pem4f.oem4f (.const:ti_sysbios_knl_Clock_LM_begin__C)
                  00007900    00000004     app_pem4f.oem4f (.const:ti_sysbios_knl_Clock_LM_tick__C)
                  00007904    00000004     app_pem4f.oem4f (.const:ti_sysbios_knl_Clock_LW_delayed__C)
                  00007908    00000004     app_pem4f.oem4f (.const:ti_sysbios_knl_Clock_Module_State_clockQ__O)
                  0000790c    00000004     app_pem4f.oem4f (.const:ti_sysbios_knl_Clock_Module__diagsEnabled__C)
                  00007910    00000004     app_pem4f.oem4f (.const:ti_sysbios_knl_Clock_Module__diagsIncluded__C)
                  00007914    00000004     app_pem4f.oem4f (.const:ti_sysbios_knl_Clock_Module__diagsMask__C)
                  00007918    00000004     app_pem4f.oem4f (.const:ti_sysbios_knl_Clock_Module__loggerFxn1__C)
                  0000791c    00000004     app_pem4f.oem4f (.const:ti_sysbios_knl_Clock_Module__loggerFxn2__C)
                  00007920    00000004     app_pem4f.oem4f (.const:ti_sysbios_knl_Clock_Module__loggerObj__C)
                  00007924    00000004     app_pem4f.oem4f (.const:ti_sysbios_knl_Idle_funcList__A)
                  00007928    00000004     app_pem4f.oem4f (.const:ti_sysbios_knl_Semaphore_A_badContext__C)
                  0000792c    00000004     app_pem4f.oem4f (.const:ti_sysbios_knl_Semaphore_A_noEvents__C)
                  00007930    00000004     app_pem4f.oem4f (.const:ti_sysbios_knl_Semaphore_A_overflow__C)
                  00007934    00000004     app_pem4f.oem4f (.const:ti_sysbios_knl_Semaphore_A_pendTaskDisabled__C)
                  00007938    00000004     app_pem4f.oem4f (.const:ti_sysbios_knl_Semaphore_Instance_State_pendQ__O)
                  0000793c    00000004     app_pem4f.oem4f (.const:ti_sysbios_knl_Semaphore_LM_pend__C)
                  00007940    00000004     app_pem4f.oem4f (.const:ti_sysbios_knl_Semaphore_LM_post__C)
                  00007944    00000004     app_pem4f.oem4f (.const:ti_sysbios_knl_Semaphore_Module__diagsEnabled__C)
                  00007948    00000004     app_pem4f.oem4f (.const:ti_sysbios_knl_Semaphore_Module__diagsIncluded__C)
                  0000794c    00000004     app_pem4f.oem4f (.const:ti_sysbios_knl_Semaphore_Module__diagsMask__C)
                  00007950    00000004     app_pem4f.oem4f (.const:ti_sysbios_knl_Semaphore_Module__loggerFxn2__C)
                  00007954    00000004     app_pem4f.oem4f (.const:ti_sysbios_knl_Semaphore_Module__loggerFxn4__C)
                  00007958    00000004     app_pem4f.oem4f (.const:ti_sysbios_knl_Semaphore_Module__loggerObj__C)
                  0000795c    00000004     app_pem4f.oem4f (.const:ti_sysbios_knl_Swi_LD_end__C)
                  00007960    00000004     app_pem4f.oem4f (.const:ti_sysbios_knl_Swi_LM_begin__C)
                  00007964    00000004     app_pem4f.oem4f (.const:ti_sysbios_knl_Swi_LM_post__C)
                  00007968    00000004     app_pem4f.oem4f (.const:ti_sysbios_knl_Swi_Module__diagsEnabled__C)
                  0000796c    00000004     app_pem4f.oem4f (.const:ti_sysbios_knl_Swi_Module__diagsIncluded__C)
                  00007970    00000004     app_pem4f.oem4f (.const:ti_sysbios_knl_Swi_Module__diagsMask__C)
                  00007974    00000004     app_pem4f.oem4f (.const:ti_sysbios_knl_Swi_Module__loggerFxn1__C)
                  00007978    00000004     app_pem4f.oem4f (.const:ti_sysbios_knl_Swi_Module__loggerFxn4__C)
                  0000797c    00000004     app_pem4f.oem4f (.const:ti_sysbios_knl_Swi_Module__loggerObj__C)
                  00007980    00000004     app_pem4f.oem4f (.const:ti_sysbios_knl_Swi_Object__count__C)
                  00007984    00000004     app_pem4f.oem4f (.const:ti_sysbios_knl_Task_A_badPriority__C)
                  00007988    00000004     app_pem4f.oem4f (.const:ti_sysbios_knl_Task_A_badTaskState__C)
                  0000798c    00000004     app_pem4f.oem4f (.const:ti_sysbios_knl_Task_A_badThreadType__C)
                  00007990    00000004     app_pem4f.oem4f (.const:ti_sysbios_knl_Task_A_badTimeout__C)
                  00007994    00000004     app_pem4f.oem4f (.const:ti_sysbios_knl_Task_A_noPendElem__C)
                  00007998    00000004     app_pem4f.oem4f (.const:ti_sysbios_knl_Task_A_sleepTaskDisabled__C)
                  0000799c    00000004     app_pem4f.oem4f (.const:ti_sysbios_knl_Task_E_spOutOfBounds__C)
                  000079a0    00000004     app_pem4f.oem4f (.const:ti_sysbios_knl_Task_E_stackOverflow__C)
                  000079a4    00000004     app_pem4f.oem4f (.const:ti_sysbios_knl_Task_LD_block__C)
                  000079a8    00000004     app_pem4f.oem4f (.const:ti_sysbios_knl_Task_LD_exit__C)
                  000079ac    00000004     app_pem4f.oem4f (.const:ti_sysbios_knl_Task_LD_ready__C)
                  000079b0    00000004     app_pem4f.oem4f (.const:ti_sysbios_knl_Task_LM_sleep__C)
                  000079b4    00000004     app_pem4f.oem4f (.const:ti_sysbios_knl_Task_LM_switch__C)
                  000079b8    00000004     app_pem4f.oem4f (.const:ti_sysbios_knl_Task_Module_State_inactiveQ__O)
                  000079bc    00000004     app_pem4f.oem4f (.const:ti_sysbios_knl_Task_Module__diagsEnabled__C)
                  000079c0    00000004     app_pem4f.oem4f (.const:ti_sysbios_knl_Task_Module__diagsIncluded__C)
                  000079c4    00000004     app_pem4f.oem4f (.const:ti_sysbios_knl_Task_Module__diagsMask__C)
                  000079c8    00000004     app_pem4f.oem4f (.const:ti_sysbios_knl_Task_Module__loggerFxn2__C)
                  000079cc    00000004     app_pem4f.oem4f (.const:ti_sysbios_knl_Task_Module__loggerFxn4__C)
                  000079d0    00000004     app_pem4f.oem4f (.const:ti_sysbios_knl_Task_Module__loggerObj__C)
                  000079d4    00000004     app_pem4f.oem4f (.const:ti_sysbios_knl_Task_Object__count__C)
                  000079d8    00000004     app_pem4f.oem4f (.const:ti_sysbios_knl_Task_allBlockedFunc__C)
                  000079dc    00000004     app_pem4f.oem4f (.const:ti_sysbios_knl_Task_defaultStackHeap__C)
                  000079e0    00000004     app_pem4f.oem4f (.const:ti_sysbios_knl_Task_defaultStackSize__C)
                  000079e4    00000004     app_pem4f.oem4f (.const:ti_sysbios_knl_Task_numConstructedTasks__C)
                  000079e8    00000004     app_pem4f.oem4f (.const:xdc_runtime_Assert_E_assertFailed__C)
                  000079ec    00000004     app_pem4f.oem4f (.const:xdc_runtime_Core_A_initializedParams__C)
                  000079f0    00000004     app_pem4f.oem4f (.const:xdc_runtime_Core_Module__diagsEnabled__C)
                  000079f4    00000004     app_pem4f.oem4f (.const:xdc_runtime_Core_Module__diagsIncluded__C)
                  000079f8    00000004     app_pem4f.oem4f (.const:xdc_runtime_Core_Module__diagsMask__C)
                  000079fc    00000004     app_pem4f.oem4f (.const:xdc_runtime_Error_E_memory__C)
                  00007a00    00000004     app_pem4f.oem4f (.const:xdc_runtime_Error_Module__diagsEnabled__C)
                  00007a04    00000004     app_pem4f.oem4f (.const:xdc_runtime_Error_Module__diagsIncluded__C)
                  00007a08    00000004     app_pem4f.oem4f (.const:xdc_runtime_Error_Module__diagsMask__C)
                  00007a0c    00000004     app_pem4f.oem4f (.const:xdc_runtime_Error_Module__loggerFxn8__C)
                  00007a10    00000004     app_pem4f.oem4f (.const:xdc_runtime_Error_Module__loggerObj__C)
                  00007a14    00000004     app_pem4f.oem4f (.const:xdc_runtime_Error_policyFxn__C)
                  00007a18    00000004     app_pem4f.oem4f (.const:xdc_runtime_Error_raiseHook__C)
                  00007a1c    00000004     app_pem4f.oem4f (.const:xdc_runtime_IFilterLogger_Interface__BASE__C)
                  00007a20    00000004     app_pem4f.oem4f (.const:xdc_runtime_IGateProvider_Interface__BASE__C)
                  00007a24    00000004     app_pem4f.oem4f (.const:xdc_runtime_IHeap_Interface__BASE__C)
                  00007a28    00000004     app_pem4f.oem4f (.const:xdc_runtime_ILogger_Interface__BASE__C)
                  00007a2c    00000004     app_pem4f.oem4f (.const:xdc_runtime_IModule_Interface__BASE__C)
                  00007a30    00000004     app_pem4f.oem4f (.const:xdc_runtime_Log_L_error__C)
                  00007a34    00000004     app_pem4f.oem4f (.const:xdc_runtime_LoggerBuf_E_badLevel__C)
                  00007a38    00000004     app_pem4f.oem4f (.const:xdc_runtime_LoggerBuf_Module__gateObj__C)
                  00007a3c    00000004     app_pem4f.oem4f (.const:xdc_runtime_LoggerBuf_Object__count__C)
                  00007a40    00000004     app_pem4f.oem4f (.const:xdc_runtime_LoggerBuf_statusLogger__C)
                  00007a44    00000004     app_pem4f.oem4f (.const:xdc_runtime_Memory_defaultHeapInstance__C)
                  00007a48    00000004     app_pem4f.oem4f (.const:xdc_runtime_Startup_execImpl__C)
                  00007a4c    00000004     app_pem4f.oem4f (.const:xdc_runtime_Startup_lastFxns__A)
                  00007a50    00000004     app_pem4f.oem4f (.const:xdc_runtime_Startup_maxPasses__C)
                  00007a54    00000004     app_pem4f.oem4f (.const:xdc_runtime_Startup_sfxnRts__C)
                  00007a58    00000004     app_pem4f.oem4f (.const:xdc_runtime_Startup_sfxnTab__C)
                  00007a5c    00000004     app_pem4f.oem4f (.const:xdc_runtime_SysMin_bufSize__C)
                  00007a60    00000004     app_pem4f.oem4f (.const:xdc_runtime_SysMin_outputFunc__C)
                  00007a64    00000004     app_pem4f.oem4f (.const:xdc_runtime_System_Module__gateObj__C)
                  00007a68    00000004     app_pem4f.oem4f (.const:xdc_runtime_System_abortFxn__C)
                  00007a6c    00000004     app_pem4f.oem4f (.const:xdc_runtime_System_exitFxn__C)
                  00007a70    00000004     app_pem4f.oem4f (.const:xdc_runtime_System_extendFxn__C)
                  00007a74    00000004     app_pem4f.oem4f (.const:xdc_runtime_System_maxAtexitHandlers__C)
                  00007a78    00000004     app_pem4f.oem4f (.const:xdc_runtime_Text_charTab__C)
                  00007a7c    00000004     app_pem4f.oem4f (.const:xdc_runtime_Text_nameEmpty__C)
                  00007a80    00000004     app_pem4f.oem4f (.const:xdc_runtime_Text_nameStatic__C)
                  00007a84    00000004     app_pem4f.oem4f (.const:xdc_runtime_Text_nameUnknown__C)
                  00007a88    00000004     app_pem4f.oem4f (.const:xdc_runtime_Text_nodeTab__C)
                  00007a8c    00000004     app_pem4f.oem4f (.const:xdc_runtime_Text_visitRopeFxn__C)
                  00007a90    00000002     app_pem4f.oem4f (.const:ti_sysbios_family_arm_lm4_TimestampProvider_useClockTimer__C)
                  00007a92    00000002     app_pem4f.oem4f (.const:ti_sysbios_family_arm_m3_Hwi_Module__id__C)
                  00007a94    00000002     app_pem4f.oem4f (.const:ti_sysbios_family_arm_m3_Hwi_Module__loggerDefined__C)
                  00007a96    00000002     app_pem4f.oem4f (.const:ti_sysbios_gates_GateMutex_Module__id__C)
                  00007a98    00000002     app_pem4f.oem4f (.const:ti_sysbios_hal_Hwi_Module__id__C)
                  00007a9a    00000002     app_pem4f.oem4f (.const:ti_sysbios_heaps_HeapMem_Module__id__C)
                  00007a9c    00000002     app_pem4f.oem4f (.const:ti_sysbios_knl_Clock_Module__id__C)
                  00007a9e    00000002     app_pem4f.oem4f (.const:ti_sysbios_knl_Clock_Module__loggerDefined__C)
                  00007aa0    00000002     app_pem4f.oem4f (.const:ti_sysbios_knl_Semaphore_Module__id__C)
                  00007aa2    00000002     app_pem4f.oem4f (.const:ti_sysbios_knl_Semaphore_Module__loggerDefined__C)
                  00007aa4    00000002     app_pem4f.oem4f (.const:ti_sysbios_knl_Swi_Module__id__C)
                  00007aa6    00000002     app_pem4f.oem4f (.const:ti_sysbios_knl_Swi_Module__loggerDefined__C)
                  00007aa8    00000002     app_pem4f.oem4f (.const:ti_sysbios_knl_Task_Module__id__C)
                  00007aaa    00000002     app_pem4f.oem4f (.const:ti_sysbios_knl_Task_Module__loggerDefined__C)
                  00007aac    00000002     app_pem4f.oem4f (.const:xdc_runtime_Core_Module__id__C)
                  00007aae    00000002     app_pem4f.oem4f (.const:xdc_runtime_Error_Module__loggerDefined__C)
                  00007ab0    00000002     app_pem4f.oem4f (.const:xdc_runtime_Error_maxDepth__C)
                  00007ab2    00000002     app_pem4f.oem4f (.const:xdc_runtime_LoggerBuf_Module__id__C)
                  00007ab4    00000002     app_pem4f.oem4f (.const:xdc_runtime_LoggerBuf_filterByLevel__C)
                  00007ab6    00000002     app_pem4f.oem4f (.const:xdc_runtime_Memory_Module__id__C)
                  00007ab8    00000002     app_pem4f.oem4f (.const:xdc_runtime_SysMin_flushAtExit__C)
                  00007aba    00000002     app_pem4f.oem4f (.const:xdc_runtime_Text_charCnt__C)
                  00007abc    00000002     app_pem4f.oem4f (.const:xdc_runtime_Text_isLoaded__C)
                  00007abe    00000002     app_pem4f.oem4f (.const:xdc_runtime_Text_registryModsLastId__C)
                  00007ac0    00000002     app_pem4f.oem4f (.const:xdc_runtime_Text_unnamedModsLastId__C)
                  00007ac2    00000001     app_pem4f.oem4f (.const:xdc_runtime_Error_policy__C)

.bss:.common 
*          0    00007ac8    00001768     UNINITIALIZED
                  00007ac8    00001000     (.common:ti_sysbios_heaps_HeapMem_Instance_State_0_buf__A)
                  00008ac8    00000360     (.common:ti_sysbios_family_arm_m3_Hwi_dispatchTable)
                  00008e28    00000200     (.common:xdc_runtime_LoggerBuf_Instance_State_0_entryArr__A)
                  00009028    00000200     (.common:xdc_runtime_SysMin_Module_State_0_outbuf__A)
                  00009228    00000008     (.common:parmbuf)

.bss       0    00009230    00000920     UNINITIALIZED
                  00009230    00000800     app_pem4f.oem4f (.bss:taskStackSection)
                  00009a30    00000120     rtsv7M4_T_le_v4SPD16_eabi.lib : trgmsg.c.obj (.bss:_CIOBUF_)

.data      0    00009b50    000004aa     UNINITIALIZED
                  00009b50    00000080     app_pem4f.oem4f (.data:ti_sysbios_family_arm_lm4_Timer_Object__table__V)
                  00009bd0    00000080     app_pem4f.oem4f (.data:ti_sysbios_knl_Swi_Module_State_0_readyQ__A)
                  00009c50    00000080     app_pem4f.oem4f (.data:ti_sysbios_knl_Task_Module_State_0_readyQ__A)
                  00009cd0    0000005c     app_pem4f.oem4f (.data:ti_sysbios_knl_Task_Object__table__V)
                  00009d2c    00000048     app_pem4f.oem4f (.data:ti_sysbios_knl_Task_Module__state__V)
                  00009d74    00000038     app_pem4f.oem4f (.data:ti_sysbios_gates_GateMutex_Object__table__V)
                  00009dac    00000034     app_pem4f.oem4f (.data:ti_sysbios_family_arm_m3_Hwi_Module__state__V)
                  00009de0    00000030     app_pem4f.oem4f (.data:ti_sysbios_family_arm_lm4_Timer_Module_State_0_device__A)
                  00009e10    00000030     app_pem4f.oem4f (.data:ti_sysbios_family_arm_m3_Hwi_Object__table__V)
                  00009e40    00000030     app_pem4f.oem4f (.data:ti_sysbios_knl_Swi_Object__table__V)
                  00009e70    0000002c     app_pem4f.oem4f (.data:ti_sysbios_knl_Clock_Module__state__V)
                  00009e9c    00000024     app_pem4f.oem4f (.data:ti_sysbios_BIOS_Module__state__V)
                  00009ec0    00000024     app_pem4f.oem4f (.data:xdc_runtime_LoggerBuf_Object__table__V)
                  00009ee4    00000020     app_pem4f.oem4f (.data:xdc_runtime_Error_IgnoreBlock)
                  00009f04    0000001c     app_pem4f.oem4f (.data:ti_sysbios_knl_Swi_Module__state__V)
                  00009f20    00000018     app_pem4f.oem4f (.data:ti_sysbios_family_arm_lm4_Timer_Module_State_0_handles__A)
                  00009f38    00000018     app_pem4f.oem4f (.data:ti_sysbios_heaps_HeapMem_Object__table__V)
                  00009f50    00000010     app_pem4f.oem4f (.data:xdc_runtime_System_Module_State_0_atexitHandlers__A)
                  00009f60    0000000c     app_pem4f.oem4f (.data:ti_sysbios_family_arm_lm4_Timer_Module__state__V)
                  00009f6c    0000000c     app_pem4f.oem4f (.data:xdc_runtime_SysMin_Module__state__V)
                  00009f78    00000008     rtsv7M4_T_le_v4SPD16_eabi.lib : _lock.c.obj (.data:$O1$$)
                  00009f80    00000008     app_pem4f.oem4f (.data:ti_sysbios_family_arm_lm4_TimestampProvider_Module__state__V)
                  00009f88    00000008     app_pem4f.oem4f (.data:ti_sysbios_gates_GateHwi_Module__root__V)
                  00009f90    00000008     app_pem4f.oem4f (.data:ti_sysbios_gates_GateMutex_Module__root__V)
                  00009f98    00000008     app_pem4f.oem4f (.data:ti_sysbios_heaps_HeapMem_Module__root__V)
                  00009fa0    00000008     app_pem4f.oem4f (.data:ti_sysbios_knl_Queue_Module__root__V)
                  00009fa8    00000008     app_pem4f.oem4f (.data:ti_sysbios_knl_Semaphore_Module__root__V)
                  00009fb0    00000008     app_pem4f.oem4f (.data:ti_sysbios_knl_Task_Module__root__V)
                  00009fb8    00000008     app_pem4f.oem4f (.data:xdc_runtime_LoggerBuf_Module__root__V)
                  00009fc0    00000008     app_pem4f.oem4f (.data:xdc_runtime_Registry_Module__state__V)
                  00009fc8    00000008     app_pem4f.oem4f (.data:xdc_runtime_Startup_Module__state__V)
                  00009fd0    00000008     app_pem4f.oem4f (.data:xdc_runtime_System_Module__state__V)
                  00009fd8    00000006     app_pem4f.oem4f (.data:xdc_runtime_LoggerBuf_Module__state__V)
                  00009fde    00000002     app_pem4f.oem4f (.data:ti_sysbios_family_arm_m3_Hwi_Module_State_0_excActive__A)
                  00009fe0    00000004     rtsv7M4_T_le_v4SPD16_eabi.lib : stkdepth_vars.c.obj (.data)
                  00009fe4    00000004     app_pem4f.oem4f (.data:ti_sysbios_family_arm_m3_Hwi_Module_State_0_excContext__A)
                  00009fe8    00000004     app_pem4f.oem4f (.data:ti_sysbios_family_arm_m3_Hwi_Module_State_0_excStack__A)
                  00009fec    00000004     app_pem4f.oem4f (.data:ti_sysbios_gates_GateHwi_Object__table__V)
                  00009ff0    00000004     app_pem4f.oem4f (.data:ti_sysbios_knl_Task_Module_State_0_idleTask__A)
                  00009ff4    00000004     app_pem4f.oem4f (.data:xdc_runtime_Memory_Module__state__V)
                  00009ff8    00000002     app_pem4f.oem4f (.data:xdc_runtime_Error_Module__state__V)

.stack     0    0000a000    00000400     UNINITIALIZED
                  0000a000    00000400     --HOLE--

.cinit     0    0000a400    00000140     
                  0000a400    0000010b     (.cinit..data.load) [load image, compression = lzss]
                  0000a50b    00000001     --HOLE-- [fill = 0]
                  0000a50c    0000000c     (__TI_handler_table)
                  0000a518    00000008     (.cinit..bss.load) [load image, compression = zero_init]
                  0000a520    00000008     (.cinit..bss:.common.load) [load image, compression = zero_init]
                  0000a528    00000018     (__TI_cinit_table)

MODULE SUMMARY

       Module                       code    ro data   rw data
       ------                       ----    -------   -------
    ./
       main.obj                     180     0         0      
       stub.obj                     104     0         0      
    +--+----------------------------+-------+---------+---------+
       Total:                       284     0         0      
                                                             
    /home/satish/workspace_v8/projectx_alpha/Debug/configPkg/package/cfg/
       app_pem4f.oem4f              1692    8315      10078  
    +--+----------------------------+-------+---------+---------+
       Total:                       1692    8315      10078  
                                                             
    /home/satish/ti/bios_6_70_01_03/packages/ti/catalog/arm/cortexm4/tiva/ce/lib/Boot.aem4f
       Boot_sysctl.oem4f            262     0         0      
       Boot.oem4f                   152     0         0      
    +--+----------------------------+-------+---------+---------+
       Total:                       414     0         0      
                                                             
    /home/satish/ti/bios_6_70_01_03/packages/ti/targets/arm/rtsarm/lib/auto_init.aem4f
       auto_init.oem4f              160     0         0      
    +--+----------------------------+-------+---------+---------+
       Total:                       160     0         0      
                                                             
    /home/satish/ti/bios_6_70_01_03/packages/ti/targets/arm/rtsarm/lib/boot.aem4f
       boot.oem4f                   88      0         0      
    +--+----------------------------+-------+---------+---------+
       Total:                       88      0         0      
                                                             
    /home/satish/ti/bios_6_70_01_03/packages/ti/targets/arm/rtsarm/lib/ti.targets.arm.rtsarm.aem4f
       System.oem4f                 1263    0         0      
       LoggerBuf.oem4f              1084    0         0      
       Text.oem4f                   664     0         0      
       Error.oem4f                  568     0         0      
       Startup.oem4f                340     0         0      
       Core-mem.oem4f               334     0         0      
       SysMin.oem4f                 248     0         0      
       Core-smem.oem4f              204     0         0      
       Memory.oem4f                 176     0         0      
       Assert.oem4f                 84      0         0      
       Core-params.oem4f            70      0         0      
       Core-label.oem4f             52      0         0      
       Registry.oem4f               32      0         0      
       Gate.oem4f                   28      0         0      
    +--+----------------------------+-------+---------+---------+
       Total:                       5147    0         0      
                                                             
    /home/satish/ti/ccsv8/tools/compiler/ti-cgt-arm_18.1.1.LTS/lib/rtsv7M4_T_le_v4SPD16_eabi.lib
       trgmsg.c.obj                 108     0         288    
       memcpy_t2.asm.obj            156     0         0      
       memset_t2.asm.obj            122     0         0      
       copy_decompress_lzss.c.obj   104     0         0      
       hostwrite.c.obj              88      0         0      
       cpy_tbl.c.obj                76      0         0      
       u_divt2.asm.obj              64      0         0      
       _lock.c.obj                  26      0         8      
       args_main.c.obj              24      0         0      
       strlen.c.obj                 20      0         0      
       copy_decompress_none.c.obj   14      0         0      
       copy_zero_init.c.obj         12      0         0      
       hostopen.c.obj               0       0         8      
       exit.c.obj                   4       0         0      
       stkdepth_vars.c.obj          0       0         4      
       div0.asm.obj                 2       0         0      
    +--+----------------------------+-------+---------+---------+
       Total:                       820     0         308    
                                                             
    /home/satish/workspace_v8/projectx_alpha/src/sysbios/sysbios.aem4f
       BIOS.obj                     13842   0         0      
       m3_Hwi_asm.obj               314     0         0      
       m3_Hwi_asm_switch.obj        118     0         0      
       m3_TaskSupport_asm.obj       40      0         0      
    +--+----------------------------+-------+---------+---------+
       Total:                       14314   0         0      
                                                             
       Stack:                       0       0         1024   
       Linker Generated:            0       319       0      
    +--+----------------------------+-------+---------+---------+
       Grand Total:                 22919   8634      11410  


LINKER GENERATED COPY TABLES

__TI_cinit_table @ 0000a528 records: 3, size/record: 8, table size: 24
	.data: load addr=0000a400, load size=0000010b bytes, run addr=00009b50, run size=000004aa bytes, compression=lzss
	.bss: load addr=0000a518, load size=00000008 bytes, run addr=00009230, run size=00000920 bytes, compression=zero_init
	.bss:.common: load addr=0000a520, load size=00000008 bytes, run addr=00007ac8, run size=00001768 bytes, compression=zero_init


LINKER GENERATED HANDLER TABLE

__TI_handler_table @ 0000a50c records: 3, size/record: 4, table size: 12
	index: 0, handler: __TI_zero_init
	index: 1, handler: __TI_decompress_lzss
	index: 2, handler: __TI_decompress_none


GLOBAL SYMBOLS: SORTED ALPHABETICALLY BY Name 

address   name                                                              
-------   ----                                                              
000007c5  C$$EXIT                                                           
00004b97  C$$IO$$                                                           
00004269  HOSTwrite                                                         
UNDEFED   SHT$$INIT_ARRAY$$Base                                             
UNDEFED   SHT$$INIT_ARRAY$$Limit                                            
00000000  __ASM__                                                           
00009a30  __CIOBUF_                                                         
0000005d  __ISA__                                                           
00000070  __PLAT__                                                          
0000a400  __STACK_END                                                       
00000400  __STACK_SIZE                                                      
00000091  __TARG__                                                          
0000a528  __TI_CINIT_Base                                                   
0000a540  __TI_CINIT_Limit                                                  
0000a50c  __TI_Handler_Table_Base                                           
0000a518  __TI_Handler_Table_Limit                                          
00003501  __TI_auto_init                                                    
00003ee1  __TI_decompress_lzss                                              
000058f9  __TI_decompress_none                                              
ffffffff  __TI_pprof_out_hndl                                               
ffffffff  __TI_prof_data_size                                               
ffffffff  __TI_prof_data_start                                              
00004c81  __TI_readmsg                                                      
00000000  __TI_static_base__                                                
00004b69  __TI_writemsg                                                     
0000594d  __TI_zero_init                                                    
000000b7  __TRDR__                                                          
000033af  __aeabi_idiv0                                                     
000033af  __aeabi_ldiv0                                                     
00003c35  __aeabi_memclr                                                    
00003c35  __aeabi_memclr4                                                   
00003c35  __aeabi_memclr8                                                   
000035a1  __aeabi_memcpy                                                    
000035a1  __aeabi_memcpy4                                                   
000035a1  __aeabi_memcpy8                                                   
00003c37  __aeabi_memset                                                    
00003c37  __aeabi_memset4                                                   
00003c37  __aeabi_memset8                                                   
000049ed  __aeabi_uidiv                                                     
000049ed  __aeabi_uidivmod                                                  
ffffffff  __binit__                                                         
ffffffff  __c_args__                                                        
0000a000  __stack                                                           
00005631  _args_main                                                        
000042c1  _c_int00                                                          
00009f78  _lock                                                             
000033ad  _nop                                                              
00005935  _register_lock                                                    
00005941  _register_unlock                                                  
00009f7c  _unlock                                                           
000007c5  abort                                                             
ffffffff  binit                                                             
00004561  copy_in                                                           
00003f49  main                                                              
00009fe0  main_func_sp                                                      
000035a1  memcpy                                                            
00003c3d  memset                                                            
00009228  parmbuf                                                           
0000571f  strlen                                                            
00005a09  stubtest                                                          
00004809  taskFxn                                                           
00003fb1  test_variables                                                    
00007838  ti_catalog_arm_cortexm4_tiva_ce_Boot_A_mustUseEnhancedClockMode__C
0000783c  ti_catalog_arm_cortexm4_tiva_ce_Boot_Module__diagsEnabled__C      
00007840  ti_catalog_arm_cortexm4_tiva_ce_Boot_Module__diagsIncluded__C     
00007844  ti_catalog_arm_cortexm4_tiva_ce_Boot_Module__diagsMask__C         
000074ea  ti_catalog_arm_cortexm4_tiva_ce_Boot_Module__id__C                
00005929  ti_catalog_arm_cortexm4_tiva_ce_Boot_init__I                      
00002675  ti_catalog_arm_cortexm4_tiva_ce_Boot_sysCtlClockSetI__I           
000038b5  ti_catalog_arm_cortexm4_tiva_ce_Boot_sysCtlClockSet__E            
00003e03  ti_catalog_arm_cortexm4_tiva_ce_Boot_sysCtlDelayI__I              
00009e9c  ti_sysbios_BIOS_Module__state__V                                  
0000555d  ti_sysbios_BIOS_RtsGateProxy_Handle__label__S                     
00000ac5  ti_sysbios_BIOS_RtsGateProxy_enter__E                             
00000d05  ti_sysbios_BIOS_RtsGateProxy_leave__E                             
00005a69  ti_sysbios_BIOS_RtsGateProxy_query__E                             
00004dfd  ti_sysbios_BIOS_atExitFunc__I                                     
0000515d  ti_sysbios_BIOS_errorRaiseHook__I                                 
00005709  ti_sysbios_BIOS_exitFunc__I                                       
000057f9  ti_sysbios_BIOS_exit__E                                           
00005a79  ti_sysbios_BIOS_linkedWithIncorrectBootLibrary__E                 
0000363d  ti_sysbios_BIOS_nullFunc__I                                       
00005181  ti_sysbios_BIOS_registerRTSLock__I                                
000051a5  ti_sysbios_BIOS_removeRTSLock__I                                  
000052a5  ti_sysbios_BIOS_rtsLock__I                                        
00005649  ti_sysbios_BIOS_rtsUnlock__I                                      
00005809  ti_sysbios_BIOS_setThreadType__E                                  
00004e2d  ti_sysbios_BIOS_startFunc__I                                      
00005819  ti_sysbios_BIOS_start__E                                          
00009de0  ti_sysbios_family_arm_lm4_Timer_Module_State_0_device__A          
00009f20  ti_sysbios_family_arm_lm4_Timer_Module_State_0_handles__A         
00005661  ti_sysbios_family_arm_lm4_Timer_Module__startupDone__F            
00005661  ti_sysbios_family_arm_lm4_Timer_Module__startupDone__S            
00009f60  ti_sysbios_family_arm_lm4_Timer_Module__state__V                  
00004081  ti_sysbios_family_arm_lm4_Timer_Module_startup__E                 
00009b50  ti_sysbios_family_arm_lm4_Timer_Object__table__V                  
00007848  ti_sysbios_family_arm_lm4_Timer_enableFunc__C                     
000033b1  ti_sysbios_family_arm_lm4_Timer_enableTimers__I                   
00003251  ti_sysbios_family_arm_lm4_Timer_enableTiva__I                     
00005959  ti_sysbios_family_arm_lm4_Timer_getMaxTicks__E                    
00005a59  ti_sysbios_family_arm_lm4_Timer_getPeriod__E                      
00004851  ti_sysbios_family_arm_lm4_Timer_isrStub__E                        
00005a11  ti_sysbios_family_arm_lm4_Timer_masterDisable__I                  
00000f3d  ti_sysbios_family_arm_lm4_Timer_masterEnable__I                   
0000784c  ti_sysbios_family_arm_lm4_Timer_numTimerDevices__C                
00002569  ti_sysbios_family_arm_lm4_Timer_start__E                          
00007850  ti_sysbios_family_arm_lm4_Timer_startupNeeded__C                  
00004a31  ti_sysbios_family_arm_lm4_Timer_startup__E                        
00004e61  ti_sysbios_family_arm_lm4_Timer_stop__E                           
00005261  ti_sysbios_family_arm_lm4_Timer_write__I                          
00009f80  ti_sysbios_family_arm_lm4_TimestampProvider_Module__state__V      
00005a29  ti_sysbios_family_arm_lm4_TimestampProvider_Module_startup__E     
000018a1  ti_sysbios_family_arm_lm4_TimestampProvider_get64__E              
00005829  ti_sysbios_family_arm_lm4_TimestampProvider_rolloverFunc__E       
00005969  ti_sysbios_family_arm_lm4_TimestampProvider_startTimer__E         
00007a90  ti_sysbios_family_arm_lm4_TimestampProvider_useClockTimer__C      
00007854  ti_sysbios_family_arm_m3_Hwi_E_NMI__C                             
00007858  ti_sysbios_family_arm_m3_Hwi_E_busFault__C                        
0000785c  ti_sysbios_family_arm_m3_Hwi_E_debugMon__C                        
00007860  ti_sysbios_family_arm_m3_Hwi_E_hardFault__C                       
00007864  ti_sysbios_family_arm_m3_Hwi_E_memFault__C                        
00007868  ti_sysbios_family_arm_m3_Hwi_E_noIsr__C                           
0000786c  ti_sysbios_family_arm_m3_Hwi_E_reserved__C                        
00007870  ti_sysbios_family_arm_m3_Hwi_E_svCall__C                          
00007874  ti_sysbios_family_arm_m3_Hwi_E_usageFault__C                      
00005529  ti_sysbios_family_arm_m3_Hwi_Handle__label__S                     
00007878  ti_sysbios_family_arm_m3_Hwi_LD_end__C                            
[...]
00007680  ti_sysbios_knl_Semaphore_Object__PARAMS__C                        
000076a4  xdc_runtime_LoggerBuf_Object__PARAMS__C                           
000076c8  ti_sysbios_gates_GateHwi_Object__DESC__C                          
000076e8  ti_sysbios_gates_GateMutex_Object__DESC__C                        
00007708  ti_sysbios_heaps_HeapMem_Object__DESC__C                          
00007728  ti_sysbios_knl_Queue_Object__DESC__C                              
00007748  ti_sysbios_knl_Semaphore_Object__DESC__C                          
00007768  ti_sysbios_knl_Task_Object__DESC__C                               
00007788  xdc_runtime_LoggerBuf_Object__DESC__C                             
000077a8  ti_sysbios_gates_GateHwi_Object__PARAMS__C                        
000077c0  ti_sysbios_gates_GateMutex_Object__PARAMS__C                      
000077d8  ti_sysbios_knl_Queue_Object__PARAMS__C                            
000077f0  xdc_runtime_Startup_firstFxns__A                                  
00007804  xdc_runtime_Startup_sfxnRts__A                                    
00007818  ti_sysbios_family_arm_m3_Hwi_excHookFuncs__A                      
00007820  ti_sysbios_knl_Idle_funcList__C                                   
00007828  xdc_runtime_Startup_firstFxns__C                                  
00007830  xdc_runtime_Startup_lastFxns__C                                   
00007838  ti_catalog_arm_cortexm4_tiva_ce_Boot_A_mustUseEnhancedClockMode__C
0000783c  ti_catalog_arm_cortexm4_tiva_ce_Boot_Module__diagsEnabled__C      
00007840  ti_catalog_arm_cortexm4_tiva_ce_Boot_Module__diagsIncluded__C     
00007844  ti_catalog_arm_cortexm4_tiva_ce_Boot_Module__diagsMask__C         
00007848  ti_sysbios_family_arm_lm4_Timer_enableFunc__C                     
0000784c  ti_sysbios_family_arm_lm4_Timer_numTimerDevices__C                
00007850  ti_sysbios_family_arm_lm4_Timer_startupNeeded__C                  
00007854  ti_sysbios_family_arm_m3_Hwi_E_NMI__C                             
00007858  ti_sysbios_family_arm_m3_Hwi_E_busFault__C                        
0000785c  ti_sysbios_family_arm_m3_Hwi_E_debugMon__C                        
00007860  ti_sysbios_family_arm_m3_Hwi_E_hardFault__C                       
00007864  ti_sysbios_family_arm_m3_Hwi_E_memFault__C                        
00007868  ti_sysbios_family_arm_m3_Hwi_E_noIsr__C                           
0000786c  ti_sysbios_family_arm_m3_Hwi_E_reserved__C                        
00007870  ti_sysbios_family_arm_m3_Hwi_E_svCall__C                          
00007874  ti_sysbios_family_arm_m3_Hwi_E_usageFault__C                      
00007878  ti_sysbios_family_arm_m3_Hwi_LD_end__C                            
0000787c  ti_sysbios_family_arm_m3_Hwi_LM_begin__C                          
00007880  ti_sysbios_family_arm_m3_Hwi_Module__diagsEnabled__C              
00007884  ti_sysbios_family_arm_m3_Hwi_Module__diagsIncluded__C             
00007888  ti_sysbios_family_arm_m3_Hwi_Module__diagsMask__C                 
0000788c  ti_sysbios_family_arm_m3_Hwi_Module__loggerFxn1__C                
00007890  ti_sysbios_family_arm_m3_Hwi_Module__loggerFxn8__C                
00007894  ti_sysbios_family_arm_m3_Hwi_Module__loggerObj__C                 
00007898  ti_sysbios_family_arm_m3_Hwi_NUM_INTERRUPTS__C                    
0000789c  ti_sysbios_family_arm_m3_Hwi_Object__count__C                     
000078a0  ti_sysbios_family_arm_m3_Hwi_ccr__C                               
000078a4  ti_sysbios_family_arm_m3_Hwi_excHandlerFunc__C                    
000078a8  ti_sysbios_family_arm_m3_Hwi_excHookFuncs__C                      
000078ac  ti_sysbios_family_arm_m3_Hwi_nullIsrFunc__C                       
000078b0  ti_sysbios_family_arm_m3_Hwi_priGroup__C                          
000078b4  ti_sysbios_family_arm_m3_TaskSupport_stackAlignment__C            
000078b8  ti_sysbios_gates_GateMutex_A_badContext__C                        
000078bc  ti_sysbios_gates_GateMutex_Instance_State_sem__O                  
000078c0  ti_sysbios_gates_GateMutex_Module__diagsEnabled__C                
000078c4  ti_sysbios_gates_GateMutex_Module__diagsIncluded__C               
000078c8  ti_sysbios_gates_GateMutex_Module__diagsMask__C                   
000078cc  ti_sysbios_hal_Hwi_E_stackOverflow__C                             
000078d0  ti_sysbios_heaps_HeapMem_A_align__C                               
000078d4  ti_sysbios_heaps_HeapMem_A_heapSize__C                            
000078d8  ti_sysbios_heaps_HeapMem_A_invalidFree__C                         
000078dc  ti_sysbios_heaps_HeapMem_A_zeroBlock__C                           
000078e0  ti_sysbios_heaps_HeapMem_E_memory__C                              
000078e4  ti_sysbios_heaps_HeapMem_Module__diagsEnabled__C                  
000078e8  ti_sysbios_heaps_HeapMem_Module__diagsIncluded__C                 
000078ec  ti_sysbios_heaps_HeapMem_Module__diagsMask__C                     
000078f0  ti_sysbios_heaps_HeapMem_Module__gateObj__C                       
000078f4  ti_sysbios_heaps_HeapMem_Object__count__C                         
000078f8  ti_sysbios_heaps_HeapMem_reqAlign__C                              
000078fc  ti_sysbios_knl_Clock_LM_begin__C                                  
00007900  ti_sysbios_knl_Clock_LM_tick__C                                   
00007904  ti_sysbios_knl_Clock_LW_delayed__C                                
00007908  ti_sysbios_knl_Clock_Module_State_clockQ__O                       
0000790c  ti_sysbios_knl_Clock_Module__diagsEnabled__C                      
00007910  ti_sysbios_knl_Clock_Module__diagsIncluded__C                     
00007914  ti_sysbios_knl_Clock_Module__diagsMask__C                         
00007918  ti_sysbios_knl_Clock_Module__loggerFxn1__C                        
0000791c  ti_sysbios_knl_Clock_Module__loggerFxn2__C                        
00007920  ti_sysbios_knl_Clock_Module__loggerObj__C                         
00007924  ti_sysbios_knl_Idle_funcList__A                                   
00007928  ti_sysbios_knl_Semaphore_A_badContext__C                          
0000792c  ti_sysbios_knl_Semaphore_A_noEvents__C                            
00007930  ti_sysbios_knl_Semaphore_A_overflow__C                            
00007934  ti_sysbios_knl_Semaphore_A_pendTaskDisabled__C                    
00007938  ti_sysbios_knl_Semaphore_Instance_State_pendQ__O                  
0000793c  ti_sysbios_knl_Semaphore_LM_pend__C                               
00007940  ti_sysbios_knl_Semaphore_LM_post__C                               
00007944  ti_sysbios_knl_Semaphore_Module__diagsEnabled__C                  
00007948  ti_sysbios_knl_Semaphore_Module__diagsIncluded__C                 
0000794c  ti_sysbios_knl_Semaphore_Module__diagsMask__C                     
00007950  ti_sysbios_knl_Semaphore_Module__loggerFxn2__C                    
00007954  ti_sysbios_knl_Semaphore_Module__loggerFxn4__C                    
00007958  ti_sysbios_knl_Semaphore_Module__loggerObj__C                     
0000795c  ti_sysbios_knl_Swi_LD_end__C                                      
00007960  ti_sysbios_knl_Swi_LM_begin__C                                    
00007964  ti_sysbios_knl_Swi_LM_post__C                                     
00007968  ti_sysbios_knl_Swi_Module__diagsEnabled__C                        
0000796c  ti_sysbios_knl_Swi_Module__diagsIncluded__C                       
00007970  ti_sysbios_knl_Swi_Module__diagsMask__C                           
00007974  ti_sysbios_knl_Swi_Module__loggerFxn1__C                          
00007978  ti_sysbios_knl_Swi_Module__loggerFxn4__C                          
0000797c  ti_sysbios_knl_Swi_Module__loggerObj__C                           
00007980  ti_sysbios_knl_Swi_Object__count__C                               
00007984  ti_sysbios_knl_Task_A_badPriority__C                              
00007988  ti_sysbios_knl_Task_A_badTaskState__C                             
0000798c  ti_sysbios_knl_Task_A_badThreadType__C                            
00007990  ti_sysbios_knl_Task_A_badTimeout__C                               
00007994  ti_sysbios_knl_Task_A_noPendElem__C                               
00007998  ti_sysbios_knl_Task_A_sleepTaskDisabled__C                        
0000799c  ti_sysbios_knl_Task_E_spOutOfBounds__C                            
000079a0  ti_sysbios_knl_Task_E_stackOverflow__C                            
000079a4  ti_sysbios_knl_Task_LD_block__C                                   
000079a8  ti_sysbios_knl_Task_LD_exit__C                                    
000079ac  ti_sysbios_knl_Task_LD_ready__C                                   
000079b0  ti_sysbios_knl_Task_LM_sleep__C                                   
000079b4  ti_sysbios_knl_Task_LM_switch__C                                  
000079b8  ti_sysbios_knl_Task_Module_State_inactiveQ__O                     
000079bc  ti_sysbios_knl_Task_Module__diagsEnabled__C                       
000079c0  ti_sysbios_knl_Task_Module__diagsIncluded__C                      
000079c4  ti_sysbios_knl_Task_Module__diagsMask__C                          
000079c8  ti_sysbios_knl_Task_Module__loggerFxn2__C                         
000079cc  ti_sysbios_knl_Task_Module__loggerFxn4__C                         
000079d0  ti_sysbios_knl_Task_Module__loggerObj__C                          
000079d4  ti_sysbios_knl_Task_Object__count__C                              
000079d8  ti_sysbios_knl_Task_allBlockedFunc__C                             
000079dc  ti_sysbios_knl_Task_defaultStackHeap__C                           
000079e0  ti_sysbios_knl_Task_defaultStackSize__C                           
000079e4  ti_sysbios_knl_Task_numConstructedTasks__C                        
000079e8  xdc_runtime_Assert_E_assertFailed__C                              
000079ec  xdc_runtime_Core_A_initializedParams__C                           
000079f0  xdc_runtime_Core_Module__diagsEnabled__C                          
000079f4  xdc_runtime_Core_Module__diagsIncluded__C                         
000079f8  xdc_runtime_Core_Module__diagsMask__C                             
000079fc  xdc_runtime_Error_E_memory__C                                     
00007a00  xdc_runtime_Error_Module__diagsEnabled__C                         
00007a04  xdc_runtime_Error_Module__diagsIncluded__C                        
00007a08  xdc_runtime_Error_Module__diagsMask__C                            
00007a0c  xdc_runtime_Error_Module__loggerFxn8__C                           
00007a10  xdc_runtime_Error_Module__loggerObj__C                            
00007a14  xdc_runtime_Error_policyFxn__C                                    
00007a18  xdc_runtime_Error_raiseHook__C                                    
00007a1c  xdc_runtime_IFilterLogger_Interface__BASE__C                      
00007a20  xdc_runtime_IGateProvider_Interface__BASE__C                      
00007a24  xdc_runtime_IHeap_Interface__BASE__C                              
00007a28  xdc_runtime_ILogger_Interface__BASE__C                            
00007a2c  xdc_runtime_IModule_Interface__BASE__C                            
00007a30  xdc_runtime_Log_L_error__C                                        
00007a34  xdc_runtime_LoggerBuf_E_badLevel__C                               
00007a38  xdc_runtime_LoggerBuf_Module__gateObj__C                          
00007a3c  xdc_runtime_LoggerBuf_Object__count__C                            
00007a40  xdc_runtime_LoggerBuf_statusLogger__C                             
00007a44  xdc_runtime_Memory_defaultHeapInstance__C                         
00007a48  xdc_runtime_Startup_execImpl__C                                   
00007a4c  xdc_runtime_Startup_lastFxns__A                                   
00007a50  xdc_runtime_Startup_maxPasses__C                                  
00007a54  xdc_runtime_Startup_sfxnRts__C                                    
00007a58  xdc_runtime_Startup_sfxnTab__C                                    
00007a5c  xdc_runtime_SysMin_bufSize__C                                     
00007a60  xdc_runtime_SysMin_outputFunc__C                                  
00007a64  xdc_runtime_System_Module__gateObj__C                             
00007a68  xdc_runtime_System_abortFxn__C                                    
00007a6c  xdc_runtime_System_exitFxn__C                                     
00007a70  xdc_runtime_System_extendFxn__C                                   
00007a74  xdc_runtime_System_maxAtexitHandlers__C                           
00007a78  xdc_runtime_Text_charTab__C                                       
00007a7c  xdc_runtime_Text_nameEmpty__C                                     
00007a80  xdc_runtime_Text_nameStatic__C                                    
00007a84  xdc_runtime_Text_nameUnknown__C                                   
00007a88  xdc_runtime_Text_nodeTab__C                                       
00007a8c  xdc_runtime_Text_visitRopeFxn__C                                  
00007a90  ti_sysbios_family_arm_lm4_TimestampProvider_useClockTimer__C      
00007a92  ti_sysbios_family_arm_m3_Hwi_Module__id__C                        
00007a94  ti_sysbios_family_arm_m3_Hwi_Module__loggerDefined__C             
00007a96  ti_sysbios_gates_GateMutex_Module__id__C                          
00007a98  ti_sysbios_hal_Hwi_Module__id__C                                  
00007a9a  ti_sysbios_heaps_HeapMem_Module__id__C                            
00007a9c  ti_sysbios_knl_Clock_Module__id__C                                
00007a9e  ti_sysbios_knl_Clock_Module__loggerDefined__C                     
00007aa0  ti_sysbios_knl_Semaphore_Module__id__C                            
00007aa2  ti_sysbios_knl_Semaphore_Module__loggerDefined__C                 
00007aa4  ti_sysbios_knl_Swi_Module__id__C                                  
00007aa6  ti_sysbios_knl_Swi_Module__loggerDefined__C                       
00007aa8  ti_sysbios_knl_Task_Module__id__C                                 
00007aaa  ti_sysbios_knl_Task_Module__loggerDefined__C                      
00007aac  xdc_runtime_Core_Module__id__C                                    
00007aae  xdc_runtime_Error_Module__loggerDefined__C                        
00007ab0  xdc_runtime_Error_maxDepth__C                                     
00007ab2  xdc_runtime_LoggerBuf_Module__id__C                               
00007ab4  xdc_runtime_LoggerBuf_filterByLevel__C                            
00007ab6  xdc_runtime_Memory_Module__id__C                                  
00007ab8  xdc_runtime_SysMin_flushAtExit__C                                 
00007aba  xdc_runtime_Text_charCnt__C                                       
00007abc  xdc_runtime_Text_isLoaded__C                                      
00007abe  xdc_runtime_Text_registryModsLastId__C                            
00007ac0  xdc_runtime_Text_unnamedModsLastId__C                             
00007ac2  xdc_runtime_Error_policy__C                                       
00007ac8  ti_sysbios_heaps_HeapMem_Instance_State_0_buf__A                  
00008ac8  ti_sysbios_family_arm_m3_Hwi_dispatchTable                        
00008e28  xdc_runtime_LoggerBuf_Instance_State_0_entryArr__A                
00009028  xdc_runtime_SysMin_Module_State_0_outbuf__A                       
00009228  parmbuf                                                           
00009230  ti_sysbios_knl_Task_Instance_State_0_stack__A                     
00009a30  __CIOBUF_                                                         
00009b50  ti_sysbios_family_arm_lm4_Timer_Object__table__V                  
00009bd0  ti_sysbios_knl_Swi_Module_State_0_readyQ__A                       
00009c50  ti_sysbios_knl_Task_Module_State_0_readyQ__A                      
00009cd0  ti_sysbios_knl_Task_Object__table__V                              
00009d2c  ti_sysbios_knl_Task_Module__state__V                              
00009d74  ti_sysbios_gates_GateMutex_Object__table__V                       
00009dac  ti_sysbios_family_arm_m3_Hwi_Module__state__V                     
00009de0  ti_sysbios_family_arm_lm4_Timer_Module_State_0_device__A          
00009e10  ti_sysbios_family_arm_m3_Hwi_Object__table__V                     
00009e40  ti_sysbios_knl_Swi_Object__table__V                               
00009e70  ti_sysbios_knl_Clock_Module__state__V                             
00009e9c  ti_sysbios_BIOS_Module__state__V                                  
00009ec0  xdc_runtime_LoggerBuf_Object__table__V                            
00009ee4  xdc_runtime_Error_IgnoreBlock                                     
00009f04  ti_sysbios_knl_Swi_Module__state__V                               
00009f20  ti_sysbios_family_arm_lm4_Timer_Module_State_0_handles__A         
00009f38  ti_sysbios_heaps_HeapMem_Object__table__V                         
00009f50  xdc_runtime_System_Module_State_0_atexitHandlers__A               
00009f60  ti_sysbios_family_arm_lm4_Timer_Module__state__V                  
00009f6c  xdc_runtime_SysMin_Module__state__V                               
00009f78  _lock                                                             
00009f7c  _unlock                                                           
00009f80  ti_sysbios_family_arm_lm4_TimestampProvider_Module__state__V      
00009f88  ti_sysbios_gates_GateHwi_Module__root__V                          
00009f90  ti_sysbios_gates_GateMutex_Module__root__V                        
00009f98  ti_sysbios_heaps_HeapMem_Module__root__V                          
00009fa0  ti_sysbios_knl_Queue_Module__root__V                              
00009fa8  ti_sysbios_knl_Semaphore_Module__root__V                          
00009fb0  ti_sysbios_knl_Task_Module__root__V                               
00009fb8  xdc_runtime_LoggerBuf_Module__root__V                             
00009fc0  xdc_runtime_Registry_Module__state__V                             
00009fc8  xdc_runtime_Startup_Module__state__V                              
00009fd0  xdc_runtime_System_Module__state__V                               
00009fd8  xdc_runtime_LoggerBuf_Module__state__V                            
00009fde  ti_sysbios_family_arm_m3_Hwi_Module_State_0_excActive__A          
00009fe0  main_func_sp                                                      
00009fe4  ti_sysbios_family_arm_m3_Hwi_Module_State_0_excContext__A         
00009fe8  ti_sysbios_family_arm_m3_Hwi_Module_State_0_excStack__A           
00009fec  ti_sysbios_gates_GateHwi_Object__table__V                         
00009ff0  ti_sysbios_knl_Task_Module_State_0_idleTask__A                    
00009ff4  xdc_runtime_Memory_Module__state__V                               
00009ff8  xdc_runtime_Error_Module__state__V                                
0000a000  __stack                                                           
0000a400  __STACK_END                                                       
0000a50c  __TI_Handler_Table_Base                                           
0000a518  __TI_Handler_Table_Limit                                          
0000a528  __TI_CINIT_Base                                                   
0000a540  __TI_CINIT_Limit                                                  
20000000  ti_sysbios_family_arm_m3_Hwi_ramVectors                           
e000e000  ti_sysbios_family_arm_m3_Hwi_nvic                                 
ffffffff  __TI_pprof_out_hndl                                               
ffffffff  __TI_prof_data_size                                               
ffffffff  __TI_prof_data_start                                              
ffffffff  __binit__                                                         
ffffffff  __c_args__                                                        
ffffffff  binit                                                             
UNDEFED   SHT$$INIT_ARRAY$$Base                                             
UNDEFED   SHT$$INIT_ARRAY$$Limit                                            

[600 symbols]
